Archive member included to satisfy reference by file (symbol)

c:/st/stm32cubeide_1.6.1/stm32cubeide/plugins/com.st.stm32cube.ide.mcu.externaltools.gnu-tools-for-stm32.9-2020-q2-update.win32_1.5.0.202011040924/tools/bin/../lib/gcc/arm-none-eabi/9.3.1/../../../../arm-none-eabi/lib/thumb/v7e-m+fp/hard\libc_nano.a(lib_a-errno.o)
                              Core/Src/syscalls.o (__errno)
c:/st/stm32cubeide_1.6.1/stm32cubeide/plugins/com.st.stm32cube.ide.mcu.externaltools.gnu-tools-for-stm32.9-2020-q2-update.win32_1.5.0.202011040924/tools/bin/../lib/gcc/arm-none-eabi/9.3.1/../../../../arm-none-eabi/lib/thumb/v7e-m+fp/hard\libc_nano.a(lib_a-exit.o)
                              c:/st/stm32cubeide_1.6.1/stm32cubeide/plugins/com.st.stm32cube.ide.mcu.externaltools.gnu-tools-for-stm32.9-2020-q2-update.win32_1.5.0.202011040924/tools/bin/../lib/gcc/arm-none-eabi/9.3.1/../../../../arm-none-eabi/lib/thumb/v7e-m+fp/hard/crt0.o (exit)
c:/st/stm32cubeide_1.6.1/stm32cubeide/plugins/com.st.stm32cube.ide.mcu.externaltools.gnu-tools-for-stm32.9-2020-q2-update.win32_1.5.0.202011040924/tools/bin/../lib/gcc/arm-none-eabi/9.3.1/../../../../arm-none-eabi/lib/thumb/v7e-m+fp/hard\libc_nano.a(lib_a-impure.o)
                              c:/st/stm32cubeide_1.6.1/stm32cubeide/plugins/com.st.stm32cube.ide.mcu.externaltools.gnu-tools-for-stm32.9-2020-q2-update.win32_1.5.0.202011040924/tools/bin/../lib/gcc/arm-none-eabi/9.3.1/../../../../arm-none-eabi/lib/thumb/v7e-m+fp/hard\libc_nano.a(lib_a-exit.o) (_global_impure_ptr)
c:/st/stm32cubeide_1.6.1/stm32cubeide/plugins/com.st.stm32cube.ide.mcu.externaltools.gnu-tools-for-stm32.9-2020-q2-update.win32_1.5.0.202011040924/tools/bin/../lib/gcc/arm-none-eabi/9.3.1/../../../../arm-none-eabi/lib/thumb/v7e-m+fp/hard\libc_nano.a(lib_a-init.o)
                              c:/st/stm32cubeide_1.6.1/stm32cubeide/plugins/com.st.stm32cube.ide.mcu.externaltools.gnu-tools-for-stm32.9-2020-q2-update.win32_1.5.0.202011040924/tools/bin/../lib/gcc/arm-none-eabi/9.3.1/../../../../arm-none-eabi/lib/thumb/v7e-m+fp/hard/crt0.o (__libc_init_array)
c:/st/stm32cubeide_1.6.1/stm32cubeide/plugins/com.st.stm32cube.ide.mcu.externaltools.gnu-tools-for-stm32.9-2020-q2-update.win32_1.5.0.202011040924/tools/bin/../lib/gcc/arm-none-eabi/9.3.1/../../../../arm-none-eabi/lib/thumb/v7e-m+fp/hard\libc_nano.a(lib_a-memcpy-stub.o)
                              Middlewares/ST/BlueNRG-2/hci/bluenrg1_events.o (memcpy)
c:/st/stm32cubeide_1.6.1/stm32cubeide/plugins/com.st.stm32cube.ide.mcu.externaltools.gnu-tools-for-stm32.9-2020-q2-update.win32_1.5.0.202011040924/tools/bin/../lib/gcc/arm-none-eabi/9.3.1/../../../../arm-none-eabi/lib/thumb/v7e-m+fp/hard\libc_nano.a(lib_a-memset.o)
                              c:/st/stm32cubeide_1.6.1/stm32cubeide/plugins/com.st.stm32cube.ide.mcu.externaltools.gnu-tools-for-stm32.9-2020-q2-update.win32_1.5.0.202011040924/tools/bin/../lib/gcc/arm-none-eabi/9.3.1/../../../../arm-none-eabi/lib/thumb/v7e-m+fp/hard/crt0.o (memset)
c:/st/stm32cubeide_1.6.1/stm32cubeide/plugins/com.st.stm32cube.ide.mcu.externaltools.gnu-tools-for-stm32.9-2020-q2-update.win32_1.5.0.202011040924/tools/bin/../lib/gcc/arm-none-eabi/9.3.1/../../../../arm-none-eabi/lib/thumb/v7e-m+fp/hard\libc_nano.a(lib_a-printf.o)
                              Core/Src/main.o (printf)
c:/st/stm32cubeide_1.6.1/stm32cubeide/plugins/com.st.stm32cube.ide.mcu.externaltools.gnu-tools-for-stm32.9-2020-q2-update.win32_1.5.0.202011040924/tools/bin/../lib/gcc/arm-none-eabi/9.3.1/../../../../arm-none-eabi/lib/thumb/v7e-m+fp/hard\libc_nano.a(lib_a-puts.o)
                              Core/Src/main.o (puts)
c:/st/stm32cubeide_1.6.1/stm32cubeide/plugins/com.st.stm32cube.ide.mcu.externaltools.gnu-tools-for-stm32.9-2020-q2-update.win32_1.5.0.202011040924/tools/bin/../lib/gcc/arm-none-eabi/9.3.1/../../../../arm-none-eabi/lib/thumb/v7e-m+fp/hard\libc_nano.a(lib_a-sprintf.o)
                              Middlewares/Third_Party/FreeRTOS/Source/tasks.o (sprintf)
c:/st/stm32cubeide_1.6.1/stm32cubeide/plugins/com.st.stm32cube.ide.mcu.externaltools.gnu-tools-for-stm32.9-2020-q2-update.win32_1.5.0.202011040924/tools/bin/../lib/gcc/arm-none-eabi/9.3.1/../../../../arm-none-eabi/lib/thumb/v7e-m+fp/hard\libc_nano.a(lib_a-stpcpy.o)
                              Middlewares/Third_Party/FreeRTOS/Source/tasks.o (stpcpy)
c:/st/stm32cubeide_1.6.1/stm32cubeide/plugins/com.st.stm32cube.ide.mcu.externaltools.gnu-tools-for-stm32.9-2020-q2-update.win32_1.5.0.202011040924/tools/bin/../lib/gcc/arm-none-eabi/9.3.1/../../../../arm-none-eabi/lib/thumb/v7e-m+fp/hard\libc_nano.a(lib_a-strlen.o)
                              Middlewares/Third_Party/FreeRTOS/Source/tasks.o (strlen)
c:/st/stm32cubeide_1.6.1/stm32cubeide/plugins/com.st.stm32cube.ide.mcu.externaltools.gnu-tools-for-stm32.9-2020-q2-update.win32_1.5.0.202011040924/tools/bin/../lib/gcc/arm-none-eabi/9.3.1/../../../../arm-none-eabi/lib/thumb/v7e-m+fp/hard\libc_nano.a(lib_a-wbuf.o)
[...]
Memory Configuration

Name             Origin             Length             Attributes
RAM              0x0000000020000000 0x0000000000020000 xrw
FLASH            0x0000000008000000 0x0000000000080000 xr
*default*        0x0000000000000000 0xffffffffffffffff

Linker script and memory map

LOAD c:/st/stm32cubeide_1.6.1/stm32cubeide/plugins/com.st.stm32cube.ide.mcu.externaltools.gnu-tools-for-stm32.9-2020-q2-update.win32_1.5.0.202011040924/tools/bin/../lib/gcc/arm-none-eabi/9.3.1/thumb/v7e-m+fp/hard/crti.o
LOAD c:/st/stm32cubeide_1.6.1/stm32cubeide/plugins/com.st.stm32cube.ide.mcu.externaltools.gnu-tools-for-stm32.9-2020-q2-update.win32_1.5.0.202011040924/tools/bin/../lib/gcc/arm-none-eabi/9.3.1/thumb/v7e-m+fp/hard/crtbegin.o
LOAD c:/st/stm32cubeide_1.6.1/stm32cubeide/plugins/com.st.stm32cube.ide.mcu.externaltools.gnu-tools-for-stm32.9-2020-q2-update.win32_1.5.0.202011040924/tools/bin/../lib/gcc/arm-none-eabi/9.3.1/../../../../arm-none-eabi/lib/thumb/v7e-m+fp/hard/crt0.o
LOAD BlueNRG-2/Target/hci_tl_interface.o
LOAD Core/Src/adc.o
LOAD Core/Src/car_app_ble.o
LOAD Core/Src/car_app_freertos.o
LOAD Core/Src/custom_bus.o
LOAD Core/Src/dma.o
LOAD Core/Src/freertos.o
LOAD Core/Src/gpio.o
LOAD Core/Src/i2c.o
LOAD Core/Src/main.o
LOAD Core/Src/stm32f4xx_hal_msp.o
LOAD Core/Src/stm32f4xx_hal_timebase_tim.o
LOAD Core/Src/stm32f4xx_it.o
LOAD Core/Src/syscalls.o
LOAD Core/Src/sysmem.o
LOAD Core/Src/system_stm32f4xx.o
LOAD Core/Src/tim.o
LOAD Core/Startup/startup_stm32f411retx.o
LOAD Drivers/STM32F4xx_HAL_Driver/Src/stm32f4xx_hal.o
LOAD Drivers/STM32F4xx_HAL_Driver/Src/stm32f4xx_hal_adc.o
LOAD Drivers/STM32F4xx_HAL_Driver/Src/stm32f4xx_hal_adc_ex.o
LOAD Drivers/STM32F4xx_HAL_Driver/Src/stm32f4xx_hal_cortex.o
LOAD Drivers/STM32F4xx_HAL_Driver/Src/stm32f4xx_hal_dma.o
LOAD Drivers/STM32F4xx_HAL_Driver/Src/stm32f4xx_hal_dma_ex.o
LOAD Drivers/STM32F4xx_HAL_Driver/Src/stm32f4xx_hal_exti.o
LOAD Drivers/STM32F4xx_HAL_Driver/Src/stm32f4xx_hal_flash.o
LOAD Drivers/STM32F4xx_HAL_Driver/Src/stm32f4xx_hal_flash_ex.o
LOAD Drivers/STM32F4xx_HAL_Driver/Src/stm32f4xx_hal_flash_ramfunc.o
LOAD Drivers/STM32F4xx_HAL_Driver/Src/stm32f4xx_hal_gpio.o
LOAD Drivers/STM32F4xx_HAL_Driver/Src/stm32f4xx_hal_i2c.o
LOAD Drivers/STM32F4xx_HAL_Driver/Src/stm32f4xx_hal_i2c_ex.o
LOAD Drivers/STM32F4xx_HAL_Driver/Src/stm32f4xx_hal_pwr.o
LOAD Drivers/STM32F4xx_HAL_Driver/Src/stm32f4xx_hal_pwr_ex.o
LOAD Drivers/STM32F4xx_HAL_Driver/Src/stm32f4xx_hal_rcc.o
LOAD Drivers/STM32F4xx_HAL_Driver/Src/stm32f4xx_hal_rcc_ex.o
LOAD Drivers/STM32F4xx_HAL_Driver/Src/stm32f4xx_hal_spi.o
LOAD Drivers/STM32F4xx_HAL_Driver/Src/stm32f4xx_hal_tim.o
LOAD Drivers/STM32F4xx_HAL_Driver/Src/stm32f4xx_hal_tim_ex.o
LOAD Drivers/STM32F4xx_HAL_Driver/Src/stm32f4xx_ll_adc.o
LOAD Middlewares/ST/BlueNRG-2/hci/bluenrg1_devConfig.o
LOAD Middlewares/ST/BlueNRG-2/hci/bluenrg1_events.o
LOAD Middlewares/ST/BlueNRG-2/hci/bluenrg1_events_cb.o
LOAD Middlewares/ST/BlueNRG-2/hci/bluenrg1_hci_le.o
LOAD Middlewares/ST/BlueNRG-2/hci/controller/bluenrg1_gap_aci.o
LOAD Middlewares/ST/BlueNRG-2/hci/controller/bluenrg1_gatt_aci.o
LOAD Middlewares/ST/BlueNRG-2/hci/controller/bluenrg1_hal_aci.o
LOAD Middlewares/ST/BlueNRG-2/hci/controller/bluenrg1_l2cap_aci.o
LOAD Middlewares/ST/BlueNRG-2/hci/hci_tl_patterns/Basic/hci_tl.o
LOAD Middlewares/ST/BlueNRG-2/utils/ble_list.o
LOAD Middlewares/Third_Party/FreeRTOS/Source/CMSIS_RTOS_V2/cmsis_os2.o
LOAD Middlewares/Third_Party/FreeRTOS/Source/croutine.o
LOAD Middlewares/Third_Party/FreeRTOS/Source/event_groups.o
LOAD Middlewares/Third_Party/FreeRTOS/Source/list.o
LOAD Middlewares/Third_Party/FreeRTOS/Source/queue.o
LOAD Middlewares/Third_Party/FreeRTOS/Source/stream_buffer.o
LOAD Middlewares/Third_Party/FreeRTOS/Source/tasks.o
LOAD Middlewares/Third_Party/FreeRTOS/Source/timers.o
LOAD Middlewares/Third_Party/FreeRTOS/Source/portable/GCC/ARM_CM4F/port.o
LOAD Middlewares/Third_Party/FreeRTOS/Source/portable/MemMang/heap_4.o
START GROUP
LOAD c:/st/stm32cubeide_1.6.1/stm32cubeide/plugins/com.st.stm32cube.ide.mcu.externaltools.gnu-tools-for-stm32.9-2020-q2-update.win32_1.5.0.202011040924/tools/bin/../lib/gcc/arm-none-eabi/9.3.1/../../../../arm-none-eabi/lib/thumb/v7e-m+fp/hard\libc_nano.a
LOAD c:/st/stm32cubeide_1.6.1/stm32cubeide/plugins/com.st.stm32cube.ide.mcu.externaltools.gnu-tools-for-stm32.9-2020-q2-update.win32_1.5.0.202011040924/tools/bin/../lib/gcc/arm-none-eabi/9.3.1/../../../../arm-none-eabi/lib/thumb/v7e-m+fp/hard\libm.a
END GROUP
START GROUP
LOAD c:/st/stm32cubeide_1.6.1/stm32cubeide/plugins/com.st.stm32cube.ide.mcu.externaltools.gnu-tools-for-stm32.9-2020-q2-update.win32_1.5.0.202011040924/tools/bin/../lib/gcc/arm-none-eabi/9.3.1/thumb/v7e-m+fp/hard\libgcc.a
LOAD c:/st/stm32cubeide_1.6.1/stm32cubeide/plugins/com.st.stm32cube.ide.mcu.externaltools.gnu-tools-for-stm32.9-2020-q2-update.win32_1.5.0.202011040924/tools/bin/../lib/gcc/arm-none-eabi/9.3.1/../../../../arm-none-eabi/lib/thumb/v7e-m+fp/hard\libc_nano.a
END GROUP
START GROUP
LOAD c:/st/stm32cubeide_1.6.1/stm32cubeide/plugins/com.st.stm32cube.ide.mcu.externaltools.gnu-tools-for-stm32.9-2020-q2-update.win32_1.5.0.202011040924/tools/bin/../lib/gcc/arm-none-eabi/9.3.1/thumb/v7e-m+fp/hard\libgcc.a
LOAD c:/st/stm32cubeide_1.6.1/stm32cubeide/plugins/com.st.stm32cube.ide.mcu.externaltools.gnu-tools-for-stm32.9-2020-q2-update.win32_1.5.0.202011040924/tools/bin/../lib/gcc/arm-none-eabi/9.3.1/../../../../arm-none-eabi/lib/thumb/v7e-m+fp/hard\libc_nano.a
LOAD c:/st/stm32cubeide_1.6.1/stm32cubeide/plugins/com.st.stm32cube.ide.mcu.externaltools.gnu-tools-for-stm32.9-2020-q2-update.win32_1.5.0.202011040924/tools/bin/../lib/gcc/arm-none-eabi/9.3.1/../../../../arm-none-eabi/lib/thumb/v7e-m+fp/hard\libnosys.a
END GROUP
START GROUP
LOAD c:/st/stm32cubeide_1.6.1/stm32cubeide/plugins/com.st.stm32cube.ide.mcu.externaltools.gnu-tools-for-stm32.9-2020-q2-update.win32_1.5.0.202011040924/tools/bin/../lib/gcc/arm-none-eabi/9.3.1/thumb/v7e-m+fp/hard\libgcc.a
LOAD c:/st/stm32cubeide_1.6.1/stm32cubeide/plugins/com.st.stm32cube.ide.mcu.externaltools.gnu-tools-for-stm32.9-2020-q2-update.win32_1.5.0.202011040924/tools/bin/../lib/gcc/arm-none-eabi/9.3.1/../../../../arm-none-eabi/lib/thumb/v7e-m+fp/hard\libc_nano.a
LOAD c:/st/stm32cubeide_1.6.1/stm32cubeide/plugins/com.st.stm32cube.ide.mcu.externaltools.gnu-tools-for-stm32.9-2020-q2-update.win32_1.5.0.202011040924/tools/bin/../lib/gcc/arm-none-eabi/9.3.1/../../../../arm-none-eabi/lib/thumb/v7e-m+fp/hard\libnosys.a
END GROUP
LOAD c:/st/stm32cubeide_1.6.1/stm32cubeide/plugins/com.st.stm32cube.ide.mcu.externaltools.gnu-tools-for-stm32.9-2020-q2-update.win32_1.5.0.202011040924/tools/bin/../lib/gcc/arm-none-eabi/9.3.1/thumb/v7e-m+fp/hard/crtend.o
LOAD c:/st/stm32cubeide_1.6.1/stm32cubeide/plugins/com.st.stm32cube.ide.mcu.externaltools.gnu-tools-for-stm32.9-2020-q2-update.win32_1.5.0.202011040924/tools/bin/../lib/gcc/arm-none-eabi/9.3.1/thumb/v7e-m+fp/hard/crtn.o
                0x0000000020020000                _estack = (ORIGIN (RAM) + LENGTH (RAM))
                0x0000000000001900                _Min_Heap_Size = 0x1900
                0x0000000000001f00                _Min_Stack_Size = 0x1f00

.isr_vector     0x0000000008000000      0x198
                0x0000000008000000                . = ALIGN (0x4)
 *(.isr_vector)
 .isr_vector    0x0000000008000000      0x198 Core/Startup/startup_stm32f411retx.o
                0x0000000008000000                g_pfnVectors
                0x0000000008000198                . = ALIGN (0x4)

.text           0x00000000080001a0     0x9574
                0x00000000080001a0                . = ALIGN (0x4)
 *(.text)
 .text          0x00000000080001a0       0x40 c:/st/stm32cubeide_1.6.1/stm32cubeide/plugins/com.st.stm32cube.ide.mcu.externaltools.gnu-tools-for-stm32.9-2020-q2-update.win32_1.5.0.202011040924/tools/bin/../lib/gcc/arm-none-eabi/9.3.1/thumb/v7e-m+fp/hard/crtbegin.o
 .text          0x00000000080001e0       0xa0 c:/st/stm32cubeide_1.6.1/stm32cubeide/plugins/com.st.stm32cube.ide.mcu.externaltools.gnu-tools-for-stm32.9-2020-q2-update.win32_1.5.0.202011040924/tools/bin/../lib/gcc/arm-none-eabi/9.3.1/../../../../arm-none-eabi/lib/thumb/v7e-m+fp/hard\libc_nano.a(lib_a-memchr.o)
                0x00000000080001e0                memchr
 .text          0x0000000008000280       0x30 c:/st/stm32cubeide_1.6.1/stm32cubeide/plugins/com.st.stm32cube.ide.mcu.externaltools.gnu-tools-for-stm32.9-2020-q2-update.win32_1.5.0.202011040924/tools/bin/../lib/gcc/arm-none-eabi/9.3.1/thumb/v7e-m+fp/hard\libgcc.a(_aeabi_uldivmod.o)
                0x0000000008000280                __aeabi_uldivmod
 .text          0x00000000080002b0      0x2c4 c:/st/stm32cubeide_1.6.1/stm32cubeide/plugins/com.st.stm32cube.ide.mcu.externaltools.gnu-tools-for-stm32.9-2020-q2-update.win32_1.5.0.202011040924/tools/bin/../lib/gcc/arm-none-eabi/9.3.1/thumb/v7e-m+fp/hard\libgcc.a(_udivmoddi4.o)
                0x00000000080002b0                __udivmoddi4
 .text          0x0000000008000574        0x4 c:/st/stm32cubeide_1.6.1/stm32cubeide/plugins/com.st.stm32cube.ide.mcu.externaltools.gnu-tools-for-stm32.9-2020-q2-update.win32_1.5.0.202011040924/tools/bin/../lib/gcc/arm-none-eabi/9.3.1/thumb/v7e-m+fp/hard\libgcc.a(_dvmd_tls.o)
                0x0000000008000574                __aeabi_idiv0
                0x0000000008000574                __aeabi_ldiv0
 *(.text*)
 .text.HCI_TL_SPI_Init
                0x0000000008000578       0x7c BlueNRG-2/Target/hci_tl_interface.o
                0x0000000008000578                HCI_TL_SPI_Init
 .text.HCI_TL_SPI_DeInit
                0x00000000080005f4       0x24 BlueNRG-2/Target/hci_tl_interface.o
                0x00000000080005f4                HCI_TL_SPI_DeInit
 .text.HCI_TL_SPI_Reset
                0x0000000008000618       0x3c BlueNRG-2/Target/hci_tl_interface.o
                0x0000000008000618                HCI_TL_SPI_Reset
 .text.HCI_TL_SPI_Receive
                0x0000000008000654       0x88 BlueNRG-2/Target/hci_tl_interface.o
                0x0000000008000654                HCI_TL_SPI_Receive
 .text.HCI_TL_SPI_Send
                0x00000000080006dc       0xd0 BlueNRG-2/Target/hci_tl_interface.o
                0x00000000080006dc                HCI_TL_SPI_Send
 .text.hci_tl_lowlevel_isr
                0x00000000080007ac       0x24 BlueNRG-2/Target/hci_tl_interface.o
                0x00000000080007ac                hci_tl_lowlevel_isr
 .text.hci_tl_lowlevel_init
                0x00000000080007d0       0x6c BlueNRG-2/Target/hci_tl_interface.o
                0x00000000080007d0                hci_tl_lowlevel_init
 .text.MX_ADC1_Init
                0x000000000800083c       0x70 Core/Src/adc.o
                0x000000000800083c                MX_ADC1_Init
 .text.HAL_ADC_MspInit
                0x00000000080008ac       0xa8 Core/Src/adc.o
                0x00000000080008ac                HAL_ADC_MspInit
 .text.APP_UserEvtRx
                0x0000000008000954      0x148 Core/Src/car_app_ble.o
                0x0000000008000954                APP_UserEvtRx
 .text.BlueNRG_Init
                0x0000000008000a9c      0x454 Core/Src/car_app_ble.o
                0x0000000008000a9c                BlueNRG_Init
 .text.BlueNRG_MakeDeviceDiscoverable
                0x0000000008000ef0       0x7c Core/Src/car_app_ble.o
                0x0000000008000ef0                BlueNRG_MakeDeviceDiscoverable
 .text.hci_le_connection_complete_event
                0x0000000008000f6c       0x7c Core/Src/car_app_ble.o
                0x0000000008000f6c                hci_le_connection_complete_event
 .text.hci_disconnection_complete_event
                0x0000000008000fe8       0x68 Core/Src/car_app_ble.o
                0x0000000008000fe8                hci_disconnection_complete_event
 .text.aci_gatt_notification_event
                0x0000000008001050        0x4 Core/Src/car_app_ble.o
                0x0000000008001050                aci_gatt_notification_event
 .text.aci_gatt_attribute_modified_event
                0x0000000008001054       0xb0 Core/Src/car_app_ble.o
                0x0000000008001054                aci_gatt_attribute_modified_event
 .text.Task_ManageBLEEvents
                0x0000000008001104       0x28 Core/Src/car_app_freertos.o
 .text.Task_BlinkLEDIndicator
                0x000000000800112c       0x34 Core/Src/car_app_freertos.o
 .text.Task_ParseBLEMessage
                0x0000000008001160       0x1c Core/Src/car_app_freertos.o
 .text.Task_ManageBLEConnections
                0x000000000800117c       0x48 Core/Src/car_app_freertos.o
 .text.FRTOS_Init_Tasks
                0x00000000080011c4       0xcc Core/Src/car_app_freertos.o
                0x00000000080011c4                FRTOS_Init_Tasks
 .text.BSP_SPI1_SendRecv
                0x0000000008001290       0x2c Core/Src/custom_bus.o
                0x0000000008001290                BSP_SPI1_SendRecv
 .text.BSP_GetTick
                0x00000000080012bc        0x4 Core/Src/custom_bus.o
                0x00000000080012bc                BSP_GetTick
 .text.MX_SPI1_Init
                0x00000000080012c0       0x3c Core/Src/custom_bus.o
                0x00000000080012c0                MX_SPI1_Init
 .text.BSP_SPI1_Init
                0x00000000080012fc       0xd8 Core/Src/custom_bus.o
                0x00000000080012fc                BSP_SPI1_Init
 .text.MX_DMA_Init
                0x00000000080013d4       0x34 Core/Src/dma.o
                0x00000000080013d4                MX_DMA_Init
 .text.configureTimerForRunTimeStats
                0x0000000008001408        0x4 Core/Src/freertos.o
                0x0000000008001408                configureTimerForRunTimeStats
 .text.getRunTimeCounterValue
                0x000000000800140c        0x4 Core/Src/freertos.o
                0x000000000800140c                getRunTimeCounterValue
 .text.vApplicationIdleHook
                0x0000000008001410        0x4 Core/Src/freertos.o
                0x0000000008001410                vApplicationIdleHook
 .text.vApplicationMallocFailedHook
                0x0000000008001414        0x4 Core/Src/freertos.o
                0x0000000008001414                vApplicationMallocFailedHook
 .text.MX_FREERTOS_Init
                0x0000000008001418        0x4 Core/Src/freertos.o
                0x0000000008001418                MX_FREERTOS_Init
 .text.MX_GPIO_Init
                0x000000000800141c      0x168 Core/Src/gpio.o
                0x000000000800141c                MX_GPIO_Init
 .text.MX_I2C1_Init
                0x0000000008001584       0x3c Core/Src/i2c.o
                0x0000000008001584                MX_I2C1_Init
 .text.HAL_I2C_MspInit
                0x00000000080015c0       0x84 Core/Src/i2c.o
                0x00000000080015c0                HAL_I2C_MspInit
 .text._write   0x0000000008001644       0x40 Core/Src/main.o
                0x0000000008001644                _write
 .text.SystemClock_Config
                0x0000000008001684       0xa8 Core/Src/main.o
                0x0000000008001684                SystemClock_Config
 .text.startup.main
                0x000000000800172c       0x5c Core/Src/main.o
                0x000000000800172c                main
 .text.Error_Handler
                0x0000000008001788        0x4 Core/Src/main.o
                0x0000000008001788                Error_Handler
 .text.assert_failed
                0x000000000800178c       0x14 Core/Src/main.o
                0x000000000800178c                assert_failed
 .text.HAL_MspInit
                0x00000000080017a0       0x40 Core/Src/stm32f4xx_hal_msp.o
                0x00000000080017a0                HAL_MspInit
 .text.HAL_InitTick
                0x00000000080017e0       0x7c Core/Src/stm32f4xx_hal_timebase_tim.o
                0x00000000080017e0                HAL_InitTick
 .text.NMI_Handler
                0x000000000800185c        0x4 Core/Src/stm32f4xx_it.o
                0x000000000800185c                NMI_Handler
 .text.HardFault_Handler
                0x0000000008001860       0x18 Core/Src/stm32f4xx_it.o
                0x0000000008001860                HardFault_Handler
 .text.HardFault_Handler_C
                0x0000000008001878      0x18c Core/Src/stm32f4xx_it.o
                0x0000000008001878                HardFault_Handler_C
 .text.MemManage_Handler
                0x0000000008001a04        0x4 Core/Src/stm32f4xx_it.o
                0x0000000008001a04                MemManage_Handler
 .text.BusFault_Handler
                0x0000000008001a08        0x4 Core/Src/stm32f4xx_it.o
                0x0000000008001a08                BusFault_Handler
 .text.UsageFault_Handler
                0x0000000008001a0c        0x4 Core/Src/stm32f4xx_it.o
                0x0000000008001a0c                UsageFault_Handler
 .text.DebugMon_Handler
                0x0000000008001a10        0x4 Core/Src/stm32f4xx_it.o
                0x0000000008001a10                DebugMon_Handler
 .text.EXTI0_IRQHandler
                0x0000000008001a14        0xc Core/Src/stm32f4xx_it.o
                0x0000000008001a14                EXTI0_IRQHandler
 .text.TIM1_BRK_TIM9_IRQHandler
                0x0000000008001a20        0xc Core/Src/stm32f4xx_it.o
                0x0000000008001a20                TIM1_BRK_TIM9_IRQHandler
 .text.TIM2_IRQHandler
                0x0000000008001a2c        0xc Core/Src/stm32f4xx_it.o
                0x0000000008001a2c                TIM2_IRQHandler
 .text.I2C1_EV_IRQHandler
                0x0000000008001a38        0xc Core/Src/stm32f4xx_it.o
                0x0000000008001a38                I2C1_EV_IRQHandler
 .text.EXTI15_10_IRQHandler
                0x0000000008001a44        0x8 Core/Src/stm32f4xx_it.o
                0x0000000008001a44                EXTI15_10_IRQHandler
 .text.TIM5_IRQHandler
                0x0000000008001a4c        0xc Core/Src/stm32f4xx_it.o
                0x0000000008001a4c                TIM5_IRQHandler
 .text.DMA2_Stream0_IRQHandler
                0x0000000008001a58        0xc Core/Src/stm32f4xx_it.o
                0x0000000008001a58                DMA2_Stream0_IRQHandler
 .text.HAL_TIM_PeriodElapsedCallback
                0x0000000008001a64       0x10 Core/Src/stm32f4xx_it.o
                0x0000000008001a64                HAL_TIM_PeriodElapsedCallback
 .text._read    0x0000000008001a74       0x1c Core/Src/syscalls.o
                0x0000000008001a74                _read
 .text._close   0x0000000008001a90        0x8 Core/Src/syscalls.o
                0x0000000008001a90                _close
 .text._fstat   0x0000000008001a98        0xc Core/Src/syscalls.o
                0x0000000008001a98                _fstat
 .text._isatty  0x0000000008001aa4        0x4 Core/Src/syscalls.o
                0x0000000008001aa4                _isatty
 .text._lseek   0x0000000008001aa8        0x4 Core/Src/syscalls.o
                0x0000000008001aa8                _lseek
 .text._sbrk    0x0000000008001aac       0x44 Core/Src/sysmem.o
                0x0000000008001aac                _sbrk
 .text.SystemInit
                0x0000000008001af0       0x14 Core/Src/system_stm32f4xx.o
                0x0000000008001af0                SystemInit
 .text.MX_TIM5_Init
                0x0000000008001b04       0x74 Core/Src/tim.o
                0x0000000008001b04                MX_TIM5_Init
 .text.MX_TIM9_Init
                0x0000000008001b78       0x58 Core/Src/tim.o
                0x0000000008001b78                MX_TIM9_Init
 .text.HAL_TIM_Base_MspInit
                0x0000000008001bd0       0x80 Core/Src/tim.o
                0x0000000008001bd0                HAL_TIM_Base_MspInit
 .text.Reset_Handler
                0x0000000008001c50       0x50 Core/Startup/startup_stm32f411retx.o
                0x0000000008001c50                Reset_Handler
 .text.Default_Handler
                0x0000000008001ca0        0x2 Core/Startup/startup_stm32f411retx.o
                0x0000000008001ca0                RTC_Alarm_IRQHandler
                0x0000000008001ca0                EXTI2_IRQHandler
                0x0000000008001ca0                SPI4_IRQHandler
                0x0000000008001ca0                TIM1_CC_IRQHandler
                0x0000000008001ca0                DMA2_Stream5_IRQHandler
                0x0000000008001ca0                DMA1_Stream5_IRQHandler
                0x0000000008001ca0                PVD_IRQHandler
                0x0000000008001ca0                SDIO_IRQHandler
                0x0000000008001ca0                TAMP_STAMP_IRQHandler
                0x0000000008001ca0                EXTI3_IRQHandler
                0x0000000008001ca0                TIM1_UP_TIM10_IRQHandler
                0x0000000008001ca0                I2C3_ER_IRQHandler
                0x0000000008001ca0                I2C2_EV_IRQHandler
                0x0000000008001ca0                DMA1_Stream2_IRQHandler
                0x0000000008001ca0                FPU_IRQHandler
                0x0000000008001ca0                DMA2_Stream2_IRQHandler
                0x0000000008001ca0                SPI1_IRQHandler
                0x0000000008001ca0                DMA2_Stream3_IRQHandler
                0x0000000008001ca0                USART6_IRQHandler
                0x0000000008001ca0                TIM4_IRQHandler
                0x0000000008001ca0                DMA1_Stream6_IRQHandler
                0x0000000008001ca0                DMA1_Stream1_IRQHandler
                0x0000000008001ca0                TIM3_IRQHandler
                0x0000000008001ca0                RCC_IRQHandler
                0x0000000008001ca0                Default_Handler
                0x0000000008001ca0                ADC_IRQHandler
                0x0000000008001ca0                DMA1_Stream7_IRQHandler
                0x0000000008001ca0                SPI5_IRQHandler
                0x0000000008001ca0                DMA2_Stream7_IRQHandler
                0x0000000008001ca0                I2C3_EV_IRQHandler
                0x0000000008001ca0                EXTI9_5_IRQHandler
                0x0000000008001ca0                RTC_WKUP_IRQHandler
                0x0000000008001ca0                SPI2_IRQHandler
                0x0000000008001ca0                DMA1_Stream0_IRQHandler
                0x0000000008001ca0                EXTI4_IRQHandler
                0x0000000008001ca0                WWDG_IRQHandler
                0x0000000008001ca0                OTG_FS_WKUP_IRQHandler
                0x0000000008001ca0                TIM1_TRG_COM_TIM11_IRQHandler
                0x0000000008001ca0                EXTI1_IRQHandler
                0x0000000008001ca0                USART2_IRQHandler
                0x0000000008001ca0                I2C2_ER_IRQHandler
                0x0000000008001ca0                DMA2_Stream1_IRQHandler
                0x0000000008001ca0                FLASH_IRQHandler
                0x0000000008001ca0                DMA2_Stream4_IRQHandler
                0x0000000008001ca0                USART1_IRQHandler
                0x0000000008001ca0                OTG_FS_IRQHandler
                0x0000000008001ca0                SPI3_IRQHandler
                0x0000000008001ca0                DMA1_Stream4_IRQHandler
                0x0000000008001ca0                I2C1_ER_IRQHandler
                0x0000000008001ca0                DMA2_Stream6_IRQHandler
                0x0000000008001ca0                DMA1_Stream3_IRQHandler
 *fill*         0x0000000008001ca2        0x2 
 .text.HAL_Init
                0x0000000008001ca4       0x34 Drivers/STM32F4xx_HAL_Driver/Src/stm32f4xx_hal.o
                0x0000000008001ca4                HAL_Init
 .text.HAL_IncTick
                0x0000000008001cd8       0x18 Drivers/STM32F4xx_HAL_Driver/Src/stm32f4xx_hal.o
                0x0000000008001cd8                HAL_IncTick
 .text.HAL_GetTick
                0x0000000008001cf0        0xc Drivers/STM32F4xx_HAL_Driver/Src/stm32f4xx_hal.o
                0x0000000008001cf0                HAL_GetTick
 .text.HAL_Delay
                0x0000000008001cfc       0x24 Drivers/STM32F4xx_HAL_Driver/Src/stm32f4xx_hal.o
                0x0000000008001cfc                HAL_Delay
 .text.HAL_ADC_Init
                0x0000000008001d20      0x2b8 Drivers/STM32F4xx_HAL_Driver/Src/stm32f4xx_hal_adc.o
                0x0000000008001d20                HAL_ADC_Init
 .text.HAL_ADC_ConfigChannel
                0x0000000008001fd8      0x1d4 Drivers/STM32F4xx_HAL_Driver/Src/stm32f4xx_hal_adc.o
                0x0000000008001fd8                HAL_ADC_ConfigChannel
 .text.HAL_NVIC_SetPriorityGrouping
                0x00000000080021ac       0x3c Drivers/STM32F4xx_HAL_Driver/Src/stm32f4xx_hal_cortex.o
                0x00000000080021ac                HAL_NVIC_SetPriorityGrouping
 .text.HAL_NVIC_SetPriority
                0x00000000080021e8       0x94 Drivers/STM32F4xx_HAL_Driver/Src/stm32f4xx_hal_cortex.o
                0x00000000080021e8                HAL_NVIC_SetPriority
 .text.HAL_NVIC_EnableIRQ
                0x000000000800227c       0x28 Drivers/STM32F4xx_HAL_Driver/Src/stm32f4xx_hal_cortex.o
                0x000000000800227c                HAL_NVIC_EnableIRQ
 .text.HAL_NVIC_DisableIRQ
                0x00000000080022a4       0x34 Drivers/STM32F4xx_HAL_Driver/Src/stm32f4xx_hal_cortex.o
                0x00000000080022a4                HAL_NVIC_DisableIRQ
 .text.HAL_DMA_Init
                0x00000000080022d8      0x2c8 Drivers/STM32F4xx_HAL_Driver/Src/stm32f4xx_hal_dma.o
                0x00000000080022d8                HAL_DMA_Init
 .text.HAL_DMA_Abort_IT
                0x00000000080025a0       0x24 Drivers/STM32F4xx_HAL_Driver/Src/stm32f4xx_hal_dma.o
                0x00000000080025a0                HAL_DMA_Abort_IT
 .text.HAL_DMA_IRQHandler
                0x00000000080025c4      0x1e0 Drivers/STM32F4xx_HAL_Driver/Src/stm32f4xx_hal_dma.o
                0x00000000080025c4                HAL_DMA_IRQHandler
 .text.HAL_DMA_GetState
                0x00000000080027a4        0x8 Drivers/STM32F4xx_HAL_Driver/Src/stm32f4xx_hal_dma.o
                0x00000000080027a4                HAL_DMA_GetState
 .text.HAL_EXTI_RegisterCallback
                0x00000000080027ac        0xc Drivers/STM32F4xx_HAL_Driver/Src/stm32f4xx_hal_exti.o
                0x00000000080027ac                HAL_EXTI_RegisterCallback
 .text.HAL_EXTI_GetHandle
                0x00000000080027b8       0x44 Drivers/STM32F4xx_HAL_Driver/Src/stm32f4xx_hal_exti.o
                0x00000000080027b8                HAL_EXTI_GetHandle
 .text.HAL_EXTI_IRQHandler
                0x00000000080027fc       0x2c Drivers/STM32F4xx_HAL_Driver/Src/stm32f4xx_hal_exti.o
                0x00000000080027fc                HAL_EXTI_IRQHandler
 .text.HAL_GPIO_Init
                0x0000000008002828      0x2a0 Drivers/STM32F4xx_HAL_Driver/Src/stm32f4xx_hal_gpio.o
                0x0000000008002828                HAL_GPIO_Init
 .text.HAL_GPIO_DeInit
                0x0000000008002ac8      0x16c Drivers/STM32F4xx_HAL_Driver/Src/stm32f4xx_hal_gpio.o
                0x0000000008002ac8                HAL_GPIO_DeInit
 .text.HAL_GPIO_ReadPin
                0x0000000008002c34       0x24 Drivers/STM32F4xx_HAL_Driver/Src/stm32f4xx_hal_gpio.o
                0x0000000008002c34                HAL_GPIO_ReadPin
 .text.HAL_GPIO_WritePin
                0x0000000008002c58       0x34 Drivers/STM32F4xx_HAL_Driver/Src/stm32f4xx_hal_gpio.o
                0x0000000008002c58                HAL_GPIO_WritePin
 .text.HAL_GPIO_TogglePin
                0x0000000008002c8c       0x2c Drivers/STM32F4xx_HAL_Driver/Src/stm32f4xx_hal_gpio.o
                0x0000000008002c8c                HAL_GPIO_TogglePin
 .text.HAL_GPIO_EXTI_Callback
                0x0000000008002cb8        0x4 Drivers/STM32F4xx_HAL_Driver/Src/stm32f4xx_hal_gpio.o
                0x0000000008002cb8                HAL_GPIO_EXTI_Callback
 .text.HAL_GPIO_EXTI_IRQHandler
                0x0000000008002cbc       0x18 Drivers/STM32F4xx_HAL_Driver/Src/stm32f4xx_hal_gpio.o
                0x0000000008002cbc                HAL_GPIO_EXTI_IRQHandler
 .text.HAL_I2C_Init
                0x0000000008002cd4      0x294 Drivers/STM32F4xx_HAL_Driver/Src/stm32f4xx_hal_i2c.o
                0x0000000008002cd4                HAL_I2C_Init
 .text.HAL_I2C_MasterTxCpltCallback
                0x0000000008002f68        0x4 Drivers/STM32F4xx_HAL_Driver/Src/stm32f4xx_hal_i2c.o
                0x0000000008002f68                HAL_I2C_MasterTxCpltCallback
 .text.HAL_I2C_MasterRxCpltCallback
                0x0000000008002f6c        0x4 Drivers/STM32F4xx_HAL_Driver/Src/stm32f4xx_hal_i2c.o
                0x0000000008002f6c                HAL_I2C_MasterRxCpltCallback
 .text.HAL_I2C_SlaveTxCpltCallback
                0x0000000008002f70        0x4 Drivers/STM32F4xx_HAL_Driver/Src/stm32f4xx_hal_i2c.o
                0x0000000008002f70                HAL_I2C_SlaveTxCpltCallback
 .text.HAL_I2C_SlaveRxCpltCallback
                0x0000000008002f74        0x4 Drivers/STM32F4xx_HAL_Driver/Src/stm32f4xx_hal_i2c.o
                0x0000000008002f74                HAL_I2C_SlaveRxCpltCallback
 .text.HAL_I2C_AddrCallback
                0x0000000008002f78        0x4 Drivers/STM32F4xx_HAL_Driver/Src/stm32f4xx_hal_i2c.o
                0x0000000008002f78                HAL_I2C_AddrCallback
 .text.HAL_I2C_ListenCpltCallback
                0x0000000008002f7c        0x4 Drivers/STM32F4xx_HAL_Driver/Src/stm32f4xx_hal_i2c.o
                0x0000000008002f7c                HAL_I2C_ListenCpltCallback
 .text.HAL_I2C_MemTxCpltCallback
                0x0000000008002f80        0x4 Drivers/STM32F4xx_HAL_Driver/Src/stm32f4xx_hal_i2c.o
                0x0000000008002f80                HAL_I2C_MemTxCpltCallback
 .text.I2C_MemoryTransmit_TXE_BTF
                0x0000000008002f84       0xb4 Drivers/STM32F4xx_HAL_Driver/Src/stm32f4xx_hal_i2c.o
 .text.HAL_I2C_MemRxCpltCallback
                0x0000000008003038        0x4 Drivers/STM32F4xx_HAL_Driver/Src/stm32f4xx_hal_i2c.o
                0x0000000008003038                HAL_I2C_MemRxCpltCallback
 .text.HAL_I2C_ErrorCallback
                0x000000000800303c        0x4 Drivers/STM32F4xx_HAL_Driver/Src/stm32f4xx_hal_i2c.o
                0x000000000800303c                HAL_I2C_ErrorCallback
 .text.HAL_I2C_AbortCpltCallback
                0x0000000008003040        0x4 Drivers/STM32F4xx_HAL_Driver/Src/stm32f4xx_hal_i2c.o
                0x0000000008003040                HAL_I2C_AbortCpltCallback
 .text.I2C_DMAAbort
                0x0000000008003044       0xf4 Drivers/STM32F4xx_HAL_Driver/Src/stm32f4xx_hal_i2c.o
 .text.I2C_ITError
                0x0000000008003138      0x16c Drivers/STM32F4xx_HAL_Driver/Src/stm32f4xx_hal_i2c.o
 .text.HAL_I2C_EV_IRQHandler
                0x00000000080032a4      0x980 Drivers/STM32F4xx_HAL_Driver/Src/stm32f4xx_hal_i2c.o
                0x00000000080032a4                HAL_I2C_EV_IRQHandler
 .text.HAL_RCC_OscConfig
                0x0000000008003c24      0x500 Drivers/STM32F4xx_HAL_Driver/Src/stm32f4xx_hal_rcc.o
                0x0000000008003c24                HAL_RCC_OscConfig
 .text.HAL_RCC_GetSysClockFreq
                0x0000000008004124       0x6c Drivers/STM32F4xx_HAL_Driver/Src/stm32f4xx_hal_rcc.o
                0x0000000008004124                HAL_RCC_GetSysClockFreq
 .text.HAL_RCC_ClockConfig
                0x0000000008004190      0x204 Drivers/STM32F4xx_HAL_Driver/Src/stm32f4xx_hal_rcc.o
                0x0000000008004190                HAL_RCC_ClockConfig
 .text.HAL_RCC_GetPCLK1Freq
                0x0000000008004394       0x20 Drivers/STM32F4xx_HAL_Driver/Src/stm32f4xx_hal_rcc.o
                0x0000000008004394                HAL_RCC_GetPCLK1Freq
 .text.HAL_RCC_GetClockConfig
                0x00000000080043b4       0x44 Drivers/STM32F4xx_HAL_Driver/Src/stm32f4xx_hal_rcc.o
                0x00000000080043b4                HAL_RCC_GetClockConfig
 .text.SPI_WaitFlagStateUntilTimeout.constprop.0
                0x00000000080043f8       0xc0 Drivers/STM32F4xx_HAL_Driver/Src/stm32f4xx_hal_spi.o
 .text.HAL_SPI_MspInit
                0x00000000080044b8        0x4 Drivers/STM32F4xx_HAL_Driver/Src/stm32f4xx_hal_spi.o
                0x00000000080044b8                HAL_SPI_MspInit
 .text.HAL_SPI_Init
                0x00000000080044bc      0x208 Drivers/STM32F4xx_HAL_Driver/Src/stm32f4xx_hal_spi.o
                0x00000000080044bc                HAL_SPI_Init
 .text.HAL_SPI_TransmitReceive
                0x00000000080046c4      0x330 Drivers/STM32F4xx_HAL_Driver/Src/stm32f4xx_hal_spi.o
                0x00000000080046c4                HAL_SPI_TransmitReceive
 .text.HAL_SPI_GetState
                0x00000000080049f4        0x8 Drivers/STM32F4xx_HAL_Driver/Src/stm32f4xx_hal_spi.o
                0x00000000080049f4                HAL_SPI_GetState
 .text.HAL_TIM_Base_Init
                0x00000000080049fc      0x1ac Drivers/STM32F4xx_HAL_Driver/Src/stm32f4xx_hal_tim.o
                0x00000000080049fc                HAL_TIM_Base_Init
 .text.HAL_TIM_Base_Start_IT
                0x0000000008004ba8       0xb8 Drivers/STM32F4xx_HAL_Driver/Src/stm32f4xx_hal_tim.o
                0x0000000008004ba8                HAL_TIM_Base_Start_IT
 .text.HAL_TIM_ConfigClockSource
                0x0000000008004c60      0x464 Drivers/STM32F4xx_HAL_Driver/Src/stm32f4xx_hal_tim.o
                0x0000000008004c60                HAL_TIM_ConfigClockSource
 .text.HAL_TIM_OC_DelayElapsedCallback
                0x00000000080050c4        0x4 Drivers/STM32F4xx_HAL_Driver/Src/stm32f4xx_hal_tim.o
                0x00000000080050c4                HAL_TIM_OC_DelayElapsedCallback
 .text.HAL_TIM_IC_CaptureCallback
                0x00000000080050c8        0x4 Drivers/STM32F4xx_HAL_Driver/Src/stm32f4xx_hal_tim.o
                0x00000000080050c8                HAL_TIM_IC_CaptureCallback
 .text.HAL_TIM_PWM_PulseFinishedCallback
                0x00000000080050cc        0x4 Drivers/STM32F4xx_HAL_Driver/Src/stm32f4xx_hal_tim.o
                0x00000000080050cc                HAL_TIM_PWM_PulseFinishedCallback
 .text.HAL_TIM_TriggerCallback
                0x00000000080050d0        0x4 Drivers/STM32F4xx_HAL_Driver/Src/stm32f4xx_hal_tim.o
                0x00000000080050d0                HAL_TIM_TriggerCallback
 .text.HAL_TIM_IRQHandler
                0x00000000080050d4      0x154 Drivers/STM32F4xx_HAL_Driver/Src/stm32f4xx_hal_tim.o
                0x00000000080050d4                HAL_TIM_IRQHandler
 .text.HAL_TIMEx_MasterConfigSynchronization
                0x0000000008005228       0xd8 Drivers/STM32F4xx_HAL_Driver/Src/stm32f4xx_hal_tim_ex.o
                0x0000000008005228                HAL_TIMEx_MasterConfigSynchronization
 .text.HAL_TIMEx_CommutCallback
                0x0000000008005300        0x4 Drivers/STM32F4xx_HAL_Driver/Src/stm32f4xx_hal_tim_ex.o
                0x0000000008005300                HAL_TIMEx_CommutCallback
 .text.HAL_TIMEx_BreakCallback
                0x0000000008005304        0x4 Drivers/STM32F4xx_HAL_Driver/Src/stm32f4xx_hal_tim_ex.o
                0x0000000008005304                HAL_TIMEx_BreakCallback
 .text.hci_disconnection_complete_event_process
                0x0000000008005308       0x14 Middlewares/ST/BlueNRG-2/hci/bluenrg1_events.o
                0x0000000008005308                hci_disconnection_complete_event_process
 .text.hci_encryption_change_event_process
                0x000000000800531c       0x14 Middlewares/ST/BlueNRG-2/hci/bluenrg1_events.o
                0x000000000800531c                hci_encryption_change_event_process
 .text.hci_read_remote_version_information_complete_event_process
                0x0000000008005330       0x20 Middlewares/ST/BlueNRG-2/hci/bluenrg1_events.o
                0x0000000008005330                hci_read_remote_version_information_complete_event_process
 .text.hci_hardware_error_event_process
                0x0000000008005350        0xc Middlewares/ST/BlueNRG-2/hci/bluenrg1_events.o
                0x0000000008005350                hci_hardware_error_event_process
 .text.hci_number_of_completed_packets_event_process
                0x000000000800535c       0x2c Middlewares/ST/BlueNRG-2/hci/bluenrg1_events.o
                0x000000000800535c                hci_number_of_completed_packets_event_process
 .text.hci_data_buffer_overflow_event_process
                0x0000000008005388        0xc Middlewares/ST/BlueNRG-2/hci/bluenrg1_events.o
                0x0000000008005388                hci_data_buffer_overflow_event_process
 .text.hci_encryption_key_refresh_complete_event_process
                0x0000000008005394       0x10 Middlewares/ST/BlueNRG-2/hci/bluenrg1_events.o
                0x0000000008005394                hci_encryption_key_refresh_complete_event_process
 .text.aci_blue_initialized_event_process
                0x00000000080053a4        0xc Middlewares/ST/BlueNRG-2/hci/bluenrg1_events.o
                0x00000000080053a4                aci_blue_initialized_event_process
 .text.aci_blue_events_lost_event_process
                0x00000000080053b0        0xc Middlewares/ST/BlueNRG-2/hci/bluenrg1_events.o
                0x00000000080053b0                aci_blue_events_lost_event_process
 .text.aci_blue_crash_info_event_process
                0x00000000080053bc       0x50 Middlewares/ST/BlueNRG-2/hci/bluenrg1_events.o
                0x00000000080053bc                aci_blue_crash_info_event_process
 .text.aci_hal_end_of_radio_activity_event_process
                0x000000000800540c       0x14 Middlewares/ST/BlueNRG-2/hci/bluenrg1_events.o
                0x000000000800540c                aci_hal_end_of_radio_activity_event_process
 .text.aci_hal_scan_req_report_event_process
                0x0000000008005420       0x14 Middlewares/ST/BlueNRG-2/hci/bluenrg1_events.o
                0x0000000008005420                aci_hal_scan_req_report_event_process
 .text.aci_hal_fw_error_event_process
                0x0000000008005434       0x10 Middlewares/ST/BlueNRG-2/hci/bluenrg1_events.o
                0x0000000008005434                aci_hal_fw_error_event_process
 .text.aci_gap_limited_discoverable_event_process
                0x0000000008005444        0xc Middlewares/ST/BlueNRG-2/hci/bluenrg1_events.o
                0x0000000008005444                aci_gap_limited_discoverable_event_process
 .text.aci_gap_pairing_complete_event_process
                0x0000000008005450       0x10 Middlewares/ST/BlueNRG-2/hci/bluenrg1_events.o
                0x0000000008005450                aci_gap_pairing_complete_event_process
 .text.aci_gap_pass_key_req_event_process
                0x0000000008005460        0xc Middlewares/ST/BlueNRG-2/hci/bluenrg1_events.o
                0x0000000008005460                aci_gap_pass_key_req_event_process
 .text.aci_gap_authorization_req_event_process
                0x000000000800546c        0xc Middlewares/ST/BlueNRG-2/hci/bluenrg1_events.o
                0x000000000800546c                aci_gap_authorization_req_event_process
 .text.aci_gap_slave_security_initiated_event_process
                0x0000000008005478        0xc Middlewares/ST/BlueNRG-2/hci/bluenrg1_events.o
                0x0000000008005478                aci_gap_slave_security_initiated_event_process
 .text.aci_gap_bond_lost_event_process
                0x0000000008005484        0xc Middlewares/ST/BlueNRG-2/hci/bluenrg1_events.o
                0x0000000008005484                aci_gap_bond_lost_event_process
 .text.aci_gap_proc_complete_event_process
                0x0000000008005490       0x14 Middlewares/ST/BlueNRG-2/hci/bluenrg1_events.o
                0x0000000008005490                aci_gap_proc_complete_event_process
 .text.aci_gap_addr_not_resolved_event_process
                0x00000000080054a4        0xc Middlewares/ST/BlueNRG-2/hci/bluenrg1_events.o
                0x00000000080054a4                aci_gap_addr_not_resolved_event_process
 .text.aci_gap_numeric_comparison_value_event_process
                0x00000000080054b0       0x10 Middlewares/ST/BlueNRG-2/hci/bluenrg1_events.o
                0x00000000080054b0                aci_gap_numeric_comparison_value_event_process
 .text.aci_gap_keypress_notification_event_process
                0x00000000080054c0       0x10 Middlewares/ST/BlueNRG-2/hci/bluenrg1_events.o
                0x00000000080054c0                aci_gap_keypress_notification_event_process
 .text.aci_l2cap_connection_update_resp_event_process
                0x00000000080054d0       0x10 Middlewares/ST/BlueNRG-2/hci/bluenrg1_events.o
                0x00000000080054d0                aci_l2cap_connection_update_resp_event_process
 .text.aci_l2cap_proc_timeout_event_process
                0x00000000080054e0       0x10 Middlewares/ST/BlueNRG-2/hci/bluenrg1_events.o
                0x00000000080054e0                aci_l2cap_proc_timeout_event_process
 .text.aci_l2cap_connection_update_req_event_process
                0x00000000080054f0       0x30 Middlewares/ST/BlueNRG-2/hci/bluenrg1_events.o
                0x00000000080054f0                aci_l2cap_connection_update_req_event_process
 .text.aci_l2cap_command_reject_event_process
                0x0000000008005520       0x24 Middlewares/ST/BlueNRG-2/hci/bluenrg1_events.o
                0x0000000008005520                aci_l2cap_command_reject_event_process
 .text.aci_gatt_attribute_modified_event_process
                0x0000000008005544       0x20 Middlewares/ST/BlueNRG-2/hci/bluenrg1_events.o
                0x0000000008005544                aci_gatt_attribute_modified_event_process
 .text.aci_gatt_proc_timeout_event_process
                0x0000000008005564        0xc Middlewares/ST/BlueNRG-2/hci/bluenrg1_events.o
                0x0000000008005564                aci_gatt_proc_timeout_event_process
 .text.aci_att_exchange_mtu_resp_event_process
                0x0000000008005570       0x10 Middlewares/ST/BlueNRG-2/hci/bluenrg1_events.o
                0x0000000008005570                aci_att_exchange_mtu_resp_event_process
 .text.aci_att_find_info_resp_event_process
                0x0000000008005580       0x14 Middlewares/ST/BlueNRG-2/hci/bluenrg1_events.o
                0x0000000008005580                aci_att_find_info_resp_event_process
 .text.aci_att_find_by_type_value_resp_event_process
                0x0000000008005594       0x2c Middlewares/ST/BlueNRG-2/hci/bluenrg1_events.o
                0x0000000008005594                aci_att_find_by_type_value_resp_event_process
 .text.aci_att_read_by_type_resp_event_process
                0x00000000080055c0       0x14 Middlewares/ST/BlueNRG-2/hci/bluenrg1_events.o
                0x00000000080055c0                aci_att_read_by_type_resp_event_process
 .text.aci_att_read_resp_event_process
                0x00000000080055d4       0x10 Middlewares/ST/BlueNRG-2/hci/bluenrg1_events.o
                0x00000000080055d4                aci_att_read_resp_event_process
 .text.aci_att_read_blob_resp_event_process
                0x00000000080055e4       0x10 Middlewares/ST/BlueNRG-2/hci/bluenrg1_events.o
                0x00000000080055e4                aci_att_read_blob_resp_event_process
 .text.aci_att_read_multiple_resp_event_process
                0x00000000080055f4       0x10 Middlewares/ST/BlueNRG-2/hci/bluenrg1_events.o
                0x00000000080055f4                aci_att_read_multiple_resp_event_process
 .text.aci_att_read_by_group_type_resp_event_process
                0x0000000008005604       0x14 Middlewares/ST/BlueNRG-2/hci/bluenrg1_events.o
                0x0000000008005604                aci_att_read_by_group_type_resp_event_process
 .text.aci_att_prepare_write_resp_event_process
                0x0000000008005618       0x20 Middlewares/ST/BlueNRG-2/hci/bluenrg1_events.o
                0x0000000008005618                aci_att_prepare_write_resp_event_process
 .text.aci_att_exec_write_resp_event_process
                0x0000000008005638        0xc Middlewares/ST/BlueNRG-2/hci/bluenrg1_events.o
                0x0000000008005638                aci_att_exec_write_resp_event_process
 .text.aci_gatt_indication_event_process
                0x0000000008005644       0x14 Middlewares/ST/BlueNRG-2/hci/bluenrg1_events.o
                0x0000000008005644                aci_gatt_indication_event_process
 .text.aci_gatt_notification_event_process
                0x0000000008005658       0x14 Middlewares/ST/BlueNRG-2/hci/bluenrg1_events.o
                0x0000000008005658                aci_gatt_notification_event_process
 .text.aci_gatt_proc_complete_event_process
                0x000000000800566c       0x10 Middlewares/ST/BlueNRG-2/hci/bluenrg1_events.o
                0x000000000800566c                aci_gatt_proc_complete_event_process
 .text.aci_gatt_error_resp_event_process
                0x000000000800567c       0x14 Middlewares/ST/BlueNRG-2/hci/bluenrg1_events.o
                0x000000000800567c                aci_gatt_error_resp_event_process
 .text.aci_gatt_disc_read_char_by_uuid_resp_event_process
                0x0000000008005690       0x14 Middlewares/ST/BlueNRG-2/hci/bluenrg1_events.o
                0x0000000008005690                aci_gatt_disc_read_char_by_uuid_resp_event_process
 .text.aci_gatt_write_permit_req_event_process
                0x00000000080056a4       0x14 Middlewares/ST/BlueNRG-2/hci/bluenrg1_events.o
                0x00000000080056a4                aci_gatt_write_permit_req_event_process
 .text.aci_gatt_read_permit_req_event_process
                0x00000000080056b8       0x10 Middlewares/ST/BlueNRG-2/hci/bluenrg1_events.o
                0x00000000080056b8                aci_gatt_read_permit_req_event_process
 .text.aci_gatt_read_multi_permit_req_event_process
                0x00000000080056c8       0x28 Middlewares/ST/BlueNRG-2/hci/bluenrg1_events.o
                0x00000000080056c8                aci_gatt_read_multi_permit_req_event_process
 .text.aci_gatt_tx_pool_available_event_process
                0x00000000080056f0       0x10 Middlewares/ST/BlueNRG-2/hci/bluenrg1_events.o
                0x00000000080056f0                aci_gatt_tx_pool_available_event_process
 .text.aci_gatt_server_confirmation_event_process
                0x0000000008005700        0xc Middlewares/ST/BlueNRG-2/hci/bluenrg1_events.o
                0x0000000008005700                aci_gatt_server_confirmation_event_process
 .text.aci_gatt_prepare_write_permit_req_event_process
                0x000000000800570c       0x20 Middlewares/ST/BlueNRG-2/hci/bluenrg1_events.o
                0x000000000800570c                aci_gatt_prepare_write_permit_req_event_process
 .text.hci_le_connection_complete_event_process
                0x000000000800572c       0x34 Middlewares/ST/BlueNRG-2/hci/bluenrg1_events.o
                0x000000000800572c                hci_le_connection_complete_event_process
 .text.hci_le_advertising_report_event_process
                0x0000000008005760       0x7c Middlewares/ST/BlueNRG-2/hci/bluenrg1_events.o
                0x0000000008005760                hci_le_advertising_report_event_process
 .text.hci_le_connection_update_complete_event_process
                0x00000000080057dc       0x24 Middlewares/ST/BlueNRG-2/hci/bluenrg1_events.o
                0x00000000080057dc                hci_le_connection_update_complete_event_process
 .text.hci_le_read_remote_used_features_complete_event_process
                0x0000000008005800       0x14 Middlewares/ST/BlueNRG-2/hci/bluenrg1_events.o
                0x0000000008005800                hci_le_read_remote_used_features_complete_event_process
 .text.hci_le_long_term_key_request_event_process
                0x0000000008005814       0x14 Middlewares/ST/BlueNRG-2/hci/bluenrg1_events.o
                0x0000000008005814                hci_le_long_term_key_request_event_process
 .text.hci_le_data_length_change_event_process
                0x0000000008005828       0x1c Middlewares/ST/BlueNRG-2/hci/bluenrg1_events.o
                0x0000000008005828                hci_le_data_length_change_event_process
 .text.hci_le_read_local_p256_public_key_complete_event_process
                0x0000000008005844       0x10 Middlewares/ST/BlueNRG-2/hci/bluenrg1_events.o
                0x0000000008005844                hci_le_read_local_p256_public_key_complete_event_process
 .text.hci_le_generate_dhkey_complete_event_process
                0x0000000008005854       0x10 Middlewares/ST/BlueNRG-2/hci/bluenrg1_events.o
                0x0000000008005854                hci_le_generate_dhkey_complete_event_process
 .text.hci_le_enhanced_connection_complete_event_process
                0x0000000008005864       0x40 Middlewares/ST/BlueNRG-2/hci/bluenrg1_events.o
                0x0000000008005864                hci_le_enhanced_connection_complete_event_process
 .text.hci_le_direct_advertising_report_event_process
                0x00000000080058a4       0x68 Middlewares/ST/BlueNRG-2/hci/bluenrg1_events.o
                0x00000000080058a4                hci_le_direct_advertising_report_event_process
 .text.hci_encryption_change_event
                0x000000000800590c        0x4 Middlewares/ST/BlueNRG-2/hci/bluenrg1_events_cb.o
                0x000000000800590c                hci_encryption_change_event
 .text.hci_read_remote_version_information_complete_event
                0x0000000008005910        0x4 Middlewares/ST/BlueNRG-2/hci/bluenrg1_events_cb.o
                0x0000000008005910                hci_read_remote_version_information_complete_event
 .text.hci_hardware_error_event
                0x0000000008005914        0x4 Middlewares/ST/BlueNRG-2/hci/bluenrg1_events_cb.o
                0x0000000008005914                hci_hardware_error_event
 .text.hci_number_of_completed_packets_event
                0x0000000008005918        0x4 Middlewares/ST/BlueNRG-2/hci/bluenrg1_events_cb.o
                0x0000000008005918                hci_number_of_completed_packets_event
 .text.hci_data_buffer_overflow_event
                0x000000000800591c        0x4 Middlewares/ST/BlueNRG-2/hci/bluenrg1_events_cb.o
                0x000000000800591c                hci_data_buffer_overflow_event
 .text.hci_encryption_key_refresh_complete_event
                0x0000000008005920        0x4 Middlewares/ST/BlueNRG-2/hci/bluenrg1_events_cb.o
                0x0000000008005920                hci_encryption_key_refresh_complete_event
 .text.hci_le_advertising_report_event
                0x0000000008005924        0x4 Middlewares/ST/BlueNRG-2/hci/bluenrg1_events_cb.o
                0x0000000008005924                hci_le_advertising_report_event
 .text.hci_le_connection_update_complete_event
                0x0000000008005928        0x4 Middlewares/ST/BlueNRG-2/hci/bluenrg1_events_cb.o
                0x0000000008005928                hci_le_connection_update_complete_event
 .text.hci_le_read_remote_used_features_complete_event
                0x000000000800592c        0x4 Middlewares/ST/BlueNRG-2/hci/bluenrg1_events_cb.o
                0x000000000800592c                hci_le_read_remote_used_features_complete_event
 .text.hci_le_long_term_key_request_event
                0x0000000008005930        0x4 Middlewares/ST/BlueNRG-2/hci/bluenrg1_events_cb.o
                0x0000000008005930                hci_le_long_term_key_request_event
 .text.hci_le_data_length_change_event
                0x0000000008005934        0x4 Middlewares/ST/BlueNRG-2/hci/bluenrg1_events_cb.o
                0x0000000008005934                hci_le_data_length_change_event
 .text.hci_le_read_local_p256_public_key_complete_event
                0x0000000008005938        0x4 Middlewares/ST/BlueNRG-2/hci/bluenrg1_events_cb.o
                0x0000000008005938                hci_le_read_local_p256_public_key_complete_event
 .text.hci_le_generate_dhkey_complete_event
                0x000000000800593c        0x4 Middlewares/ST/BlueNRG-2/hci/bluenrg1_events_cb.o
                0x000000000800593c                hci_le_generate_dhkey_complete_event
 .text.hci_le_enhanced_connection_complete_event
                0x0000000008005940        0x4 Middlewares/ST/BlueNRG-2/hci/bluenrg1_events_cb.o
                0x0000000008005940                hci_le_enhanced_connection_complete_event
 .text.hci_le_direct_advertising_report_event
                0x0000000008005944        0x4 Middlewares/ST/BlueNRG-2/hci/bluenrg1_events_cb.o
                0x0000000008005944                hci_le_direct_advertising_report_event
 .text.aci_gap_limited_discoverable_event
                0x0000000008005948        0x4 Middlewares/ST/BlueNRG-2/hci/bluenrg1_events_cb.o
                0x0000000008005948                aci_gap_limited_discoverable_event
 .text.aci_gap_pairing_complete_event
                0x000000000800594c        0x4 Middlewares/ST/BlueNRG-2/hci/bluenrg1_events_cb.o
                0x000000000800594c                aci_gap_pairing_complete_event
 .text.aci_gap_pass_key_req_event
                0x0000000008005950        0x4 Middlewares/ST/BlueNRG-2/hci/bluenrg1_events_cb.o
                0x0000000008005950                aci_gap_pass_key_req_event
 .text.aci_gap_authorization_req_event
                0x0000000008005954        0x4 Middlewares/ST/BlueNRG-2/hci/bluenrg1_events_cb.o
                0x0000000008005954                aci_gap_authorization_req_event
 .text.aci_gap_slave_security_initiated_event
                0x0000000008005958        0x4 Middlewares/ST/BlueNRG-2/hci/bluenrg1_events_cb.o
                0x0000000008005958                aci_gap_slave_security_initiated_event
 .text.aci_gap_bond_lost_event
                0x000000000800595c        0x4 Middlewares/ST/BlueNRG-2/hci/bluenrg1_events_cb.o
                0x000000000800595c                aci_gap_bond_lost_event
 .text.aci_gap_proc_complete_event
                0x0000000008005960        0x4 Middlewares/ST/BlueNRG-2/hci/bluenrg1_events_cb.o
                0x0000000008005960                aci_gap_proc_complete_event
 .text.aci_gap_addr_not_resolved_event
                0x0000000008005964        0x4 Middlewares/ST/BlueNRG-2/hci/bluenrg1_events_cb.o
                0x0000000008005964                aci_gap_addr_not_resolved_event
 .text.aci_gap_numeric_comparison_value_event
                0x0000000008005968        0x4 Middlewares/ST/BlueNRG-2/hci/bluenrg1_events_cb.o
                0x0000000008005968                aci_gap_numeric_comparison_value_event
 .text.aci_gap_keypress_notification_event
                0x000000000800596c        0x4 Middlewares/ST/BlueNRG-2/hci/bluenrg1_events_cb.o
                0x000000000800596c                aci_gap_keypress_notification_event
 .text.aci_gatt_proc_timeout_event
                0x0000000008005970        0x4 Middlewares/ST/BlueNRG-2/hci/bluenrg1_events_cb.o
                0x0000000008005970                aci_gatt_proc_timeout_event
 .text.aci_att_exchange_mtu_resp_event
                0x0000000008005974        0x4 Middlewares/ST/BlueNRG-2/hci/bluenrg1_events_cb.o
                0x0000000008005974                aci_att_exchange_mtu_resp_event
 .text.aci_att_find_info_resp_event
                0x0000000008005978        0x4 Middlewares/ST/BlueNRG-2/hci/bluenrg1_events_cb.o
                0x0000000008005978                aci_att_find_info_resp_event
 .text.aci_att_find_by_type_value_resp_event
                0x000000000800597c        0x4 Middlewares/ST/BlueNRG-2/hci/bluenrg1_events_cb.o
                0x000000000800597c                aci_att_find_by_type_value_resp_event
 .text.aci_att_read_by_type_resp_event
                0x0000000008005980        0x4 Middlewares/ST/BlueNRG-2/hci/bluenrg1_events_cb.o
                0x0000000008005980                aci_att_read_by_type_resp_event
 .text.aci_att_read_resp_event
                0x0000000008005984        0x4 Middlewares/ST/BlueNRG-2/hci/bluenrg1_events_cb.o
                0x0000000008005984                aci_att_read_resp_event
 .text.aci_att_read_blob_resp_event
                0x0000000008005988        0x4 Middlewares/ST/BlueNRG-2/hci/bluenrg1_events_cb.o
                0x0000000008005988                aci_att_read_blob_resp_event
 .text.aci_att_read_multiple_resp_event
                0x000000000800598c        0x4 Middlewares/ST/BlueNRG-2/hci/bluenrg1_events_cb.o
                0x000000000800598c                aci_att_read_multiple_resp_event
 .text.aci_att_read_by_group_type_resp_event
                0x0000000008005990        0x4 Middlewares/ST/BlueNRG-2/hci/bluenrg1_events_cb.o
                0x0000000008005990                aci_att_read_by_group_type_resp_event
 .text.aci_att_prepare_write_resp_event
                0x0000000008005994        0x4 Middlewares/ST/BlueNRG-2/hci/bluenrg1_events_cb.o
                0x0000000008005994                aci_att_prepare_write_resp_event
 .text.aci_att_exec_write_resp_event
                0x0000000008005998        0x4 Middlewares/ST/BlueNRG-2/hci/bluenrg1_events_cb.o
                0x0000000008005998                aci_att_exec_write_resp_event
 .text.aci_gatt_indication_event
                0x000000000800599c        0x4 Middlewares/ST/BlueNRG-2/hci/bluenrg1_events_cb.o
                0x000000000800599c                aci_gatt_indication_event
 .text.aci_gatt_proc_complete_event
                0x00000000080059a0        0x4 Middlewares/ST/BlueNRG-2/hci/bluenrg1_events_cb.o
                0x00000000080059a0                aci_gatt_proc_complete_event
 .text.aci_gatt_error_resp_event
                0x00000000080059a4        0x4 Middlewares/ST/BlueNRG-2/hci/bluenrg1_events_cb.o
                0x00000000080059a4                aci_gatt_error_resp_event
 .text.aci_gatt_disc_read_char_by_uuid_resp_event
                0x00000000080059a8        0x4 Middlewares/ST/BlueNRG-2/hci/bluenrg1_events_cb.o
                0x00000000080059a8                aci_gatt_disc_read_char_by_uuid_resp_event
 .text.aci_gatt_write_permit_req_event
                0x00000000080059ac        0x4 Middlewares/ST/BlueNRG-2/hci/bluenrg1_events_cb.o
                0x00000000080059ac                aci_gatt_write_permit_req_event
 .text.aci_gatt_read_permit_req_event
                0x00000000080059b0        0x4 Middlewares/ST/BlueNRG-2/hci/bluenrg1_events_cb.o
                0x00000000080059b0                aci_gatt_read_permit_req_event
 .text.aci_gatt_read_multi_permit_req_event
                0x00000000080059b4        0x4 Middlewares/ST/BlueNRG-2/hci/bluenrg1_events_cb.o
                0x00000000080059b4                aci_gatt_read_multi_permit_req_event
 .text.aci_gatt_tx_pool_available_event
                0x00000000080059b8        0x4 Middlewares/ST/BlueNRG-2/hci/bluenrg1_events_cb.o
                0x00000000080059b8                aci_gatt_tx_pool_available_event
 .text.aci_gatt_server_confirmation_event
                0x00000000080059bc        0x4 Middlewares/ST/BlueNRG-2/hci/bluenrg1_events_cb.o
                0x00000000080059bc                aci_gatt_server_confirmation_event
 .text.aci_gatt_prepare_write_permit_req_event
                0x00000000080059c0        0x4 Middlewares/ST/BlueNRG-2/hci/bluenrg1_events_cb.o
                0x00000000080059c0                aci_gatt_prepare_write_permit_req_event
 .text.aci_l2cap_connection_update_resp_event
                0x00000000080059c4        0x4 Middlewares/ST/BlueNRG-2/hci/bluenrg1_events_cb.o
                0x00000000080059c4                aci_l2cap_connection_update_resp_event
 .text.aci_l2cap_proc_timeout_event
                0x00000000080059c8        0x4 Middlewares/ST/BlueNRG-2/hci/bluenrg1_events_cb.o
                0x00000000080059c8                aci_l2cap_proc_timeout_event
 .text.aci_l2cap_connection_update_req_event
                0x00000000080059cc        0x4 Middlewares/ST/BlueNRG-2/hci/bluenrg1_events_cb.o
                0x00000000080059cc                aci_l2cap_connection_update_req_event
 .text.aci_l2cap_command_reject_event
                0x00000000080059d0        0x4 Middlewares/ST/BlueNRG-2/hci/bluenrg1_events_cb.o
                0x00000000080059d0                aci_l2cap_command_reject_event
 .text.aci_blue_initialized_event
                0x00000000080059d4        0x4 Middlewares/ST/BlueNRG-2/hci/bluenrg1_events_cb.o
                0x00000000080059d4                aci_blue_initialized_event
 .text.aci_blue_events_lost_event
                0x00000000080059d8        0x4 Middlewares/ST/BlueNRG-2/hci/bluenrg1_events_cb.o
                0x00000000080059d8                aci_blue_events_lost_event
 .text.aci_blue_crash_info_event
                0x00000000080059dc        0x4 Middlewares/ST/BlueNRG-2/hci/bluenrg1_events_cb.o
                0x00000000080059dc                aci_blue_crash_info_event
 .text.aci_hal_end_of_radio_activity_event
                0x00000000080059e0        0x4 Middlewares/ST/BlueNRG-2/hci/bluenrg1_events_cb.o
                0x00000000080059e0                aci_hal_end_of_radio_activity_event
 .text.aci_hal_scan_req_report_event
                0x00000000080059e4        0x4 Middlewares/ST/BlueNRG-2/hci/bluenrg1_events_cb.o
                0x00000000080059e4                aci_hal_scan_req_report_event
 .text.aci_hal_fw_error_event
                0x00000000080059e8        0x4 Middlewares/ST/BlueNRG-2/hci/bluenrg1_events_cb.o
                0x00000000080059e8                aci_hal_fw_error_event
 .text.hci_reset
                0x00000000080059ec       0x34 Middlewares/ST/BlueNRG-2/hci/bluenrg1_hci_le.o
                0x00000000080059ec                hci_reset
 .text.hci_le_set_scan_response_data
                0x0000000008005a20       0x74 Middlewares/ST/BlueNRG-2/hci/bluenrg1_hci_le.o
                0x0000000008005a20                hci_le_set_scan_response_data
 .text.hci_le_rand
                0x0000000008005a94       0x4c Middlewares/ST/BlueNRG-2/hci/bluenrg1_hci_le.o
                0x0000000008005a94                hci_le_rand
 .text.aci_gap_set_discoverable
                0x0000000008005ae0       0xa8 Middlewares/ST/BlueNRG-2/hci/controller/bluenrg1_gap_aci.o
                0x0000000008005ae0                aci_gap_set_discoverable
 .text.aci_gap_init
                0x0000000008005b88       0x6c Middlewares/ST/BlueNRG-2/hci/controller/bluenrg1_gap_aci.o
                0x0000000008005b88                aci_gap_init
 .text.aci_gatt_init
                0x0000000008005bf4       0x38 Middlewares/ST/BlueNRG-2/hci/controller/bluenrg1_gatt_aci.o
                0x0000000008005bf4                aci_gatt_init
 .text.aci_gatt_add_service
                0x0000000008005c2c       0x9c Middlewares/ST/BlueNRG-2/hci/controller/bluenrg1_gatt_aci.o
                0x0000000008005c2c                aci_gatt_add_service
 .text.aci_gatt_add_char
                0x0000000008005cc8       0xcc Middlewares/ST/BlueNRG-2/hci/controller/bluenrg1_gatt_aci.o
                0x0000000008005cc8                aci_gatt_add_char
 .text.aci_gatt_add_char_desc
                0x0000000008005d94      0x10c Middlewares/ST/BlueNRG-2/hci/controller/bluenrg1_gatt_aci.o
                0x0000000008005d94                aci_gatt_add_char_desc
 .text.aci_gatt_update_char_value
                0x0000000008005ea0       0x60 Middlewares/ST/BlueNRG-2/hci/controller/bluenrg1_gatt_aci.o
                0x0000000008005ea0                aci_gatt_update_char_value
 .text.aci_hal_write_config_data
                0x0000000008005f00       0x54 Middlewares/ST/BlueNRG-2/hci/controller/bluenrg1_hal_aci.o
                0x0000000008005f00                aci_hal_write_config_data
 .text.aci_hal_set_tx_power_level
                0x0000000008005f54       0x44 Middlewares/ST/BlueNRG-2/hci/controller/bluenrg1_hal_aci.o
                0x0000000008005f54                aci_hal_set_tx_power_level
 .text.hci_init
                0x0000000008005f98       0x58 Middlewares/ST/BlueNRG-2/hci/hci_tl_patterns/Basic/hci_tl.o
                0x0000000008005f98                hci_init
 .text.hci_register_io_bus
                0x0000000008005ff0       0x20 Middlewares/ST/BlueNRG-2/hci/hci_tl_patterns/Basic/hci_tl.o
                0x0000000008005ff0                hci_register_io_bus
 .text.hci_send_req
                0x0000000008006010      0x1cc Middlewares/ST/BlueNRG-2/hci/hci_tl_patterns/Basic/hci_tl.o
                0x0000000008006010                hci_send_req
 .text.hci_user_evt_proc
                0x00000000080061dc       0x48 Middlewares/ST/BlueNRG-2/hci/hci_tl_patterns/Basic/hci_tl.o
                0x00000000080061dc                hci_user_evt_proc
 .text.hci_notify_asynch_evt
                0x0000000008006224       0x70 Middlewares/ST/BlueNRG-2/hci/hci_tl_patterns/Basic/hci_tl.o
                0x0000000008006224                hci_notify_asynch_evt
 .text.list_init_head
                0x0000000008006294        0x8 Middlewares/ST/BlueNRG-2/utils/ble_list.o
                0x0000000008006294                list_init_head
 .text.list_is_empty
                0x000000000800629c       0x18 Middlewares/ST/BlueNRG-2/utils/ble_list.o
                0x000000000800629c                list_is_empty
 .text.list_insert_head
                0x00000000080062b4       0x18 Middlewares/ST/BlueNRG-2/utils/ble_list.o
                0x00000000080062b4                list_insert_head
 .text.list_insert_tail
                0x00000000080062cc       0x18 Middlewares/ST/BlueNRG-2/utils/ble_list.o
                0x00000000080062cc                list_insert_tail
 .text.list_remove_head
                0x00000000080062e4       0x34 Middlewares/ST/BlueNRG-2/utils/ble_list.o
                0x00000000080062e4                list_remove_head
 .text.list_remove_tail
                0x0000000008006318       0x34 Middlewares/ST/BlueNRG-2/utils/ble_list.o
                0x0000000008006318                list_remove_tail
 .text.list_get_size
                0x000000000800634c       0x24 Middlewares/ST/BlueNRG-2/utils/ble_list.o
                0x000000000800634c                list_get_size
 .text.SysTick_Handler
                0x0000000008006370       0x1c Middlewares/Third_Party/FreeRTOS/Source/CMSIS_RTOS_V2/cmsis_os2.o
                0x0000000008006370                SysTick_Handler
 .text.osKernelInitialize
                0x000000000800638c       0x24 Middlewares/Third_Party/FreeRTOS/Source/CMSIS_RTOS_V2/cmsis_os2.o
                0x000000000800638c                osKernelInitialize
 .text.osKernelStart
                0x00000000080063b0       0x34 Middlewares/Third_Party/FreeRTOS/Source/CMSIS_RTOS_V2/cmsis_os2.o
                0x00000000080063b0                osKernelStart
 .text.vApplicationGetIdleTaskMemory
                0x00000000080063e4       0x1c Middlewares/Third_Party/FreeRTOS/Source/CMSIS_RTOS_V2/cmsis_os2.o
                0x00000000080063e4                vApplicationGetIdleTaskMemory
 .text.vApplicationGetTimerTaskMemory
                0x0000000008006400       0x20 Middlewares/Third_Party/FreeRTOS/Source/CMSIS_RTOS_V2/cmsis_os2.o
                0x0000000008006400                vApplicationGetTimerTaskMemory
 .text.vListInitialise
                0x0000000008006420       0x18 Middlewares/Third_Party/FreeRTOS/Source/list.o
                0x0000000008006420                vListInitialise
 .text.vListInitialiseItem
                0x0000000008006438        0x8 Middlewares/Third_Party/FreeRTOS/Source/list.o
                0x0000000008006438                vListInitialiseItem
 .text.vListInsertEnd
                0x0000000008006440       0x20 Middlewares/Third_Party/FreeRTOS/Source/list.o
                0x0000000008006440                vListInsertEnd
 .text.vListInsert
                0x0000000008006460       0x30 Middlewares/Third_Party/FreeRTOS/Source/list.o
                0x0000000008006460                vListInsert
 .text.uxListRemove
                0x0000000008006490       0x28 Middlewares/Third_Party/FreeRTOS/Source/list.o
                0x0000000008006490                uxListRemove
 .text.prvCopyDataToQueue
                0x00000000080064b8       0x7c Middlewares/Third_Party/FreeRTOS/Source/queue.o
 .text.xQueueGenericCreateStatic
                0x0000000008006534       0xe4 Middlewares/Third_Party/FreeRTOS/Source/queue.o
                0x0000000008006534                xQueueGenericCreateStatic
 .text.xQueueGenericSend
                0x0000000008006618      0x30c Middlewares/Third_Party/FreeRTOS/Source/queue.o
                0x0000000008006618                xQueueGenericSend
 .text.xQueueReceive
                0x0000000008006924      0x308 Middlewares/Third_Party/FreeRTOS/Source/queue.o
                0x0000000008006924                xQueueReceive
 .text.vQueueAddToRegistry
                0x0000000008006c2c       0x74 Middlewares/Third_Party/FreeRTOS/Source/queue.o
                0x0000000008006c2c                vQueueAddToRegistry
 .text.vQueueWaitForMessageRestricted
                0x0000000008006ca0       0xcc Middlewares/Third_Party/FreeRTOS/Source/queue.o
                0x0000000008006ca0                vQueueWaitForMessageRestricted
 .text.prvAddNewTaskToReadyList
                0x0000000008006d6c      0x114 Middlewares/Third_Party/FreeRTOS/Source/tasks.o
 .text.prvInitialiseNewTask.isra.0
                0x0000000008006e80       0xa8 Middlewares/Third_Party/FreeRTOS/Source/tasks.o
 .text.prvIdleTask
                0x0000000008006f28       0xa4 Middlewares/Third_Party/FreeRTOS/Source/tasks.o
 .text.xTaskIncrementTick.part.0
                0x0000000008006fcc      0x148 Middlewares/Third_Party/FreeRTOS/Source/tasks.o
 .text.xTaskResumeAll.part.0
                0x0000000008007114      0x134 Middlewares/Third_Party/FreeRTOS/Source/tasks.o
 .text.xTaskCreateStatic
                0x0000000008007248       0x70 Middlewares/Third_Party/FreeRTOS/Source/tasks.o
                0x0000000008007248                xTaskCreateStatic
 .text.xTaskCreate
                0x00000000080072b8       0x68 Middlewares/Third_Party/FreeRTOS/Source/tasks.o
                0x00000000080072b8                xTaskCreate
 .text.vTaskDelayUntil
                0x0000000008007320       0xfc Middlewares/Third_Party/FreeRTOS/Source/tasks.o
                0x0000000008007320                vTaskDelayUntil
 .text.vTaskResume
                0x000000000800741c       0xa4 Middlewares/Third_Party/FreeRTOS/Source/tasks.o
                0x000000000800741c                vTaskResume
 .text.vTaskStartScheduler
                0x00000000080074c0      0x13c Middlewares/Third_Party/FreeRTOS/Source/tasks.o
                0x00000000080074c0                vTaskStartScheduler
 .text.vTaskSuspendAll
                0x00000000080075fc       0x10 Middlewares/Third_Party/FreeRTOS/Source/tasks.o
                0x00000000080075fc                vTaskSuspendAll
 .text.xTaskResumeAll
                0x000000000800760c       0x20 Middlewares/Third_Party/FreeRTOS/Source/tasks.o
                0x000000000800760c                xTaskResumeAll
 .text.xTaskGetTickCount
                0x000000000800762c        0xc Middlewares/Third_Party/FreeRTOS/Source/tasks.o
                0x000000000800762c                xTaskGetTickCount
 .text.xTaskIncrementTick
                0x0000000008007638       0x20 Middlewares/Third_Party/FreeRTOS/Source/tasks.o
                0x0000000008007638                xTaskIncrementTick
 .text.vTaskSwitchContext
                0x0000000008007658       0x9c Middlewares/Third_Party/FreeRTOS/Source/tasks.o
                0x0000000008007658                vTaskSwitchContext
 .text.vTaskSuspend
                0x00000000080076f4       0xdc Middlewares/Third_Party/FreeRTOS/Source/tasks.o
                0x00000000080076f4                vTaskSuspend
 .text.vTaskPlaceOnEventList
                0x00000000080077d0       0x90 Middlewares/Third_Party/FreeRTOS/Source/tasks.o
                0x00000000080077d0                vTaskPlaceOnEventList
 .text.vTaskPlaceOnEventListRestricted
                0x0000000008007860       0xa0 Middlewares/Third_Party/FreeRTOS/Source/tasks.o
                0x0000000008007860                vTaskPlaceOnEventListRestricted
 .text.xTaskRemoveFromEventList
                0x0000000008007900       0x90 Middlewares/Third_Party/FreeRTOS/Source/tasks.o
                0x0000000008007900                xTaskRemoveFromEventList
 .text.vTaskInternalSetTimeOutState
                0x0000000008007990       0x18 Middlewares/Third_Party/FreeRTOS/Source/tasks.o
                0x0000000008007990                vTaskInternalSetTimeOutState
 .text.xTaskCheckForTimeOut
                0x00000000080079a8       0xa0 Middlewares/Third_Party/FreeRTOS/Source/tasks.o
                0x00000000080079a8                xTaskCheckForTimeOut
 .text.vTaskMissedYield
                0x0000000008007a48        0xc Middlewares/Third_Party/FreeRTOS/Source/tasks.o
                0x0000000008007a48                vTaskMissedYield
 .text.uxTaskGetStackHighWaterMark
                0x0000000008007a54       0x34 Middlewares/Third_Party/FreeRTOS/Source/tasks.o
                0x0000000008007a54                uxTaskGetStackHighWaterMark
 .text.xTaskGetSchedulerState
                0x0000000008007a88       0x20 Middlewares/Third_Party/FreeRTOS/Source/tasks.o
                0x0000000008007a88                xTaskGetSchedulerState
 .text.xTaskPriorityDisinherit
                0x0000000008007aa8       0x8c Middlewares/Third_Party/FreeRTOS/Source/tasks.o
                0x0000000008007aa8                xTaskPriorityDisinherit
 .text.ulTaskNotifyTake
                0x0000000008007b34       0xc4 Middlewares/Third_Party/FreeRTOS/Source/tasks.o
                0x0000000008007b34                ulTaskNotifyTake
 .text.xTaskGenericNotifyFromISR
                0x0000000008007bf8      0x128 Middlewares/Third_Party/FreeRTOS/Source/tasks.o
                0x0000000008007bf8                xTaskGenericNotifyFromISR
 .text.prvSwitchTimerLists
                0x0000000008007d20       0x9c Middlewares/Third_Party/FreeRTOS/Source/timers.o
 .text.prvTimerTask
                0x0000000008007dbc      0x294 Middlewares/Third_Party/FreeRTOS/Source/timers.o
 .text.xTimerCreateTimerTask
                0x0000000008008050       0xbc Middlewares/Third_Party/FreeRTOS/Source/timers.o
                0x0000000008008050                xTimerCreateTimerTask
 .text.prvPortStartFirstTask
                0x000000000800810c       0x28 Middlewares/Third_Party/FreeRTOS/Source/portable/GCC/ARM_CM4F/port.o
 .text.vPortEnableVFP
                0x0000000008008134       0x14 Middlewares/Third_Party/FreeRTOS/Source/portable/GCC/ARM_CM4F/port.o
 .text.prvTaskExitError
                0x0000000008008148       0x40 Middlewares/Third_Party/FreeRTOS/Source/portable/GCC/ARM_CM4F/port.o
 .text.pxPortInitialiseStack
                0x0000000008008188       0x30 Middlewares/Third_Party/FreeRTOS/Source/portable/GCC/ARM_CM4F/port.o
                0x0000000008008188                pxPortInitialiseStack
 *fill*         0x00000000080081b8        0x8 
 .text.SVC_Handler
                0x00000000080081c0       0x24 Middlewares/Third_Party/FreeRTOS/Source/portable/GCC/ARM_CM4F/port.o
                0x00000000080081c0                SVC_Handler
 .text.vPortEnterCritical
                0x00000000080081e4       0x44 Middlewares/Third_Party/FreeRTOS/Source/portable/GCC/ARM_CM4F/port.o
                0x00000000080081e4                vPortEnterCritical
 .text.vPortExitCritical
                0x0000000008008228       0x28 Middlewares/Third_Party/FreeRTOS/Source/portable/GCC/ARM_CM4F/port.o
                0x0000000008008228                vPortExitCritical
 .text.PendSV_Handler
                0x0000000008008250       0x64 Middlewares/Third_Party/FreeRTOS/Source/portable/GCC/ARM_CM4F/port.o
                0x0000000008008250                PendSV_Handler
 .text.xPortSysTickHandler
                0x00000000080082b4       0x2c Middlewares/Third_Party/FreeRTOS/Source/portable/GCC/ARM_CM4F/port.o
                0x00000000080082b4                xPortSysTickHandler
 .text.vPortSetupTimerInterrupt
                0x00000000080082e0       0x3c Middlewares/Third_Party/FreeRTOS/Source/portable/GCC/ARM_CM4F/port.o
                0x00000000080082e0                vPortSetupTimerInterrupt
 .text.xPortStartScheduler
                0x000000000800831c      0x138 Middlewares/Third_Party/FreeRTOS/Source/portable/GCC/ARM_CM4F/port.o
                0x000000000800831c                xPortStartScheduler
 .text.vPortValidateInterruptPriority
                0x0000000008008454       0x5c Middlewares/Third_Party/FreeRTOS/Source/portable/GCC/ARM_CM4F/port.o
                0x0000000008008454                vPortValidateInterruptPriority
 .text.pvPortMalloc
                0x00000000080084b0      0x178 Middlewares/Third_Party/FreeRTOS/Source/portable/MemMang/heap_4.o
                0x00000000080084b0                pvPortMalloc
 .text.vPortFree
                0x0000000008008628       0xbc Middlewares/Third_Party/FreeRTOS/Source/portable/MemMang/heap_4.o
                0x0000000008008628                vPortFree
 .text.__errno  0x00000000080086e4        0xc c:/st/stm32cubeide_1.6.1/stm32cubeide/plugins/com.st.stm32cube.ide.mcu.externaltools.gnu-tools-for-stm32.9-2020-q2-update.win32_1.5.0.202011040924/tools/bin/../lib/gcc/arm-none-eabi/9.3.1/../../../../arm-none-eabi/lib/thumb/v7e-m+fp/hard\libc_nano.a(lib_a-errno.o)
                0x00000000080086e4                __errno
 .text.__libc_init_array
                0x00000000080086f0       0x48 c:/st/stm32cubeide_1.6.1/stm32cubeide/plugins/com.st.stm32cube.ide.mcu.externaltools.gnu-tools-for-stm32.9-2020-q2-update.win32_1.5.0.202011040924/tools/bin/../lib/gcc/arm-none-eabi/9.3.1/../../../../arm-none-eabi/lib/thumb/v7e-m+fp/hard\libc_nano.a(lib_a-init.o)
                0x00000000080086f0                __libc_init_array
 .text.memcpy   0x0000000008008738       0x1c c:/st/stm32cubeide_1.6.1/stm32cubeide/plugins/com.st.stm32cube.ide.mcu.externaltools.gnu-tools-for-stm32.9-2020-q2-update.win32_1.5.0.202011040924/tools/bin/../lib/gcc/arm-none-eabi/9.3.1/../../../../arm-none-eabi/lib/thumb/v7e-m+fp/hard\libc_nano.a(lib_a-memcpy-stub.o)
                0x0000000008008738                memcpy
 .text.memset   0x0000000008008754       0x10 c:/st/stm32cubeide_1.6.1/stm32cubeide/plugins/com.st.stm32cube.ide.mcu.externaltools.gnu-tools-for-stm32.9-2020-q2-update.win32_1.5.0.202011040924/tools/bin/../lib/gcc/arm-none-eabi/9.3.1/../../../../arm-none-eabi/lib/thumb/v7e-m+fp/hard\libc_nano.a(lib_a-memset.o)
                0x0000000008008754                memset
 .text.printf   0x0000000008008764       0x30 c:/st/stm32cubeide_1.6.1/stm32cubeide/plugins/com.st.stm32cube.ide.mcu.externaltools.gnu-tools-for-stm32.9-2020-q2-update.win32_1.5.0.202011040924/tools/bin/../lib/gcc/arm-none-eabi/9.3.1/../../../../arm-none-eabi/lib/thumb/v7e-m+fp/hard\libc_nano.a(lib_a-printf.o)
                0x0000000008008764                iprintf
                0x0000000008008764                printf
 .text._puts_r  0x0000000008008794       0xdc c:/st/stm32cubeide_1.6.1/stm32cubeide/plugins/com.st.stm32cube.ide.mcu.externaltools.gnu-tools-for-stm32.9-2020-q2-update.win32_1.5.0.202011040924/tools/bin/../lib/gcc/arm-none-eabi/9.3.1/../../../../arm-none-eabi/lib/thumb/v7e-m+fp/hard\libc_nano.a(lib_a-puts.o)
                0x0000000008008794                _puts_r
 .text.puts     0x0000000008008870       0x10 c:/st/stm32cubeide_1.6.1/stm32cubeide/plugins/com.st.stm32cube.ide.mcu.externaltools.gnu-tools-for-stm32.9-2020-q2-update.win32_1.5.0.202011040924/tools/bin/../lib/gcc/arm-none-eabi/9.3.1/../../../../arm-none-eabi/lib/thumb/v7e-m+fp/hard\libc_nano.a(lib_a-puts.o)
                0x0000000008008870                puts
 .text.__swbuf_r
                0x0000000008008880       0xa4 c:/st/stm32cubeide_1.6.1/stm32cubeide/plugins/com.st.stm32cube.ide.mcu.externaltools.gnu-tools-for-stm32.9-2020-q2-update.win32_1.5.0.202011040924/tools/bin/../lib/gcc/arm-none-eabi/9.3.1/../../../../arm-none-eabi/lib/thumb/v7e-m+fp/hard\libc_nano.a(lib_a-wbuf.o)
                0x0000000008008880                __swbuf_r
 .text.__swsetup_r
                0x0000000008008924       0xdc c:/st/stm32cubeide_1.6.1/stm32cubeide/plugins/com.st.stm32cube.ide.mcu.externaltools.gnu-tools-for-stm32.9-2020-q2-update.win32_1.5.0.202011040924/tools/bin/../lib/gcc/arm-none-eabi/9.3.1/../../../../arm-none-eabi/lib/thumb/v7e-m+fp/hard\libc_nano.a(lib_a-wsetup.o)
                0x0000000008008924                __swsetup_r
 .text.__sflush_r
                0x0000000008008a00      0x10c c:/st/stm32cubeide_1.6.1/stm32cubeide/plugins/com.st.stm32cube.ide.mcu.externaltools.gnu-tools-for-stm32.9-2020-q2-update.win32_1.5.0.202011040924/tools/bin/../lib/gcc/arm-none-eabi/9.3.1/../../../../arm-none-eabi/lib/thumb/v7e-m+fp/hard\libc_nano.a(lib_a-fflush.o)
                0x0000000008008a00                __sflush_r
 .text._fflush_r
                0x0000000008008b0c       0x78 c:/st/stm32cubeide_1.6.1/stm32cubeide/plugins/com.st.stm32cube.ide.mcu.externaltools.gnu-tools-for-stm32.9-2020-q2-update.win32_1.5.0.202011040924/tools/bin/../lib/gcc/arm-none-eabi/9.3.1/../../../../arm-none-eabi/lib/thumb/v7e-m+fp/hard\libc_nano.a(lib_a-fflush.o)
                0x0000000008008b0c                _fflush_r
 .text.std      0x0000000008008b84       0x48 c:/st/stm32cubeide_1.6.1/stm32cubeide/plugins/com.st.stm32cube.ide.mcu.externaltools.gnu-tools-for-stm32.9-2020-q2-update.win32_1.5.0.202011040924/tools/bin/../lib/gcc/arm-none-eabi/9.3.1/../../../../arm-none-eabi/lib/thumb/v7e-m+fp/hard\libc_nano.a(lib_a-findfp.o)
 .text._cleanup_r
                0x0000000008008bcc        0xc c:/st/stm32cubeide_1.6.1/stm32cubeide/plugins/com.st.stm32cube.ide.mcu.externaltools.gnu-tools-for-stm32.9-2020-q2-update.win32_1.5.0.202011040924/tools/bin/../lib/gcc/arm-none-eabi/9.3.1/../../../../arm-none-eabi/lib/thumb/v7e-m+fp/hard\libc_nano.a(lib_a-findfp.o)
                0x0000000008008bcc                _cleanup_r
 .text.__sfmoreglue
                0x0000000008008bd8       0x2c c:/st/stm32cubeide_1.6.1/stm32cubeide/plugins/com.st.stm32cube.ide.mcu.externaltools.gnu-tools-for-stm32.9-2020-q2-update.win32_1.5.0.202011040924/tools/bin/../lib/gcc/arm-none-eabi/9.3.1/../../../../arm-none-eabi/lib/thumb/v7e-m+fp/hard\libc_nano.a(lib_a-findfp.o)
                0x0000000008008bd8                __sfmoreglue
 .text.__sfp_lock_acquire
                0x0000000008008c04        0xc c:/st/stm32cubeide_1.6.1/stm32cubeide/plugins/com.st.stm32cube.ide.mcu.externaltools.gnu-tools-for-stm32.9-2020-q2-update.win32_1.5.0.202011040924/tools/bin/../lib/gcc/arm-none-eabi/9.3.1/../../../../arm-none-eabi/lib/thumb/v7e-m+fp/hard\libc_nano.a(lib_a-findfp.o)
                0x0000000008008c04                __sfp_lock_acquire
 .text.__sfp_lock_release
                0x0000000008008c10        0xc c:/st/stm32cubeide_1.6.1/stm32cubeide/plugins/com.st.stm32cube.ide.mcu.externaltools.gnu-tools-for-stm32.9-2020-q2-update.win32_1.5.0.202011040924/tools/bin/../lib/gcc/arm-none-eabi/9.3.1/../../../../arm-none-eabi/lib/thumb/v7e-m+fp/hard\libc_nano.a(lib_a-findfp.o)
                0x0000000008008c10                __sfp_lock_release
 .text.__sinit_lock_acquire
                0x0000000008008c1c        0xc c:/st/stm32cubeide_1.6.1/stm32cubeide/plugins/com.st.stm32cube.ide.mcu.externaltools.gnu-tools-for-stm32.9-2020-q2-update.win32_1.5.0.202011040924/tools/bin/../lib/gcc/arm-none-eabi/9.3.1/../../../../arm-none-eabi/lib/thumb/v7e-m+fp/hard\libc_nano.a(lib_a-findfp.o)
                0x0000000008008c1c                __sinit_lock_acquire
 .text.__sinit_lock_release
                0x0000000008008c28        0xc c:/st/stm32cubeide_1.6.1/stm32cubeide/plugins/com.st.stm32cube.ide.mcu.externaltools.gnu-tools-for-stm32.9-2020-q2-update.win32_1.5.0.202011040924/tools/bin/../lib/gcc/arm-none-eabi/9.3.1/../../../../arm-none-eabi/lib/thumb/v7e-m+fp/hard\libc_nano.a(lib_a-findfp.o)
                0x0000000008008c28                __sinit_lock_release
 .text.__sinit  0x0000000008008c34       0x70 c:/st/stm32cubeide_1.6.1/stm32cubeide/plugins/com.st.stm32cube.ide.mcu.externaltools.gnu-tools-for-stm32.9-2020-q2-update.win32_1.5.0.202011040924/tools/bin/../lib/gcc/arm-none-eabi/9.3.1/../../../../arm-none-eabi/lib/thumb/v7e-m+fp/hard\libc_nano.a(lib_a-findfp.o)
                0x0000000008008c34                __sinit
 .text.__sfp    0x0000000008008ca4       0x8c c:/st/stm32cubeide_1.6.1/stm32cubeide/plugins/com.st.stm32cube.ide.mcu.externaltools.gnu-tools-for-stm32.9-2020-q2-update.win32_1.5.0.202011040924/tools/bin/../lib/gcc/arm-none-eabi/9.3.1/../../../../arm-none-eabi/lib/thumb/v7e-m+fp/hard\libc_nano.a(lib_a-findfp.o)
                0x0000000008008ca4                __sfp
 .text._fwalk_reent
                0x0000000008008d30       0x3e c:/st/stm32cubeide_1.6.1/stm32cubeide/plugins/com.st.stm32cube.ide.mcu.externaltools.gnu-tools-for-stm32.9-2020-q2-update.win32_1.5.0.202011040924/tools/bin/../lib/gcc/arm-none-eabi/9.3.1/../../../../arm-none-eabi/lib/thumb/v7e-m+fp/hard\libc_nano.a(lib_a-fwalk.o)
                0x0000000008008d30                _fwalk_reent
 .text.__retarget_lock_init_recursive
                0x0000000008008d6e        0x2 c:/st/stm32cubeide_1.6.1/stm32cubeide/plugins/com.st.stm32cube.ide.mcu.externaltools.gnu-tools-for-stm32.9-2020-q2-update.win32_1.5.0.202011040924/tools/bin/../lib/gcc/arm-none-eabi/9.3.1/../../../../arm-none-eabi/lib/thumb/v7e-m+fp/hard\libc_nano.a(lib_a-lock.o)
                0x0000000008008d6e                __retarget_lock_init_recursive
 .text.__retarget_lock_acquire_recursive
                0x0000000008008d70        0x2 c:/st/stm32cubeide_1.6.1/stm32cubeide/plugins/com.st.stm32cube.ide.mcu.externaltools.gnu-tools-for-stm32.9-2020-q2-update.win32_1.5.0.202011040924/tools/bin/../lib/gcc/arm-none-eabi/9.3.1/../../../../arm-none-eabi/lib/thumb/v7e-m+fp/hard\libc_nano.a(lib_a-lock.o)
                0x0000000008008d70                __retarget_lock_acquire_recursive
 .text.__retarget_lock_release_recursive
                0x0000000008008d72        0x2 c:/st/stm32cubeide_1.6.1/stm32cubeide/plugins/com.st.stm32cube.ide.mcu.externaltools.gnu-tools-for-stm32.9-2020-q2-update.win32_1.5.0.202011040924/tools/bin/../lib/gcc/arm-none-eabi/9.3.1/../../../../arm-none-eabi/lib/thumb/v7e-m+fp/hard\libc_nano.a(lib_a-lock.o)
                0x0000000008008d72                __retarget_lock_release_recursive
 .text.__swhatbuf_r
                0x0000000008008d74       0x48 c:/st/stm32cubeide_1.6.1/stm32cubeide/plugins/com.st.stm32cube.ide.mcu.externaltools.gnu-tools-for-stm32.9-2020-q2-update.win32_1.5.0.202011040924/tools/bin/../lib/gcc/arm-none-eabi/9.3.1/../../../../arm-none-eabi/lib/thumb/v7e-m+fp/hard\libc_nano.a(lib_a-makebuf.o)
                0x0000000008008d74                __swhatbuf_r
 .text.__smakebuf_r
                0x0000000008008dbc       0x80 c:/st/stm32cubeide_1.6.1/stm32cubeide/plugins/com.st.stm32cube.ide.mcu.externaltools.gnu-tools-for-stm32.9-2020-q2-update.win32_1.5.0.202011040924/tools/bin/../lib/gcc/arm-none-eabi/9.3.1/../../../../arm-none-eabi/lib/thumb/v7e-m+fp/hard\libc_nano.a(lib_a-makebuf.o)
                0x0000000008008dbc                __smakebuf_r
 .text._free_r  0x0000000008008e3c       0xa0 c:/st/stm32cubeide_1.6.1/stm32cubeide/plugins/com.st.stm32cube.ide.mcu.externaltools.gnu-tools-for-stm32.9-2020-q2-update.win32_1.5.0.202011040924/tools/bin/../lib/gcc/arm-none-eabi/9.3.1/../../../../arm-none-eabi/lib/thumb/v7e-m+fp/hard\libc_nano.a(lib_a-nano-freer.o)
                0x0000000008008e3c                _free_r
 .text._malloc_r
                0x0000000008008edc       0xb4 c:/st/stm32cubeide_1.6.1/stm32cubeide/plugins/com.st.stm32cube.ide.mcu.externaltools.gnu-tools-for-stm32.9-2020-q2-update.win32_1.5.0.202011040924/tools/bin/../lib/gcc/arm-none-eabi/9.3.1/../../../../arm-none-eabi/lib/thumb/v7e-m+fp/hard\libc_nano.a(lib_a-nano-mallocr.o)
                0x0000000008008edc                _malloc_r
 .text.__sfputc_r
                0x0000000008008f90       0x2e c:/st/stm32cubeide_1.6.1/stm32cubeide/plugins/com.st.stm32cube.ide.mcu.externaltools.gnu-tools-for-stm32.9-2020-q2-update.win32_1.5.0.202011040924/tools/bin/../lib/gcc/arm-none-eabi/9.3.1/../../../../arm-none-eabi/lib/thumb/v7e-m+fp/hard\libc_nano.a(lib_a-nano-vfprintf.o)
 .text.__sfputs_r
                0x0000000008008fbe       0x24 c:/st/stm32cubeide_1.6.1/stm32cubeide/plugins/com.st.stm32cube.ide.mcu.externaltools.gnu-tools-for-stm32.9-2020-q2-update.win32_1.5.0.202011040924/tools/bin/../lib/gcc/arm-none-eabi/9.3.1/../../../../arm-none-eabi/lib/thumb/v7e-m+fp/hard\libc_nano.a(lib_a-nano-vfprintf.o)
                0x0000000008008fbe                __sfputs_r
 *fill*         0x0000000008008fe2        0x2 
 .text._vfprintf_r
                0x0000000008008fe4      0x260 c:/st/stm32cubeide_1.6.1/stm32cubeide/plugins/com.st.stm32cube.ide.mcu.externaltools.gnu-tools-for-stm32.9-2020-q2-update.win32_1.5.0.202011040924/tools/bin/../lib/gcc/arm-none-eabi/9.3.1/../../../../arm-none-eabi/lib/thumb/v7e-m+fp/hard\libc_nano.a(lib_a-nano-vfprintf.o)
                0x0000000008008fe4                _vfprintf_r
                0x0000000008008fe4                _vfiprintf_r
 .text._printf_common
                0x0000000008009244       0xda c:/st/stm32cubeide_1.6.1/stm32cubeide/plugins/com.st.stm32cube.ide.mcu.externaltools.gnu-tools-for-stm32.9-2020-q2-update.win32_1.5.0.202011040924/tools/bin/../lib/gcc/arm-none-eabi/9.3.1/../../../../arm-none-eabi/lib/thumb/v7e-m+fp/hard\libc_nano.a(lib_a-nano-vfprintf_i.o)
                0x0000000008009244                _printf_common
 *fill*         0x000000000800931e        0x2 
 .text._printf_i
                0x0000000008009320      0x24c c:/st/stm32cubeide_1.6.1/stm32cubeide/plugins/com.st.stm32cube.ide.mcu.externaltools.gnu-tools-for-stm32.9-2020-q2-update.win32_1.5.0.202011040924/tools/bin/../lib/gcc/arm-none-eabi/9.3.1/../../../../arm-none-eabi/lib/thumb/v7e-m+fp/hard\libc_nano.a(lib_a-nano-vfprintf_i.o)
                0x0000000008009320                _printf_i
 .text._sbrk_r  0x000000000800956c       0x20 c:/st/stm32cubeide_1.6.1/stm32cubeide/plugins/com.st.stm32cube.ide.mcu.externaltools.gnu-tools-for-stm32.9-2020-q2-update.win32_1.5.0.202011040924/tools/bin/../lib/gcc/arm-none-eabi/9.3.1/../../../../arm-none-eabi/lib/thumb/v7e-m+fp/hard\libc_nano.a(lib_a-sbrkr.o)
                0x000000000800956c                _sbrk_r
 .text.__sread  0x000000000800958c       0x22 c:/st/stm32cubeide_1.6.1/stm32cubeide/plugins/com.st.stm32cube.ide.mcu.externaltools.gnu-tools-for-stm32.9-2020-q2-update.win32_1.5.0.202011040924/tools/bin/../lib/gcc/arm-none-eabi/9.3.1/../../../../arm-none-eabi/lib/thumb/v7e-m+fp/hard\libc_nano.a(lib_a-stdio.o)
                0x000000000800958c                __sread
 .text.__swrite
                0x00000000080095ae       0x38 c:/st/stm32cubeide_1.6.1/stm32cubeide/plugins/com.st.stm32cube.ide.mcu.externaltools.gnu-tools-for-stm32.9-2020-q2-update.win32_1.5.0.202011040924/tools/bin/../lib/gcc/arm-none-eabi/9.3.1/../../../../arm-none-eabi/lib/thumb/v7e-m+fp/hard\libc_nano.a(lib_a-stdio.o)
                0x00000000080095ae                __swrite
 .text.__sseek  0x00000000080095e6       0x24 c:/st/stm32cubeide_1.6.1/stm32cubeide/plugins/com.st.stm32cube.ide.mcu.externaltools.gnu-tools-for-stm32.9-2020-q2-update.win32_1.5.0.202011040924/tools/bin/../lib/gcc/arm-none-eabi/9.3.1/../../../../arm-none-eabi/lib/thumb/v7e-m+fp/hard\libc_nano.a(lib_a-stdio.o)
                0x00000000080095e6                __sseek
 .text.__sclose
                0x000000000800960a        0x8 c:/st/stm32cubeide_1.6.1/stm32cubeide/plugins/com.st.stm32cube.ide.mcu.externaltools.gnu-tools-for-stm32.9-2020-q2-update.win32_1.5.0.202011040924/tools/bin/../lib/gcc/arm-none-eabi/9.3.1/../../../../arm-none-eabi/lib/thumb/v7e-m+fp/hard\libc_nano.a(lib_a-stdio.o)
                0x000000000800960a                __sclose
 *fill*         0x0000000008009612        0x2 
 .text._write_r
                0x0000000008009614       0x24 c:/st/stm32cubeide_1.6.1/stm32cubeide/plugins/com.st.stm32cube.ide.mcu.externaltools.gnu-tools-for-stm32.9-2020-q2-update.win32_1.5.0.202011040924/tools/bin/../lib/gcc/arm-none-eabi/9.3.1/../../../../arm-none-eabi/lib/thumb/v7e-m+fp/hard\libc_nano.a(lib_a-writer.o)
                0x0000000008009614                _write_r
 .text._close_r
                0x0000000008009638       0x20 c:/st/stm32cubeide_1.6.1/stm32cubeide/plugins/com.st.stm32cube.ide.mcu.externaltools.gnu-tools-for-stm32.9-2020-q2-update.win32_1.5.0.202011040924/tools/bin/../lib/gcc/arm-none-eabi/9.3.1/../../../../arm-none-eabi/lib/thumb/v7e-m+fp/hard\libc_nano.a(lib_a-closer.o)
                0x0000000008009638                _close_r
 .text._fstat_r
                0x0000000008009658       0x24 c:/st/stm32cubeide_1.6.1/stm32cubeide/plugins/com.st.stm32cube.ide.mcu.externaltools.gnu-tools-for-stm32.9-2020-q2-update.win32_1.5.0.202011040924/tools/bin/../lib/gcc/arm-none-eabi/9.3.1/../../../../arm-none-eabi/lib/thumb/v7e-m+fp/hard\libc_nano.a(lib_a-fstatr.o)
                0x0000000008009658                _fstat_r
 .text._isatty_r
                0x000000000800967c       0x20 c:/st/stm32cubeide_1.6.1/stm32cubeide/plugins/com.st.stm32cube.ide.mcu.externaltools.gnu-tools-for-stm32.9-2020-q2-update.win32_1.5.0.202011040924/tools/bin/../lib/gcc/arm-none-eabi/9.3.1/../../../../arm-none-eabi/lib/thumb/v7e-m+fp/hard\libc_nano.a(lib_a-isattyr.o)
                0x000000000800967c                _isatty_r
 .text._lseek_r
                0x000000000800969c       0x24 c:/st/stm32cubeide_1.6.1/stm32cubeide/plugins/com.st.stm32cube.ide.mcu.externaltools.gnu-tools-for-stm32.9-2020-q2-update.win32_1.5.0.202011040924/tools/bin/../lib/gcc/arm-none-eabi/9.3.1/../../../../arm-none-eabi/lib/thumb/v7e-m+fp/hard\libc_nano.a(lib_a-lseekr.o)
                0x000000000800969c                _lseek_r
 .text.__malloc_lock
                0x00000000080096c0        0xc c:/st/stm32cubeide_1.6.1/stm32cubeide/plugins/com.st.stm32cube.ide.mcu.externaltools.gnu-tools-for-stm32.9-2020-q2-update.win32_1.5.0.202011040924/tools/bin/../lib/gcc/arm-none-eabi/9.3.1/../../../../arm-none-eabi/lib/thumb/v7e-m+fp/hard\libc_nano.a(lib_a-mlock.o)
                0x00000000080096c0                __malloc_lock
 .text.__malloc_unlock
                0x00000000080096cc        0xc c:/st/stm32cubeide_1.6.1/stm32cubeide/plugins/com.st.stm32cube.ide.mcu.externaltools.gnu-tools-for-stm32.9-2020-q2-update.win32_1.5.0.202011040924/tools/bin/../lib/gcc/arm-none-eabi/9.3.1/../../../../arm-none-eabi/lib/thumb/v7e-m+fp/hard\libc_nano.a(lib_a-mlock.o)
                0x00000000080096cc                __malloc_unlock