Archive member included to satisfy reference by file (symbol)

c:/st/stm32cubeide_1.6.1/stm32cubeide/plugins/com.st.stm32cube.ide.mcu.externaltools.gnu-tools-for-stm32.9-2020-q2-update.win32_1.5.0.202011040924/tools/bin/../lib/gcc/arm-none-eabi/9.3.1/../../../../arm-none-eabi/lib/thumb/v7e-m+fp/hard\libc_nano.a(lib_a-errno.o)
                              Core/Src/syscalls.o (__errno)
c:/st/stm32cubeide_1.6.1/stm32cubeide/plugins/com.st.stm32cube.ide.mcu.externaltools.gnu-tools-for-stm32.9-2020-q2-update.win32_1.5.0.202011040924/tools/bin/../lib/gcc/arm-none-eabi/9.3.1/../../../../arm-none-eabi/lib/thumb/v7e-m+fp/hard\libc_nano.a(lib_a-exit.o)
                              c:/st/stm32cubeide_1.6.1/stm32cubeide/plugins/com.st.stm32cube.ide.mcu.externaltools.gnu-tools-for-stm32.9-2020-q2-update.win32_1.5.0.202011040924/tools/bin/../lib/gcc/arm-none-eabi/9.3.1/../../../../arm-none-eabi/lib/thumb/v7e-m+fp/hard/crt0.o (exit)
c:/st/stm32cubeide_1.6.1/stm32cubeide/plugins/com.st.stm32cube.ide.mcu.externaltools.gnu-tools-for-stm32.9-2020-q2-update.win32_1.5.0.202011040924/tools/bin/../lib/gcc/arm-none-eabi/9.3.1/../../../../arm-none-eabi/lib/thumb/v7e-m+fp/hard\libc_nano.a(lib_a-impure.o)
                              c:/st/stm32cubeide_1.6.1/stm32cubeide/plugins/com.st.stm32cube.ide.mcu.externaltools.gnu-tools-for-stm32.9-2020-q2-update.win32_1.5.0.202011040924/tools/bin/../lib/gcc/arm-none-eabi/9.3.1/../../../../arm-none-eabi/lib/thumb/v7e-m+fp/hard\libc_nano.a(lib_a-exit.o) (_global_impure_ptr)
c:/st/stm32cubeide_1.6.1/stm32cubeide/plugins/com.st.stm32cube.ide.mcu.externaltools.gnu-tools-for-stm32.9-2020-q2-update.win32_1.5.0.202011040924/tools/bin/../lib/gcc/arm-none-eabi/9.3.1/../../../../arm-none-eabi/lib/thumb/v7e-m+fp/hard\libc_nano.a(lib_a-init.o)
                              c:/st/stm32cubeide_1.6.1/stm32cubeide/plugins/com.st.stm32cube.ide.mcu.externaltools.gnu-tools-for-stm32.9-2020-q2-update.win32_1.5.0.202011040924/tools/bin/../lib/gcc/arm-none-eabi/9.3.1/../../../../arm-none-eabi/lib/thumb/v7e-m+fp/hard/crt0.o (__libc_init_array)
c:/st/stm32cubeide_1.6.1/stm32cubeide/plugins/com.st.stm32cube.ide.mcu.externaltools.gnu-tools-for-stm32.9-2020-q2-update.win32_1.5.0.202011040924/tools/bin/../lib/gcc/arm-none-eabi/9.3.1/../../../../arm-none-eabi/lib/thumb/v7e-m+fp/hard\libc_nano.a(lib_a-memcpy-stub.o)
                              Middlewares/ST/BlueNRG-2/hci/bluenrg1_events.o (memcpy)
c:/st/stm32cubeide_1.6.1/stm32cubeide/plugins/com.st.stm32cube.ide.mcu.externaltools.gnu-tools-for-stm32.9-2020-q2-update.win32_1.5.0.202011040924/tools/bin/../lib/gcc/arm-none-eabi/9.3.1/../../../../arm-none-eabi/lib/thumb/v7e-m+fp/hard\libc_nano.a(lib_a-memset.o)
                              c:/st/stm32cubeide_1.6.1/stm32cubeide/plugins/com.st.stm32cube.ide.mcu.externaltools.gnu-tools-for-stm32.9-2020-q2-update.win32_1.5.0.202011040924/tools/bin/../lib/gcc/arm-none-eabi/9.3.1/../../../../arm-none-eabi/lib/thumb/v7e-m+fp/hard/crt0.o (memset)
c:/st/stm32cubeide_1.6.1/stm32cubeide/plugins/com.st.stm32cube.ide.mcu.externaltools.gnu-tools-for-stm32.9-2020-q2-update.win32_1.5.0.202011040924/tools/bin/../lib/gcc/arm-none-eabi/9.3.1/../../../../arm-none-eabi/lib/thumb/v7e-m+fp/hard\libc_nano.a(lib_a-printf.o)
                              Core/Src/main.o (printf)
c:/st/stm32cubeide_1.6.1/stm32cubeide/plugins/com.st.stm32cube.ide.mcu.externaltools.gnu-tools-for-stm32.9-2020-q2-update.win32_1.5.0.202011040924/tools/bin/../lib/gcc/arm-none-eabi/9.3.1/../../../../arm-none-eabi/lib/thumb/v7e-m+fp/hard\libc_nano.a(lib_a-puts.o)
                              Core/Src/main.o (puts)
c:/st/stm32cubeide_1.6.1/stm32cubeide/plugins/com.st.stm32cube.ide.mcu.externaltools.gnu-tools-for-stm32.9-2020-q2-update.win32_1.5.0.202011040924/tools/bin/../lib/gcc/arm-none-eabi/9.3.1/../../../../arm-none-eabi/lib/thumb/v7e-m+fp/hard\libc_nano.a(lib_a-sprintf.o)
                              Middlewares/Third_Party/FreeRTOS/Source/tasks.o (sprintf)
c:/st/stm32cubeide_1.6.1/stm32cubeide/plugins/com.st.stm32cube.ide.mcu.externaltools.gnu-tools-for-stm32.9-2020-q2-update.win32_1.5.0.202011040924/tools/bin/../lib/gcc/arm-none-eabi/9.3.1/../../../../arm-none-eabi/lib/thumb/v7e-m+fp/hard\libc_nano.a(lib_a-stpcpy.o)
                              Middlewares/Third_Party/FreeRTOS/Source/tasks.o (stpcpy)
c:/st/stm32cubeide_1.6.1/stm32cubeide/plugins/com.st.stm32cube.ide.mcu.externaltools.gnu-tools-for-stm32.9-2020-q2-update.win32_1.5.0.202011040924/tools/bin/../lib/gcc/arm-none-eabi/9.3.1/../../../../arm-none-eabi/lib/thumb/v7e-m+fp/hard\libc_nano.a(lib_a-strlen.o)
                              Middlewares/Third_Party/FreeRTOS/Source/tasks.o (strlen)
c:/st/stm32cubeide_1.6.1/stm32cubeide/plugins/com.st.stm32cube.ide.mcu.externaltools.gnu-tools-for-stm32.9-2020-q2-update.win32_1.5.0.202011040924/tools/bin/../lib/gcc/arm-none-eabi/9.3.1/../../../../arm-none-eabi/lib/thumb/v7e-m+fp/hard\libc_nano.a(lib_a-wbuf.o)
[...]
Memory Configuration

Name             Origin             Length             Attributes
RAM              0x0000000020000000 0x0000000000020000 xrw
FLASH            0x0000000008000000 0x0000000000080000 xr
*default*        0x0000000000000000 0xffffffffffffffff

Linker script and memory map

LOAD c:/st/stm32cubeide_1.6.1/stm32cubeide/plugins/com.st.stm32cube.ide.mcu.externaltools.gnu-tools-for-stm32.9-2020-q2-update.win32_1.5.0.202011040924/tools/bin/../lib/gcc/arm-none-eabi/9.3.1/thumb/v7e-m+fp/hard/crti.o
LOAD c:/st/stm32cubeide_1.6.1/stm32cubeide/plugins/com.st.stm32cube.ide.mcu.externaltools.gnu-tools-for-stm32.9-2020-q2-update.win32_1.5.0.202011040924/tools/bin/../lib/gcc/arm-none-eabi/9.3.1/thumb/v7e-m+fp/hard/crtbegin.o
LOAD c:/st/stm32cubeide_1.6.1/stm32cubeide/plugins/com.st.stm32cube.ide.mcu.externaltools.gnu-tools-for-stm32.9-2020-q2-update.win32_1.5.0.202011040924/tools/bin/../lib/gcc/arm-none-eabi/9.3.1/../../../../arm-none-eabi/lib/thumb/v7e-m+fp/hard/crt0.o
LOAD BlueNRG-2/Target/hci_tl_interface.o
LOAD Core/Src/adc.o
LOAD Core/Src/car_app_ble.o
LOAD Core/Src/car_app_freertos.o
LOAD Core/Src/custom_bus.o
LOAD Core/Src/dma.o
LOAD Core/Src/freertos.o
LOAD Core/Src/gpio.o
LOAD Core/Src/i2c.o
LOAD Core/Src/main.o
LOAD Core/Src/stm32f4xx_hal_msp.o
LOAD Core/Src/stm32f4xx_hal_timebase_tim.o
LOAD Core/Src/stm32f4xx_it.o
LOAD Core/Src/syscalls.o
LOAD Core/Src/sysmem.o
LOAD Core/Src/system_stm32f4xx.o
LOAD Core/Src/tim.o
LOAD Core/Startup/startup_stm32f411retx.o
LOAD Drivers/STM32F4xx_HAL_Driver/Src/stm32f4xx_hal.o
LOAD Drivers/STM32F4xx_HAL_Driver/Src/stm32f4xx_hal_adc.o
LOAD Drivers/STM32F4xx_HAL_Driver/Src/stm32f4xx_hal_adc_ex.o
LOAD Drivers/STM32F4xx_HAL_Driver/Src/stm32f4xx_hal_cortex.o
LOAD Drivers/STM32F4xx_HAL_Driver/Src/stm32f4xx_hal_dma.o
LOAD Drivers/STM32F4xx_HAL_Driver/Src/stm32f4xx_hal_dma_ex.o
LOAD Drivers/STM32F4xx_HAL_Driver/Src/stm32f4xx_hal_exti.o
LOAD Drivers/STM32F4xx_HAL_Driver/Src/stm32f4xx_hal_flash.o
LOAD Drivers/STM32F4xx_HAL_Driver/Src/stm32f4xx_hal_flash_ex.o
LOAD Drivers/STM32F4xx_HAL_Driver/Src/stm32f4xx_hal_flash_ramfunc.o
LOAD Drivers/STM32F4xx_HAL_Driver/Src/stm32f4xx_hal_gpio.o
LOAD Drivers/STM32F4xx_HAL_Driver/Src/stm32f4xx_hal_i2c.o
LOAD Drivers/STM32F4xx_HAL_Driver/Src/stm32f4xx_hal_i2c_ex.o
LOAD Drivers/STM32F4xx_HAL_Driver/Src/stm32f4xx_hal_pwr.o
LOAD Drivers/STM32F4xx_HAL_Driver/Src/stm32f4xx_hal_pwr_ex.o
LOAD Drivers/STM32F4xx_HAL_Driver/Src/stm32f4xx_hal_rcc.o
LOAD Drivers/STM32F4xx_HAL_Driver/Src/stm32f4xx_hal_rcc_ex.o
LOAD Drivers/STM32F4xx_HAL_Driver/Src/stm32f4xx_hal_spi.o
LOAD Drivers/STM32F4xx_HAL_Driver/Src/stm32f4xx_hal_tim.o
LOAD Drivers/STM32F4xx_HAL_Driver/Src/stm32f4xx_hal_tim_ex.o
LOAD Drivers/STM32F4xx_HAL_Driver/Src/stm32f4xx_ll_adc.o
LOAD Middlewares/ST/BlueNRG-2/hci/bluenrg1_devConfig.o
LOAD Middlewares/ST/BlueNRG-2/hci/bluenrg1_events.o
LOAD Middlewares/ST/BlueNRG-2/hci/bluenrg1_events_cb.o
LOAD Middlewares/ST/BlueNRG-2/hci/bluenrg1_hci_le.o
LOAD Middlewares/ST/BlueNRG-2/hci/controller/bluenrg1_gap_aci.o
LOAD Middlewares/ST/BlueNRG-2/hci/controller/bluenrg1_gatt_aci.o
LOAD Middlewares/ST/BlueNRG-2/hci/controller/bluenrg1_hal_aci.o
LOAD Middlewares/ST/BlueNRG-2/hci/controller/bluenrg1_l2cap_aci.o
LOAD Middlewares/ST/BlueNRG-2/hci/hci_tl_patterns/Basic/hci_tl.o
LOAD Middlewares/ST/BlueNRG-2/utils/ble_list.o
LOAD Middlewares/Third_Party/FreeRTOS/Source/CMSIS_RTOS_V2/cmsis_os2.o
LOAD Middlewares/Third_Party/FreeRTOS/Source/croutine.o
LOAD Middlewares/Third_Party/FreeRTOS/Source/event_groups.o
LOAD Middlewares/Third_Party/FreeRTOS/Source/list.o
LOAD Middlewares/Third_Party/FreeRTOS/Source/queue.o
LOAD Middlewares/Third_Party/FreeRTOS/Source/stream_buffer.o
LOAD Middlewares/Third_Party/FreeRTOS/Source/tasks.o
LOAD Middlewares/Third_Party/FreeRTOS/Source/timers.o
LOAD Middlewares/Third_Party/FreeRTOS/Source/portable/GCC/ARM_CM4F/port.o
LOAD Middlewares/Third_Party/FreeRTOS/Source/portable/MemMang/heap_4.o
START GROUP
LOAD c:/st/stm32cubeide_1.6.1/stm32cubeide/plugins/com.st.stm32cube.ide.mcu.externaltools.gnu-tools-for-stm32.9-2020-q2-update.win32_1.5.0.202011040924/tools/bin/../lib/gcc/arm-none-eabi/9.3.1/../../../../arm-none-eabi/lib/thumb/v7e-m+fp/hard\libc_nano.a
LOAD c:/st/stm32cubeide_1.6.1/stm32cubeide/plugins/com.st.stm32cube.ide.mcu.externaltools.gnu-tools-for-stm32.9-2020-q2-update.win32_1.5.0.202011040924/tools/bin/../lib/gcc/arm-none-eabi/9.3.1/../../../../arm-none-eabi/lib/thumb/v7e-m+fp/hard\libm.a
END GROUP
START GROUP
LOAD c:/st/stm32cubeide_1.6.1/stm32cubeide/plugins/com.st.stm32cube.ide.mcu.externaltools.gnu-tools-for-stm32.9-2020-q2-update.win32_1.5.0.202011040924/tools/bin/../lib/gcc/arm-none-eabi/9.3.1/thumb/v7e-m+fp/hard\libgcc.a
LOAD c:/st/stm32cubeide_1.6.1/stm32cubeide/plugins/com.st.stm32cube.ide.mcu.externaltools.gnu-tools-for-stm32.9-2020-q2-update.win32_1.5.0.202011040924/tools/bin/../lib/gcc/arm-none-eabi/9.3.1/../../../../arm-none-eabi/lib/thumb/v7e-m+fp/hard\libc_nano.a
END GROUP
START GROUP
LOAD c:/st/stm32cubeide_1.6.1/stm32cubeide/plugins/com.st.stm32cube.ide.mcu.externaltools.gnu-tools-for-stm32.9-2020-q2-update.win32_1.5.0.202011040924/tools/bin/../lib/gcc/arm-none-eabi/9.3.1/thumb/v7e-m+fp/hard\libgcc.a
LOAD c:/st/stm32cubeide_1.6.1/stm32cubeide/plugins/com.st.stm32cube.ide.mcu.externaltools.gnu-tools-for-stm32.9-2020-q2-update.win32_1.5.0.202011040924/tools/bin/../lib/gcc/arm-none-eabi/9.3.1/../../../../arm-none-eabi/lib/thumb/v7e-m+fp/hard\libc_nano.a
LOAD c:/st/stm32cubeide_1.6.1/stm32cubeide/plugins/com.st.stm32cube.ide.mcu.externaltools.gnu-tools-for-stm32.9-2020-q2-update.win32_1.5.0.202011040924/tools/bin/../lib/gcc/arm-none-eabi/9.3.1/../../../../arm-none-eabi/lib/thumb/v7e-m+fp/hard\libnosys.a
END GROUP
START GROUP
LOAD c:/st/stm32cubeide_1.6.1/stm32cubeide/plugins/com.st.stm32cube.ide.mcu.externaltools.gnu-tools-for-stm32.9-2020-q2-update.win32_1.5.0.202011040924/tools/bin/../lib/gcc/arm-none-eabi/9.3.1/thumb/v7e-m+fp/hard\libgcc.a
LOAD c:/st/stm32cubeide_1.6.1/stm32cubeide/plugins/com.st.stm32cube.ide.mcu.externaltools.gnu-tools-for-stm32.9-2020-q2-update.win32_1.5.0.202011040924/tools/bin/../lib/gcc/arm-none-eabi/9.3.1/../../../../arm-none-eabi/lib/thumb/v7e-m+fp/hard\libc_nano.a
LOAD c:/st/stm32cubeide_1.6.1/stm32cubeide/plugins/com.st.stm32cube.ide.mcu.externaltools.gnu-tools-for-stm32.9-2020-q2-update.win32_1.5.0.202011040924/tools/bin/../lib/gcc/arm-none-eabi/9.3.1/../../../../arm-none-eabi/lib/thumb/v7e-m+fp/hard\libnosys.a
END GROUP
LOAD c:/st/stm32cubeide_1.6.1/stm32cubeide/plugins/com.st.stm32cube.ide.mcu.externaltools.gnu-tools-for-stm32.9-2020-q2-update.win32_1.5.0.202011040924/tools/bin/../lib/gcc/arm-none-eabi/9.3.1/thumb/v7e-m+fp/hard/crtend.o
LOAD c:/st/stm32cubeide_1.6.1/stm32cubeide/plugins/com.st.stm32cube.ide.mcu.externaltools.gnu-tools-for-stm32.9-2020-q2-update.win32_1.5.0.202011040924/tools/bin/../lib/gcc/arm-none-eabi/9.3.1/thumb/v7e-m+fp/hard/crtn.o
                0x0000000020020000                _estack = (ORIGIN (RAM) + LENGTH (RAM))
                0x0000000000001900                _Min_Heap_Size = 0x1900
                0x0000000000001f00                _Min_Stack_Size = 0x1f00

.isr_vector     0x0000000008000000      0x198
                0x0000000008000000                . = ALIGN (0x4)
 *(.isr_vector)
 .isr_vector    0x0000000008000000      0x198 Core/Startup/startup_stm32f411retx.o
                0x0000000008000000                g_pfnVectors
                0x0000000008000198                . = ALIGN (0x4)

.text           0x00000000080001a0     0x9754
                0x00000000080001a0                . = ALIGN (0x4)
 *(.text)
 .text          0x00000000080001a0       0x40 c:/st/stm32cubeide_1.6.1/stm32cubeide/plugins/com.st.stm32cube.ide.mcu.externaltools.gnu-tools-for-stm32.9-2020-q2-update.win32_1.5.0.202011040924/tools/bin/../lib/gcc/arm-none-eabi/9.3.1/thumb/v7e-m+fp/hard/crtbegin.o
 .text          0x00000000080001e0       0xa0 c:/st/stm32cubeide_1.6.1/stm32cubeide/plugins/com.st.stm32cube.ide.mcu.externaltools.gnu-tools-for-stm32.9-2020-q2-update.win32_1.5.0.202011040924/tools/bin/../lib/gcc/arm-none-eabi/9.3.1/../../../../arm-none-eabi/lib/thumb/v7e-m+fp/hard\libc_nano.a(lib_a-memchr.o)
                0x00000000080001e0                memchr
 .text          0x0000000008000280       0x30 c:/st/stm32cubeide_1.6.1/stm32cubeide/plugins/com.st.stm32cube.ide.mcu.externaltools.gnu-tools-for-stm32.9-2020-q2-update.win32_1.5.0.202011040924/tools/bin/../lib/gcc/arm-none-eabi/9.3.1/thumb/v7e-m+fp/hard\libgcc.a(_aeabi_uldivmod.o)
                0x0000000008000280                __aeabi_uldivmod
 .text          0x00000000080002b0      0x2c4 c:/st/stm32cubeide_1.6.1/stm32cubeide/plugins/com.st.stm32cube.ide.mcu.externaltools.gnu-tools-for-stm32.9-2020-q2-update.win32_1.5.0.202011040924/tools/bin/../lib/gcc/arm-none-eabi/9.3.1/thumb/v7e-m+fp/hard\libgcc.a(_udivmoddi4.o)
                0x00000000080002b0                __udivmoddi4
 .text          0x0000000008000574        0x4 c:/st/stm32cubeide_1.6.1/stm32cubeide/plugins/com.st.stm32cube.ide.mcu.externaltools.gnu-tools-for-stm32.9-2020-q2-update.win32_1.5.0.202011040924/tools/bin/../lib/gcc/arm-none-eabi/9.3.1/thumb/v7e-m+fp/hard\libgcc.a(_dvmd_tls.o)
                0x0000000008000574                __aeabi_idiv0
                0x0000000008000574                __aeabi_ldiv0
 *(.text*)
 .text.HCI_TL_SPI_Init
                0x0000000008000578       0x7c BlueNRG-2/Target/hci_tl_interface.o
                0x0000000008000578                HCI_TL_SPI_Init
 .text.HCI_TL_SPI_DeInit
                0x00000000080005f4       0x24 BlueNRG-2/Target/hci_tl_interface.o
                0x00000000080005f4                HCI_TL_SPI_DeInit
 .text.HCI_TL_SPI_Reset
                0x0000000008000618       0x3c BlueNRG-2/Target/hci_tl_interface.o
                0x0000000008000618                HCI_TL_SPI_Reset
 .text.HCI_TL_SPI_Receive
                0x0000000008000654       0x88 BlueNRG-2/Target/hci_tl_interface.o
                0x0000000008000654                HCI_TL_SPI_Receive
 .text.HCI_TL_SPI_Send
                0x00000000080006dc       0xd0 BlueNRG-2/Target/hci_tl_interface.o
                0x00000000080006dc                HCI_TL_SPI_Send
 .text.hci_tl_lowlevel_isr
                0x00000000080007ac       0x24 BlueNRG-2/Target/hci_tl_interface.o
                0x00000000080007ac                hci_tl_lowlevel_isr
 .text.hci_tl_lowlevel_init
                0x00000000080007d0       0x6c BlueNRG-2/Target/hci_tl_interface.o
                0x00000000080007d0                hci_tl_lowlevel_init
 .text.MX_ADC1_Init
                0x000000000800083c       0x70 Core/Src/adc.o
                0x000000000800083c                MX_ADC1_Init
 .text.HAL_ADC_MspInit
                0x00000000080008ac       0xa8 Core/Src/adc.o
                0x00000000080008ac                HAL_ADC_MspInit
 .text.APP_UserEvtRx
                0x0000000008000954      0x148 Core/Src/car_app_ble.o
                0x0000000008000954                APP_UserEvtRx
 .text.BlueNRG_Init
                0x0000000008000a9c      0x454 Core/Src/car_app_ble.o
                0x0000000008000a9c                BlueNRG_Init
 .text.BlueNRG_MakeDeviceDiscoverable
                0x0000000008000ef0       0x7c Core/Src/car_app_ble.o
                0x0000000008000ef0                BlueNRG_MakeDeviceDiscoverable
 .text.hci_le_connection_complete_event
                0x0000000008000f6c       0x7c Core/Src/car_app_ble.o
                0x0000000008000f6c                hci_le_connection_complete_event
 .text.hci_disconnection_complete_event
                0x0000000008000fe8       0x68 Core/Src/car_app_ble.o
                0x0000000008000fe8                hci_disconnection_complete_event
 .text.aci_gatt_notification_event
                0x0000000008001050        0x4 Core/Src/car_app_ble.o
                0x0000000008001050                aci_gatt_notification_event
 .text.aci_gatt_attribute_modified_event
                0x0000000008001054      0x138 Core/Src/car_app_ble.o
                0x0000000008001054                aci_gatt_attribute_modified_event
 .text.Task_ManageBLEEvents
                0x000000000800118c       0x28 Core/Src/car_app_freertos.o
 .text.Task_BlinkLEDIndicator
                0x00000000080011b4       0x34 Core/Src/car_app_freertos.o
 .text.Task_ParseBLEMessage
                0x00000000080011e8       0x8c Core/Src/car_app_freertos.o
 .text.Task_ManageBLEConnections
                0x0000000008001274       0x48 Core/Src/car_app_freertos.o
 .text.FRTOS_Init_Tasks
                0x00000000080012bc       0xcc Core/Src/car_app_freertos.o
                0x00000000080012bc                FRTOS_Init_Tasks
 .text.BSP_SPI1_SendRecv
                0x0000000008001388       0x2c Core/Src/custom_bus.o
                0x0000000008001388                BSP_SPI1_SendRecv
 .text.BSP_GetTick
                0x00000000080013b4        0x4 Core/Src/custom_bus.o
                0x00000000080013b4                BSP_GetTick
 .text.MX_SPI1_Init
                0x00000000080013b8       0x3c Core/Src/custom_bus.o
                0x00000000080013b8                MX_SPI1_Init
 .text.BSP_SPI1_Init
                0x00000000080013f4       0xd8 Core/Src/custom_bus.o
                0x00000000080013f4                BSP_SPI1_Init
 .text.MX_DMA_Init
                0x00000000080014cc       0x34 Core/Src/dma.o
                0x00000000080014cc                MX_DMA_Init
 .text.configureTimerForRunTimeStats
                0x0000000008001500        0x4 Core/Src/freertos.o
                0x0000000008001500                configureTimerForRunTimeStats
 .text.getRunTimeCounterValue
                0x0000000008001504        0x4 Core/Src/freertos.o
                0x0000000008001504                getRunTimeCounterValue
 .text.vApplicationIdleHook
                0x0000000008001508        0x4 Core/Src/freertos.o
                0x0000000008001508                vApplicationIdleHook
 .text.vApplicationMallocFailedHook
                0x000000000800150c        0x4 Core/Src/freertos.o
                0x000000000800150c                vApplicationMallocFailedHook
 .text.MX_FREERTOS_Init
                0x0000000008001510        0x4 Core/Src/freertos.o
                0x0000000008001510                MX_FREERTOS_Init
 .text.MX_GPIO_Init
                0x0000000008001514      0x168 Core/Src/gpio.o
                0x0000000008001514                MX_GPIO_Init
 .text.MX_I2C1_Init
                0x000000000800167c       0x3c Core/Src/i2c.o
                0x000000000800167c                MX_I2C1_Init
 .text.HAL_I2C_MspInit
                0x00000000080016b8       0x84 Core/Src/i2c.o
                0x00000000080016b8                HAL_I2C_MspInit
 .text._write   0x000000000800173c       0x40 Core/Src/main.o
                0x000000000800173c                _write
 .text.SystemClock_Config
                0x000000000800177c       0xa8 Core/Src/main.o
                0x000000000800177c                SystemClock_Config
 .text.startup.main
                0x0000000008001824       0x5c Core/Src/main.o
                0x0000000008001824                main
 .text.Error_Handler
                0x0000000008001880        0x4 Core/Src/main.o
                0x0000000008001880                Error_Handler
 .text.assert_failed
                0x0000000008001884       0x14 Core/Src/main.o
                0x0000000008001884                assert_failed
 .text.HAL_MspInit
                0x0000000008001898       0x40 Core/Src/stm32f4xx_hal_msp.o
                0x0000000008001898                HAL_MspInit
 .text.HAL_InitTick
                0x00000000080018d8       0x7c Core/Src/stm32f4xx_hal_timebase_tim.o
                0x00000000080018d8                HAL_InitTick
 .text.NMI_Handler
                0x0000000008001954        0x4 Core/Src/stm32f4xx_it.o
                0x0000000008001954                NMI_Handler
 .text.HardFault_Handler
                0x0000000008001958       0x18 Core/Src/stm32f4xx_it.o
                0x0000000008001958                HardFault_Handler
 .text.HardFault_Handler_C
                0x0000000008001970      0x18c Core/Src/stm32f4xx_it.o
                0x0000000008001970                HardFault_Handler_C
 .text.MemManage_Handler
                0x0000000008001afc        0x4 Core/Src/stm32f4xx_it.o
                0x0000000008001afc                MemManage_Handler
 .text.BusFault_Handler
                0x0000000008001b00        0x4 Core/Src/stm32f4xx_it.o
                0x0000000008001b00                BusFault_Handler
 .text.UsageFault_Handler
                0x0000000008001b04        0x4 Core/Src/stm32f4xx_it.o
                0x0000000008001b04                UsageFault_Handler
 .text.DebugMon_Handler
                0x0000000008001b08        0x4 Core/Src/stm32f4xx_it.o
                0x0000000008001b08                DebugMon_Handler
 .text.EXTI0_IRQHandler
                0x0000000008001b0c        0xc Core/Src/stm32f4xx_it.o
                0x0000000008001b0c                EXTI0_IRQHandler
 .text.TIM1_BRK_TIM9_IRQHandler
                0x0000000008001b18        0xc Core/Src/stm32f4xx_it.o
                0x0000000008001b18                TIM1_BRK_TIM9_IRQHandler
 .text.TIM2_IRQHandler
                0x0000000008001b24        0xc Core/Src/stm32f4xx_it.o
                0x0000000008001b24                TIM2_IRQHandler
 .text.I2C1_EV_IRQHandler
                0x0000000008001b30        0xc Core/Src/stm32f4xx_it.o
                0x0000000008001b30                I2C1_EV_IRQHandler
 .text.EXTI15_10_IRQHandler
                0x0000000008001b3c        0x8 Core/Src/stm32f4xx_it.o
                0x0000000008001b3c                EXTI15_10_IRQHandler
 .text.TIM5_IRQHandler
                0x0000000008001b44        0xc Core/Src/stm32f4xx_it.o
                0x0000000008001b44                TIM5_IRQHandler
 .text.DMA2_Stream0_IRQHandler
                0x0000000008001b50        0xc Core/Src/stm32f4xx_it.o
                0x0000000008001b50                DMA2_Stream0_IRQHandler
 .text.HAL_TIM_PeriodElapsedCallback
                0x0000000008001b5c       0x10 Core/Src/stm32f4xx_it.o
                0x0000000008001b5c                HAL_TIM_PeriodElapsedCallback
 .text._read    0x0000000008001b6c       0x1c Core/Src/syscalls.o
                0x0000000008001b6c                _read
 .text._close   0x0000000008001b88        0x8 Core/Src/syscalls.o
                0x0000000008001b88                _close
 .text._fstat   0x0000000008001b90        0xc Core/Src/syscalls.o
                0x0000000008001b90                _fstat
 .text._isatty  0x0000000008001b9c        0x4 Core/Src/syscalls.o
                0x0000000008001b9c                _isatty
 .text._lseek   0x0000000008001ba0        0x4 Core/Src/syscalls.o
                0x0000000008001ba0                _lseek
 .text._sbrk    0x0000000008001ba4       0x44 Core/Src/sysmem.o
                0x0000000008001ba4                _sbrk
 .text.SystemInit
                0x0000000008001be8       0x14 Core/Src/system_stm32f4xx.o
                0x0000000008001be8                SystemInit
 .text.MX_TIM5_Init
                0x0000000008001bfc       0x74 Core/Src/tim.o
                0x0000000008001bfc                MX_TIM5_Init
 .text.MX_TIM9_Init
                0x0000000008001c70       0x58 Core/Src/tim.o
                0x0000000008001c70                MX_TIM9_Init
 .text.HAL_TIM_Base_MspInit
                0x0000000008001cc8       0x80 Core/Src/tim.o
                0x0000000008001cc8                HAL_TIM_Base_MspInit
 .text.Reset_Handler
                0x0000000008001d48       0x50 Core/Startup/startup_stm32f411retx.o
                0x0000000008001d48                Reset_Handler
 .text.Default_Handler
                0x0000000008001d98        0x2 Core/Startup/startup_stm32f411retx.o
                0x0000000008001d98                RTC_Alarm_IRQHandler
                0x0000000008001d98                EXTI2_IRQHandler
                0x0000000008001d98                SPI4_IRQHandler
                0x0000000008001d98                TIM1_CC_IRQHandler
                0x0000000008001d98                DMA2_Stream5_IRQHandler
                0x0000000008001d98                DMA1_Stream5_IRQHandler
                0x0000000008001d98                PVD_IRQHandler
                0x0000000008001d98                SDIO_IRQHandler
                0x0000000008001d98                TAMP_STAMP_IRQHandler
                0x0000000008001d98                EXTI3_IRQHandler
                0x0000000008001d98                TIM1_UP_TIM10_IRQHandler
                0x0000000008001d98                I2C3_ER_IRQHandler
                0x0000000008001d98                I2C2_EV_IRQHandler
                0x0000000008001d98                DMA1_Stream2_IRQHandler
                0x0000000008001d98                FPU_IRQHandler
                0x0000000008001d98                DMA2_Stream2_IRQHandler
                0x0000000008001d98                SPI1_IRQHandler
                0x0000000008001d98                DMA2_Stream3_IRQHandler
                0x0000000008001d98                USART6_IRQHandler
                0x0000000008001d98                TIM4_IRQHandler
                0x0000000008001d98                DMA1_Stream6_IRQHandler
                0x0000000008001d98                DMA1_Stream1_IRQHandler
                0x0000000008001d98                TIM3_IRQHandler
                0x0000000008001d98                RCC_IRQHandler
                0x0000000008001d98                Default_Handler
                0x0000000008001d98                ADC_IRQHandler
                0x0000000008001d98                DMA1_Stream7_IRQHandler
                0x0000000008001d98                SPI5_IRQHandler
                0x0000000008001d98                DMA2_Stream7_IRQHandler
                0x0000000008001d98                I2C3_EV_IRQHandler
                0x0000000008001d98                EXTI9_5_IRQHandler
                0x0000000008001d98                RTC_WKUP_IRQHandler
                0x0000000008001d98                SPI2_IRQHandler
                0x0000000008001d98                DMA1_Stream0_IRQHandler
                0x0000000008001d98                EXTI4_IRQHandler
                0x0000000008001d98                WWDG_IRQHandler
                0x0000000008001d98                OTG_FS_WKUP_IRQHandler
                0x0000000008001d98                TIM1_TRG_COM_TIM11_IRQHandler
                0x0000000008001d98                EXTI1_IRQHandler
                0x0000000008001d98                USART2_IRQHandler
                0x0000000008001d98                I2C2_ER_IRQHandler
                0x0000000008001d98                DMA2_Stream1_IRQHandler
                0x0000000008001d98                FLASH_IRQHandler
                0x0000000008001d98                DMA2_Stream4_IRQHandler
                0x0000000008001d98                USART1_IRQHandler
                0x0000000008001d98                OTG_FS_IRQHandler
                0x0000000008001d98                SPI3_IRQHandler
                0x0000000008001d98                DMA1_Stream4_IRQHandler
                0x0000000008001d98                I2C1_ER_IRQHandler
                0x0000000008001d98                DMA2_Stream6_IRQHandler
                0x0000000008001d98                DMA1_Stream3_IRQHandler
 *fill*         0x0000000008001d9a        0x2 
 .text.HAL_Init
                0x0000000008001d9c       0x34 Drivers/STM32F4xx_HAL_Driver/Src/stm32f4xx_hal.o
                0x0000000008001d9c                HAL_Init
 .text.HAL_IncTick
                0x0000000008001dd0       0x18 Drivers/STM32F4xx_HAL_Driver/Src/stm32f4xx_hal.o
                0x0000000008001dd0                HAL_IncTick
 .text.HAL_GetTick
                0x0000000008001de8        0xc Drivers/STM32F4xx_HAL_Driver/Src/stm32f4xx_hal.o
                0x0000000008001de8                HAL_GetTick
 .text.HAL_Delay
                0x0000000008001df4       0x24 Drivers/STM32F4xx_HAL_Driver/Src/stm32f4xx_hal.o
                0x0000000008001df4                HAL_Delay
 .text.HAL_ADC_Init
                0x0000000008001e18      0x2b8 Drivers/STM32F4xx_HAL_Driver/Src/stm32f4xx_hal_adc.o
                0x0000000008001e18                HAL_ADC_Init
 .text.HAL_ADC_ConfigChannel
                0x00000000080020d0      0x1d4 Drivers/STM32F4xx_HAL_Driver/Src/stm32f4xx_hal_adc.o
                0x00000000080020d0                HAL_ADC_ConfigChannel
 .text.HAL_NVIC_SetPriorityGrouping
                0x00000000080022a4       0x3c Drivers/STM32F4xx_HAL_Driver/Src/stm32f4xx_hal_cortex.o
                0x00000000080022a4                HAL_NVIC_SetPriorityGrouping
 .text.HAL_NVIC_SetPriority
                0x00000000080022e0       0x94 Drivers/STM32F4xx_HAL_Driver/Src/stm32f4xx_hal_cortex.o
                0x00000000080022e0                HAL_NVIC_SetPriority
 .text.HAL_NVIC_EnableIRQ
                0x0000000008002374       0x28 Drivers/STM32F4xx_HAL_Driver/Src/stm32f4xx_hal_cortex.o
                0x0000000008002374                HAL_NVIC_EnableIRQ
 .text.HAL_NVIC_DisableIRQ
                0x000000000800239c       0x34 Drivers/STM32F4xx_HAL_Driver/Src/stm32f4xx_hal_cortex.o
                0x000000000800239c                HAL_NVIC_DisableIRQ
 .text.HAL_DMA_Init
                0x00000000080023d0      0x2c8 Drivers/STM32F4xx_HAL_Driver/Src/stm32f4xx_hal_dma.o
                0x00000000080023d0                HAL_DMA_Init
 .text.HAL_DMA_Abort_IT
                0x0000000008002698       0x24 Drivers/STM32F4xx_HAL_Driver/Src/stm32f4xx_hal_dma.o
                0x0000000008002698                HAL_DMA_Abort_IT
 .text.HAL_DMA_IRQHandler
                0x00000000080026bc      0x1e0 Drivers/STM32F4xx_HAL_Driver/Src/stm32f4xx_hal_dma.o
                0x00000000080026bc                HAL_DMA_IRQHandler
 .text.HAL_DMA_GetState
                0x000000000800289c        0x8 Drivers/STM32F4xx_HAL_Driver/Src/stm32f4xx_hal_dma.o
                0x000000000800289c                HAL_DMA_GetState
 .text.HAL_EXTI_RegisterCallback
                0x00000000080028a4        0xc Drivers/STM32F4xx_HAL_Driver/Src/stm32f4xx_hal_exti.o
                0x00000000080028a4                HAL_EXTI_RegisterCallback
 .text.HAL_EXTI_GetHandle
                0x00000000080028b0       0x44 Drivers/STM32F4xx_HAL_Driver/Src/stm32f4xx_hal_exti.o
                0x00000000080028b0                HAL_EXTI_GetHandle
 .text.HAL_EXTI_IRQHandler
                0x00000000080028f4       0x2c Drivers/STM32F4xx_HAL_Driver/Src/stm32f4xx_hal_exti.o
                0x00000000080028f4                HAL_EXTI_IRQHandler
 .text.HAL_GPIO_Init
                0x0000000008002920      0x2a0 Drivers/STM32F4xx_HAL_Driver/Src/stm32f4xx_hal_gpio.o
                0x0000000008002920                HAL_GPIO_Init
 .text.HAL_GPIO_DeInit
                0x0000000008002bc0      0x16c Drivers/STM32F4xx_HAL_Driver/Src/stm32f4xx_hal_gpio.o
                0x0000000008002bc0                HAL_GPIO_DeInit
 .text.HAL_GPIO_ReadPin
                0x0000000008002d2c       0x24 Drivers/STM32F4xx_HAL_Driver/Src/stm32f4xx_hal_gpio.o
                0x0000000008002d2c                HAL_GPIO_ReadPin
 .text.HAL_GPIO_WritePin
                0x0000000008002d50       0x34 Drivers/STM32F4xx_HAL_Driver/Src/stm32f4xx_hal_gpio.o
                0x0000000008002d50                HAL_GPIO_WritePin
 .text.HAL_GPIO_TogglePin
                0x0000000008002d84       0x2c Drivers/STM32F4xx_HAL_Driver/Src/stm32f4xx_hal_gpio.o
                0x0000000008002d84                HAL_GPIO_TogglePin
 .text.HAL_GPIO_EXTI_Callback
                0x0000000008002db0        0x4 Drivers/STM32F4xx_HAL_Driver/Src/stm32f4xx_hal_gpio.o
                0x0000000008002db0                HAL_GPIO_EXTI_Callback
 .text.HAL_GPIO_EXTI_IRQHandler
                0x0000000008002db4       0x18 Drivers/STM32F4xx_HAL_Driver/Src/stm32f4xx_hal_gpio.o
                0x0000000008002db4                HAL_GPIO_EXTI_IRQHandler
 .text.HAL_I2C_Init
                0x0000000008002dcc      0x294 Drivers/STM32F4xx_HAL_Driver/Src/stm32f4xx_hal_i2c.o
                0x0000000008002dcc                HAL_I2C_Init
 .text.HAL_I2C_MasterTxCpltCallback
                0x0000000008003060        0x4 Drivers/STM32F4xx_HAL_Driver/Src/stm32f4xx_hal_i2c.o
                0x0000000008003060                HAL_I2C_MasterTxCpltCallback
 .text.HAL_I2C_MasterRxCpltCallback
                0x0000000008003064        0x4 Drivers/STM32F4xx_HAL_Driver/Src/stm32f4xx_hal_i2c.o
                0x0000000008003064                HAL_I2C_MasterRxCpltCallback
 .text.HAL_I2C_SlaveTxCpltCallback
                0x0000000008003068        0x4 Drivers/STM32F4xx_HAL_Driver/Src/stm32f4xx_hal_i2c.o
                0x0000000008003068                HAL_I2C_SlaveTxCpltCallback
 .text.HAL_I2C_SlaveRxCpltCallback
                0x000000000800306c        0x4 Drivers/STM32F4xx_HAL_Driver/Src/stm32f4xx_hal_i2c.o
                0x000000000800306c                HAL_I2C_SlaveRxCpltCallback
 .text.HAL_I2C_AddrCallback
                0x0000000008003070        0x4 Drivers/STM32F4xx_HAL_Driver/Src/stm32f4xx_hal_i2c.o
                0x0000000008003070                HAL_I2C_AddrCallback
 .text.HAL_I2C_ListenCpltCallback
                0x0000000008003074        0x4 Drivers/STM32F4xx_HAL_Driver/Src/stm32f4xx_hal_i2c.o
                0x0000000008003074                HAL_I2C_ListenCpltCallback
 .text.HAL_I2C_MemTxCpltCallback
                0x0000000008003078        0x4 Drivers/STM32F4xx_HAL_Driver/Src/stm32f4xx_hal_i2c.o
                0x0000000008003078                HAL_I2C_MemTxCpltCallback
 .text.I2C_MemoryTransmit_TXE_BTF
                0x000000000800307c       0xb4 Drivers/STM32F4xx_HAL_Driver/Src/stm32f4xx_hal_i2c.o
 .text.HAL_I2C_MemRxCpltCallback
                0x0000000008003130        0x4 Drivers/STM32F4xx_HAL_Driver/Src/stm32f4xx_hal_i2c.o
                0x0000000008003130                HAL_I2C_MemRxCpltCallback
 .text.HAL_I2C_ErrorCallback
                0x0000000008003134        0x4 Drivers/STM32F4xx_HAL_Driver/Src/stm32f4xx_hal_i2c.o
                0x0000000008003134                HAL_I2C_ErrorCallback
 .text.HAL_I2C_AbortCpltCallback
                0x0000000008003138        0x4 Drivers/STM32F4xx_HAL_Driver/Src/stm32f4xx_hal_i2c.o
                0x0000000008003138                HAL_I2C_AbortCpltCallback
 .text.I2C_DMAAbort
                0x000000000800313c       0xf4 Drivers/STM32F4xx_HAL_Driver/Src/stm32f4xx_hal_i2c.o
 .text.I2C_ITError
                0x0000000008003230      0x16c Drivers/STM32F4xx_HAL_Driver/Src/stm32f4xx_hal_i2c.o
 .text.HAL_I2C_EV_IRQHandler
                0x000000000800339c      0x980 Drivers/STM32F4xx_HAL_Driver/Src/stm32f4xx_hal_i2c.o
                0x000000000800339c                HAL_I2C_EV_IRQHandler
 .text.HAL_RCC_OscConfig
                0x0000000008003d1c      0x500 Drivers/STM32F4xx_HAL_Driver/Src/stm32f4xx_hal_rcc.o
                0x0000000008003d1c                HAL_RCC_OscConfig
 .text.HAL_RCC_GetSysClockFreq
                0x000000000800421c       0x6c Drivers/STM32F4xx_HAL_Driver/Src/stm32f4xx_hal_rcc.o
                0x000000000800421c                HAL_RCC_GetSysClockFreq
 .text.HAL_RCC_ClockConfig
                0x0000000008004288      0x204 Drivers/STM32F4xx_HAL_Driver/Src/stm32f4xx_hal_rcc.o
                0x0000000008004288                HAL_RCC_ClockConfig
 .text.HAL_RCC_GetPCLK1Freq
                0x000000000800448c       0x20 Drivers/STM32F4xx_HAL_Driver/Src/stm32f4xx_hal_rcc.o
                0x000000000800448c                HAL_RCC_GetPCLK1Freq
 .text.HAL_RCC_GetClockConfig
                0x00000000080044ac       0x44 Drivers/STM32F4xx_HAL_Driver/Src/stm32f4xx_hal_rcc.o
                0x00000000080044ac                HAL_RCC_GetClockConfig
 .text.SPI_WaitFlagStateUntilTimeout.constprop.0
                0x00000000080044f0       0xc0 Drivers/STM32F4xx_HAL_Driver/Src/stm32f4xx_hal_spi.o
 .text.HAL_SPI_MspInit
                0x00000000080045b0        0x4 Drivers/STM32F4xx_HAL_Driver/Src/stm32f4xx_hal_spi.o
                0x00000000080045b0                HAL_SPI_MspInit
 .text.HAL_SPI_Init
                0x00000000080045b4      0x208 Drivers/STM32F4xx_HAL_Driver/Src/stm32f4xx_hal_spi.o
                0x00000000080045b4                HAL_SPI_Init
 .text.HAL_SPI_TransmitReceive
                0x00000000080047bc      0x330 Drivers/STM32F4xx_HAL_Driver/Src/stm32f4xx_hal_spi.o
                0x00000000080047bc                HAL_SPI_TransmitReceive
 .text.HAL_SPI_GetState
                0x0000000008004aec        0x8 Drivers/STM32F4xx_HAL_Driver/Src/stm32f4xx_hal_spi.o
                0x0000000008004aec                HAL_SPI_GetState
 .text.HAL_TIM_Base_Init
                0x0000000008004af4      0x1ac Drivers/STM32F4xx_HAL_Driver/Src/stm32f4xx_hal_tim.o
                0x0000000008004af4                HAL_TIM_Base_Init
 .text.HAL_TIM_Base_Start_IT
                0x0000000008004ca0       0xb8 Drivers/STM32F4xx_HAL_Driver/Src/stm32f4xx_hal_tim.o
                0x0000000008004ca0                HAL_TIM_Base_Start_IT
 .text.HAL_TIM_ConfigClockSource
                0x0000000008004d58      0x464 Drivers/STM32F4xx_HAL_Driver/Src/stm32f4xx_hal_tim.o
                0x0000000008004d58                HAL_TIM_ConfigClockSource
 .text.HAL_TIM_OC_DelayElapsedCallback
                0x00000000080051bc        0x4 Drivers/STM32F4xx_HAL_Driver/Src/stm32f4xx_hal_tim.o
                0x00000000080051bc                HAL_TIM_OC_DelayElapsedCallback
 .text.HAL_TIM_IC_CaptureCallback
                0x00000000080051c0        0x4 Drivers/STM32F4xx_HAL_Driver/Src/stm32f4xx_hal_tim.o
                0x00000000080051c0                HAL_TIM_IC_CaptureCallback
 .text.HAL_TIM_PWM_PulseFinishedCallback
                0x00000000080051c4        0x4 Drivers/STM32F4xx_HAL_Driver/Src/stm32f4xx_hal_tim.o
                0x00000000080051c4                HAL_TIM_PWM_PulseFinishedCallback
 .text.HAL_TIM_TriggerCallback
                0x00000000080051c8        0x4 Drivers/STM32F4xx_HAL_Driver/Src/stm32f4xx_hal_tim.o
                0x00000000080051c8                HAL_TIM_TriggerCallback
 .text.HAL_TIM_IRQHandler
                0x00000000080051cc      0x154 Drivers/STM32F4xx_HAL_Driver/Src/stm32f4xx_hal_tim.o
                0x00000000080051cc                HAL_TIM_IRQHandler
 .text.HAL_TIMEx_MasterConfigSynchronization
                0x0000000008005320       0xd8 Drivers/STM32F4xx_HAL_Driver/Src/stm32f4xx_hal_tim_ex.o
                0x0000000008005320                HAL_TIMEx_MasterConfigSynchronization
 .text.HAL_TIMEx_CommutCallback
                0x00000000080053f8        0x4 Drivers/STM32F4xx_HAL_Driver/Src/stm32f4xx_hal_tim_ex.o
                0x00000000080053f8                HAL_TIMEx_CommutCallback
 .text.HAL_TIMEx_BreakCallback
                0x00000000080053fc        0x4 Drivers/STM32F4xx_HAL_Driver/Src/stm32f4xx_hal_tim_ex.o
                0x00000000080053fc                HAL_TIMEx_BreakCallback
 .text.hci_disconnection_complete_event_process
                0x0000000008005400       0x14 Middlewares/ST/BlueNRG-2/hci/bluenrg1_events.o
                0x0000000008005400                hci_disconnection_complete_event_process
 .text.hci_encryption_change_event_process
                0x0000000008005414       0x14 Middlewares/ST/BlueNRG-2/hci/bluenrg1_events.o
                0x0000000008005414                hci_encryption_change_event_process
 .text.hci_read_remote_version_information_complete_event_process
                0x0000000008005428       0x20 Middlewares/ST/BlueNRG-2/hci/bluenrg1_events.o
                0x0000000008005428                hci_read_remote_version_information_complete_event_process
 .text.hci_hardware_error_event_process
                0x0000000008005448        0xc Middlewares/ST/BlueNRG-2/hci/bluenrg1_events.o
                0x0000000008005448                hci_hardware_error_event_process
 .text.hci_number_of_completed_packets_event_process
                0x0000000008005454       0x2c Middlewares/ST/BlueNRG-2/hci/bluenrg1_events.o
                0x0000000008005454                hci_number_of_completed_packets_event_process
 .text.hci_data_buffer_overflow_event_process
                0x0000000008005480        0xc Middlewares/ST/BlueNRG-2/hci/bluenrg1_events.o
                0x0000000008005480                hci_data_buffer_overflow_event_process
 .text.hci_encryption_key_refresh_complete_event_process
                0x000000000800548c       0x10 Middlewares/ST/BlueNRG-2/hci/bluenrg1_events.o
                0x000000000800548c                hci_encryption_key_refresh_complete_event_process
 .text.aci_blue_initialized_event_process
                0x000000000800549c        0xc Middlewares/ST/BlueNRG-2/hci/bluenrg1_events.o
                0x000000000800549c                aci_blue_initialized_event_process
 .text.aci_blue_events_lost_event_process
                0x00000000080054a8        0xc Middlewares/ST/BlueNRG-2/hci/bluenrg1_events.o
                0x00000000080054a8                aci_blue_events_lost_event_process
 .text.aci_blue_crash_info_event_process
                0x00000000080054b4       0x50 Middlewares/ST/BlueNRG-2/hci/bluenrg1_events.o
                0x00000000080054b4                aci_blue_crash_info_event_process
 .text.aci_hal_end_of_radio_activity_event_process
                0x0000000008005504       0x14 Middlewares/ST/BlueNRG-2/hci/bluenrg1_events.o
                0x0000000008005504                aci_hal_end_of_radio_activity_event_process
 .text.aci_hal_scan_req_report_event_process
                0x0000000008005518       0x14 Middlewares/ST/BlueNRG-2/hci/bluenrg1_events.o
                0x0000000008005518                aci_hal_scan_req_report_event_process
 .text.aci_hal_fw_error_event_process
                0x000000000800552c       0x10 Middlewares/ST/BlueNRG-2/hci/bluenrg1_events.o
                0x000000000800552c                aci_hal_fw_error_event_process
 .text.aci_gap_limited_discoverable_event_process
                0x000000000800553c        0xc Middlewares/ST/BlueNRG-2/hci/bluenrg1_events.o
                0x000000000800553c                aci_gap_limited_discoverable_event_process
 .text.aci_gap_pairing_complete_event_process
                0x0000000008005548       0x10 Middlewares/ST/BlueNRG-2/hci/bluenrg1_events.o
                0x0000000008005548                aci_gap_pairing_complete_event_process
 .text.aci_gap_pass_key_req_event_process
                0x0000000008005558        0xc Middlewares/ST/BlueNRG-2/hci/bluenrg1_events.o
                0x0000000008005558                aci_gap_pass_key_req_event_process
 .text.aci_gap_authorization_req_event_process
                0x0000000008005564        0xc Middlewares/ST/BlueNRG-2/hci/bluenrg1_events.o
                0x0000000008005564                aci_gap_authorization_req_event_process
 .text.aci_gap_slave_security_initiated_event_process
                0x0000000008005570        0xc Middlewares/ST/BlueNRG-2/hci/bluenrg1_events.o
                0x0000000008005570                aci_gap_slave_security_initiated_event_process
 .text.aci_gap_bond_lost_event_process
                0x000000000800557c        0xc Middlewares/ST/BlueNRG-2/hci/bluenrg1_events.o
                0x000000000800557c                aci_gap_bond_lost_event_process
 .text.aci_gap_proc_complete_event_process
                0x0000000008005588       0x14 Middlewares/ST/BlueNRG-2/hci/bluenrg1_events.o
                0x0000000008005588                aci_gap_proc_complete_event_process
 .text.aci_gap_addr_not_resolved_event_process
                0x000000000800559c        0xc Middlewares/ST/BlueNRG-2/hci/bluenrg1_events.o
                0x000000000800559c                aci_gap_addr_not_resolved_event_process
 .text.aci_gap_numeric_comparison_value_event_process
                0x00000000080055a8       0x10 Middlewares/ST/BlueNRG-2/hci/bluenrg1_events.o
                0x00000000080055a8                aci_gap_numeric_comparison_value_event_process
 .text.aci_gap_keypress_notification_event_process
                0x00000000080055b8       0x10 Middlewares/ST/BlueNRG-2/hci/bluenrg1_events.o
                0x00000000080055b8                aci_gap_keypress_notification_event_process
 .text.aci_l2cap_connection_update_resp_event_process
                0x00000000080055c8       0x10 Middlewares/ST/BlueNRG-2/hci/bluenrg1_events.o
                0x00000000080055c8                aci_l2cap_connection_update_resp_event_process
 .text.aci_l2cap_proc_timeout_event_process
                0x00000000080055d8       0x10 Middlewares/ST/BlueNRG-2/hci/bluenrg1_events.o
                0x00000000080055d8                aci_l2cap_proc_timeout_event_process
 .text.aci_l2cap_connection_update_req_event_process
                0x00000000080055e8       0x30 Middlewares/ST/BlueNRG-2/hci/bluenrg1_events.o
                0x00000000080055e8                aci_l2cap_connection_update_req_event_process
 .text.aci_l2cap_command_reject_event_process
                0x0000000008005618       0x24 Middlewares/ST/BlueNRG-2/hci/bluenrg1_events.o
                0x0000000008005618                aci_l2cap_command_reject_event_process
 .text.aci_gatt_attribute_modified_event_process
                0x000000000800563c       0x20 Middlewares/ST/BlueNRG-2/hci/bluenrg1_events.o
                0x000000000800563c                aci_gatt_attribute_modified_event_process
 .text.aci_gatt_proc_timeout_event_process
                0x000000000800565c        0xc Middlewares/ST/BlueNRG-2/hci/bluenrg1_events.o
                0x000000000800565c                aci_gatt_proc_timeout_event_process
 .text.aci_att_exchange_mtu_resp_event_process
                0x0000000008005668       0x10 Middlewares/ST/BlueNRG-2/hci/bluenrg1_events.o
                0x0000000008005668                aci_att_exchange_mtu_resp_event_process
 .text.aci_att_find_info_resp_event_process
                0x0000000008005678       0x14 Middlewares/ST/BlueNRG-2/hci/bluenrg1_events.o
                0x0000000008005678                aci_att_find_info_resp_event_process
 .text.aci_att_find_by_type_value_resp_event_process
                0x000000000800568c       0x2c Middlewares/ST/BlueNRG-2/hci/bluenrg1_events.o
                0x000000000800568c                aci_att_find_by_type_value_resp_event_process
 .text.aci_att_read_by_type_resp_event_process
                0x00000000080056b8       0x14 Middlewares/ST/BlueNRG-2/hci/bluenrg1_events.o
                0x00000000080056b8                aci_att_read_by_type_resp_event_process
 .text.aci_att_read_resp_event_process
                0x00000000080056cc       0x10 Middlewares/ST/BlueNRG-2/hci/bluenrg1_events.o
                0x00000000080056cc                aci_att_read_resp_event_process
 .text.aci_att_read_blob_resp_event_process
                0x00000000080056dc       0x10 Middlewares/ST/BlueNRG-2/hci/bluenrg1_events.o
                0x00000000080056dc                aci_att_read_blob_resp_event_process
 .text.aci_att_read_multiple_resp_event_process
                0x00000000080056ec       0x10 Middlewares/ST/BlueNRG-2/hci/bluenrg1_events.o
                0x00000000080056ec                aci_att_read_multiple_resp_event_process
 .text.aci_att_read_by_group_type_resp_event_process
                0x00000000080056fc       0x14 Middlewares/ST/BlueNRG-2/hci/bluenrg1_events.o
                0x00000000080056fc                aci_att_read_by_group_type_resp_event_process
 .text.aci_att_prepare_write_resp_event_process
                0x0000000008005710       0x20 Middlewares/ST/BlueNRG-2/hci/bluenrg1_events.o
                0x0000000008005710                aci_att_prepare_write_resp_event_process
 .text.aci_att_exec_write_resp_event_process
                0x0000000008005730        0xc Middlewares/ST/BlueNRG-2/hci/bluenrg1_events.o
                0x0000000008005730                aci_att_exec_write_resp_event_process
 .text.aci_gatt_indication_event_process
                0x000000000800573c       0x14 Middlewares/ST/BlueNRG-2/hci/bluenrg1_events.o
                0x000000000800573c                aci_gatt_indication_event_process
 .text.aci_gatt_notification_event_process
                0x0000000008005750       0x14 Middlewares/ST/BlueNRG-2/hci/bluenrg1_events.o
                0x0000000008005750                aci_gatt_notification_event_process
 .text.aci_gatt_proc_complete_event_process
                0x0000000008005764       0x10 Middlewares/ST/BlueNRG-2/hci/bluenrg1_events.o
                0x0000000008005764                aci_gatt_proc_complete_event_process
 .text.aci_gatt_error_resp_event_process
                0x0000000008005774       0x14 Middlewares/ST/BlueNRG-2/hci/bluenrg1_events.o
                0x0000000008005774                aci_gatt_error_resp_event_process
 .text.aci_gatt_disc_read_char_by_uuid_resp_event_process
                0x0000000008005788       0x14 Middlewares/ST/BlueNRG-2/hci/bluenrg1_events.o
                0x0000000008005788                aci_gatt_disc_read_char_by_uuid_resp_event_process
 .text.aci_gatt_write_permit_req_event_process
                0x000000000800579c       0x14 Middlewares/ST/BlueNRG-2/hci/bluenrg1_events.o
                0x000000000800579c                aci_gatt_write_permit_req_event_process
 .text.aci_gatt_read_permit_req_event_process
                0x00000000080057b0       0x10 Middlewares/ST/BlueNRG-2/hci/bluenrg1_events.o
                0x00000000080057b0                aci_gatt_read_permit_req_event_process
 .text.aci_gatt_read_multi_permit_req_event_process
                0x00000000080057c0       0x28 Middlewares/ST/BlueNRG-2/hci/bluenrg1_events.o
                0x00000000080057c0                aci_gatt_read_multi_permit_req_event_process
 .text.aci_gatt_tx_pool_available_event_process
                0x00000000080057e8       0x10 Middlewares/ST/BlueNRG-2/hci/bluenrg1_events.o
                0x00000000080057e8                aci_gatt_tx_pool_available_event_process
 .text.aci_gatt_server_confirmation_event_process
                0x00000000080057f8        0xc Middlewares/ST/BlueNRG-2/hci/bluenrg1_events.o
                0x00000000080057f8                aci_gatt_server_confirmation_event_process
 .text.aci_gatt_prepare_write_permit_req_event_process
                0x0000000008005804       0x20 Middlewares/ST/BlueNRG-2/hci/bluenrg1_events.o
                0x0000000008005804                aci_gatt_prepare_write_permit_req_event_process
 .text.hci_le_connection_complete_event_process
                0x0000000008005824       0x34 Middlewares/ST/BlueNRG-2/hci/bluenrg1_events.o
                0x0000000008005824                hci_le_connection_complete_event_process
 .text.hci_le_advertising_report_event_process
                0x0000000008005858       0x7c Middlewares/ST/BlueNRG-2/hci/bluenrg1_events.o
                0x0000000008005858                hci_le_advertising_report_event_process
 .text.hci_le_connection_update_complete_event_process
                0x00000000080058d4       0x24 Middlewares/ST/BlueNRG-2/hci/bluenrg1_events.o
                0x00000000080058d4                hci_le_connection_update_complete_event_process
 .text.hci_le_read_remote_used_features_complete_event_process
                0x00000000080058f8       0x14 Middlewares/ST/BlueNRG-2/hci/bluenrg1_events.o
                0x00000000080058f8                hci_le_read_remote_used_features_complete_event_process
 .text.hci_le_long_term_key_request_event_process
                0x000000000800590c       0x14 Middlewares/ST/BlueNRG-2/hci/bluenrg1_events.o
                0x000000000800590c                hci_le_long_term_key_request_event_process
 .text.hci_le_data_length_change_event_process
                0x0000000008005920       0x1c Middlewares/ST/BlueNRG-2/hci/bluenrg1_events.o
                0x0000000008005920                hci_le_data_length_change_event_process
 .text.hci_le_read_local_p256_public_key_complete_event_process
                0x000000000800593c       0x10 Middlewares/ST/BlueNRG-2/hci/bluenrg1_events.o
                0x000000000800593c                hci_le_read_local_p256_public_key_complete_event_process
 .text.hci_le_generate_dhkey_complete_event_process
                0x000000000800594c       0x10 Middlewares/ST/BlueNRG-2/hci/bluenrg1_events.o
                0x000000000800594c                hci_le_generate_dhkey_complete_event_process
 .text.hci_le_enhanced_connection_complete_event_process
                0x000000000800595c       0x40 Middlewares/ST/BlueNRG-2/hci/bluenrg1_events.o
                0x000000000800595c                hci_le_enhanced_connection_complete_event_process
 .text.hci_le_direct_advertising_report_event_process
                0x000000000800599c       0x68 Middlewares/ST/BlueNRG-2/hci/bluenrg1_events.o
                0x000000000800599c                hci_le_direct_advertising_report_event_process
 .text.hci_encryption_change_event
                0x0000000008005a04        0x4 Middlewares/ST/BlueNRG-2/hci/bluenrg1_events_cb.o
                0x0000000008005a04                hci_encryption_change_event
 .text.hci_read_remote_version_information_complete_event
                0x0000000008005a08        0x4 Middlewares/ST/BlueNRG-2/hci/bluenrg1_events_cb.o
                0x0000000008005a08                hci_read_remote_version_information_complete_event
 .text.hci_hardware_error_event
                0x0000000008005a0c        0x4 Middlewares/ST/BlueNRG-2/hci/bluenrg1_events_cb.o
                0x0000000008005a0c                hci_hardware_error_event
 .text.hci_number_of_completed_packets_event
                0x0000000008005a10        0x4 Middlewares/ST/BlueNRG-2/hci/bluenrg1_events_cb.o
                0x0000000008005a10                hci_number_of_completed_packets_event
 .text.hci_data_buffer_overflow_event
                0x0000000008005a14        0x4 Middlewares/ST/BlueNRG-2/hci/bluenrg1_events_cb.o
                0x0000000008005a14                hci_data_buffer_overflow_event
 .text.hci_encryption_key_refresh_complete_event
                0x0000000008005a18        0x4 Middlewares/ST/BlueNRG-2/hci/bluenrg1_events_cb.o
                0x0000000008005a18                hci_encryption_key_refresh_complete_event
 .text.hci_le_advertising_report_event
                0x0000000008005a1c        0x4 Middlewares/ST/BlueNRG-2/hci/bluenrg1_events_cb.o
                0x0000000008005a1c                hci_le_advertising_report_event
 .text.hci_le_connection_update_complete_event
                0x0000000008005a20        0x4 Middlewares/ST/BlueNRG-2/hci/bluenrg1_events_cb.o
                0x0000000008005a20                hci_le_connection_update_complete_event
 .text.hci_le_read_remote_used_features_complete_event
                0x0000000008005a24        0x4 Middlewares/ST/BlueNRG-2/hci/bluenrg1_events_cb.o
                0x0000000008005a24                hci_le_read_remote_used_features_complete_event
 .text.hci_le_long_term_key_request_event
                0x0000000008005a28        0x4 Middlewares/ST/BlueNRG-2/hci/bluenrg1_events_cb.o
                0x0000000008005a28                hci_le_long_term_key_request_event
 .text.hci_le_data_length_change_event
                0x0000000008005a2c        0x4 Middlewares/ST/BlueNRG-2/hci/bluenrg1_events_cb.o
                0x0000000008005a2c                hci_le_data_length_change_event
 .text.hci_le_read_local_p256_public_key_complete_event
                0x0000000008005a30        0x4 Middlewares/ST/BlueNRG-2/hci/bluenrg1_events_cb.o
                0x0000000008005a30                hci_le_read_local_p256_public_key_complete_event
 .text.hci_le_generate_dhkey_complete_event
                0x0000000008005a34        0x4 Middlewares/ST/BlueNRG-2/hci/bluenrg1_events_cb.o
                0x0000000008005a34                hci_le_generate_dhkey_complete_event
 .text.hci_le_enhanced_connection_complete_event
                0x0000000008005a38        0x4 Middlewares/ST/BlueNRG-2/hci/bluenrg1_events_cb.o
                0x0000000008005a38                hci_le_enhanced_connection_complete_event
 .text.hci_le_direct_advertising_report_event
                0x0000000008005a3c        0x4 Middlewares/ST/BlueNRG-2/hci/bluenrg1_events_cb.o
                0x0000000008005a3c                hci_le_direct_advertising_report_event
 .text.aci_gap_limited_discoverable_event
                0x0000000008005a40        0x4 Middlewares/ST/BlueNRG-2/hci/bluenrg1_events_cb.o
                0x0000000008005a40                aci_gap_limited_discoverable_event
 .text.aci_gap_pairing_complete_event
                0x0000000008005a44        0x4 Middlewares/ST/BlueNRG-2/hci/bluenrg1_events_cb.o
                0x0000000008005a44                aci_gap_pairing_complete_event
 .text.aci_gap_pass_key_req_event
                0x0000000008005a48        0x4 Middlewares/ST/BlueNRG-2/hci/bluenrg1_events_cb.o
                0x0000000008005a48                aci_gap_pass_key_req_event
 .text.aci_gap_authorization_req_event
                0x0000000008005a4c        0x4 Middlewares/ST/BlueNRG-2/hci/bluenrg1_events_cb.o
                0x0000000008005a4c                aci_gap_authorization_req_event
 .text.aci_gap_slave_security_initiated_event
                0x0000000008005a50        0x4 Middlewares/ST/BlueNRG-2/hci/bluenrg1_events_cb.o
                0x0000000008005a50                aci_gap_slave_security_initiated_event
 .text.aci_gap_bond_lost_event
                0x0000000008005a54        0x4 Middlewares/ST/BlueNRG-2/hci/bluenrg1_events_cb.o
                0x0000000008005a54                aci_gap_bond_lost_event
 .text.aci_gap_proc_complete_event
                0x0000000008005a58        0x4 Middlewares/ST/BlueNRG-2/hci/bluenrg1_events_cb.o
                0x0000000008005a58                aci_gap_proc_complete_event
 .text.aci_gap_addr_not_resolved_event
                0x0000000008005a5c        0x4 Middlewares/ST/BlueNRG-2/hci/bluenrg1_events_cb.o
                0x0000000008005a5c                aci_gap_addr_not_resolved_event
 .text.aci_gap_numeric_comparison_value_event
                0x0000000008005a60        0x4 Middlewares/ST/BlueNRG-2/hci/bluenrg1_events_cb.o
                0x0000000008005a60                aci_gap_numeric_comparison_value_event
 .text.aci_gap_keypress_notification_event
                0x0000000008005a64        0x4 Middlewares/ST/BlueNRG-2/hci/bluenrg1_events_cb.o
                0x0000000008005a64                aci_gap_keypress_notification_event
 .text.aci_gatt_proc_timeout_event
                0x0000000008005a68        0x4 Middlewares/ST/BlueNRG-2/hci/bluenrg1_events_cb.o
                0x0000000008005a68                aci_gatt_proc_timeout_event
 .text.aci_att_exchange_mtu_resp_event
                0x0000000008005a6c        0x4 Middlewares/ST/BlueNRG-2/hci/bluenrg1_events_cb.o
                0x0000000008005a6c                aci_att_exchange_mtu_resp_event
 .text.aci_att_find_info_resp_event
                0x0000000008005a70        0x4 Middlewares/ST/BlueNRG-2/hci/bluenrg1_events_cb.o
                0x0000000008005a70                aci_att_find_info_resp_event
 .text.aci_att_find_by_type_value_resp_event
                0x0000000008005a74        0x4 Middlewares/ST/BlueNRG-2/hci/bluenrg1_events_cb.o
                0x0000000008005a74                aci_att_find_by_type_value_resp_event
 .text.aci_att_read_by_type_resp_event
                0x0000000008005a78        0x4 Middlewares/ST/BlueNRG-2/hci/bluenrg1_events_cb.o
                0x0000000008005a78                aci_att_read_by_type_resp_event
 .text.aci_att_read_resp_event
                0x0000000008005a7c        0x4 Middlewares/ST/BlueNRG-2/hci/bluenrg1_events_cb.o
                0x0000000008005a7c                aci_att_read_resp_event
 .text.aci_att_read_blob_resp_event
                0x0000000008005a80        0x4 Middlewares/ST/BlueNRG-2/hci/bluenrg1_events_cb.o
                0x0000000008005a80                aci_att_read_blob_resp_event
 .text.aci_att_read_multiple_resp_event
                0x0000000008005a84        0x4 Middlewares/ST/BlueNRG-2/hci/bluenrg1_events_cb.o
                0x0000000008005a84                aci_att_read_multiple_resp_event
 .text.aci_att_read_by_group_type_resp_event
                0x0000000008005a88        0x4 Middlewares/ST/BlueNRG-2/hci/bluenrg1_events_cb.o
                0x0000000008005a88                aci_att_read_by_group_type_resp_event
 .text.aci_att_prepare_write_resp_event
                0x0000000008005a8c        0x4 Middlewares/ST/BlueNRG-2/hci/bluenrg1_events_cb.o
                0x0000000008005a8c                aci_att_prepare_write_resp_event
 .text.aci_att_exec_write_resp_event
                0x0000000008005a90        0x4 Middlewares/ST/BlueNRG-2/hci/bluenrg1_events_cb.o
                0x0000000008005a90                aci_att_exec_write_resp_event
 .text.aci_gatt_indication_event
                0x0000000008005a94        0x4 Middlewares/ST/BlueNRG-2/hci/bluenrg1_events_cb.o
                0x0000000008005a94                aci_gatt_indication_event
 .text.aci_gatt_proc_complete_event
                0x0000000008005a98        0x4 Middlewares/ST/BlueNRG-2/hci/bluenrg1_events_cb.o
                0x0000000008005a98                aci_gatt_proc_complete_event
 .text.aci_gatt_error_resp_event
                0x0000000008005a9c        0x4 Middlewares/ST/BlueNRG-2/hci/bluenrg1_events_cb.o
                0x0000000008005a9c                aci_gatt_error_resp_event
 .text.aci_gatt_disc_read_char_by_uuid_resp_event
                0x0000000008005aa0        0x4 Middlewares/ST/BlueNRG-2/hci/bluenrg1_events_cb.o
                0x0000000008005aa0                aci_gatt_disc_read_char_by_uuid_resp_event
 .text.aci_gatt_write_permit_req_event
                0x0000000008005aa4        0x4 Middlewares/ST/BlueNRG-2/hci/bluenrg1_events_cb.o
                0x0000000008005aa4                aci_gatt_write_permit_req_event
 .text.aci_gatt_read_permit_req_event
                0x0000000008005aa8        0x4 Middlewares/ST/BlueNRG-2/hci/bluenrg1_events_cb.o
                0x0000000008005aa8                aci_gatt_read_permit_req_event
 .text.aci_gatt_read_multi_permit_req_event
                0x0000000008005aac        0x4 Middlewares/ST/BlueNRG-2/hci/bluenrg1_events_cb.o
                0x0000000008005aac                aci_gatt_read_multi_permit_req_event
 .text.aci_gatt_tx_pool_available_event
                0x0000000008005ab0        0x4 Middlewares/ST/BlueNRG-2/hci/bluenrg1_events_cb.o
                0x0000000008005ab0                aci_gatt_tx_pool_available_event
 .text.aci_gatt_server_confirmation_event
                0x0000000008005ab4        0x4 Middlewares/ST/BlueNRG-2/hci/bluenrg1_events_cb.o
                0x0000000008005ab4                aci_gatt_server_confirmation_event
 .text.aci_gatt_prepare_write_permit_req_event
                0x0000000008005ab8        0x4 Middlewares/ST/BlueNRG-2/hci/bluenrg1_events_cb.o
                0x0000000008005ab8                aci_gatt_prepare_write_permit_req_event
 .text.aci_l2cap_connection_update_resp_event
                0x0000000008005abc        0x4 Middlewares/ST/BlueNRG-2/hci/bluenrg1_events_cb.o
                0x0000000008005abc                aci_l2cap_connection_update_resp_event
 .text.aci_l2cap_proc_timeout_event
                0x0000000008005ac0        0x4 Middlewares/ST/BlueNRG-2/hci/bluenrg1_events_cb.o
                0x0000000008005ac0                aci_l2cap_proc_timeout_event
 .text.aci_l2cap_connection_update_req_event
                0x0000000008005ac4        0x4 Middlewares/ST/BlueNRG-2/hci/bluenrg1_events_cb.o
                0x0000000008005ac4                aci_l2cap_connection_update_req_event
 .text.aci_l2cap_command_reject_event
                0x0000000008005ac8        0x4 Middlewares/ST/BlueNRG-2/hci/bluenrg1_events_cb.o
                0x0000000008005ac8                aci_l2cap_command_reject_event
 .text.aci_blue_initialized_event
                0x0000000008005acc        0x4 Middlewares/ST/BlueNRG-2/hci/bluenrg1_events_cb.o
                0x0000000008005acc                aci_blue_initialized_event
 .text.aci_blue_events_lost_event
                0x0000000008005ad0        0x4 Middlewares/ST/BlueNRG-2/hci/bluenrg1_events_cb.o
                0x0000000008005ad0                aci_blue_events_lost_event
 .text.aci_blue_crash_info_event
                0x0000000008005ad4        0x4 Middlewares/ST/BlueNRG-2/hci/bluenrg1_events_cb.o
                0x0000000008005ad4                aci_blue_crash_info_event
 .text.aci_hal_end_of_radio_activity_event
                0x0000000008005ad8        0x4 Middlewares/ST/BlueNRG-2/hci/bluenrg1_events_cb.o
                0x0000000008005ad8                aci_hal_end_of_radio_activity_event
 .text.aci_hal_scan_req_report_event
                0x0000000008005adc        0x4 Middlewares/ST/BlueNRG-2/hci/bluenrg1_events_cb.o
                0x0000000008005adc                aci_hal_scan_req_report_event
 .text.aci_hal_fw_error_event
                0x0000000008005ae0        0x4 Middlewares/ST/BlueNRG-2/hci/bluenrg1_events_cb.o
                0x0000000008005ae0                aci_hal_fw_error_event
 .text.hci_reset
                0x0000000008005ae4       0x34 Middlewares/ST/BlueNRG-2/hci/bluenrg1_hci_le.o
                0x0000000008005ae4                hci_reset
 .text.hci_le_set_scan_response_data
                0x0000000008005b18       0x74 Middlewares/ST/BlueNRG-2/hci/bluenrg1_hci_le.o
                0x0000000008005b18                hci_le_set_scan_response_data
 .text.hci_le_rand
                0x0000000008005b8c       0x4c Middlewares/ST/BlueNRG-2/hci/bluenrg1_hci_le.o
                0x0000000008005b8c                hci_le_rand
 .text.aci_gap_set_discoverable
                0x0000000008005bd8       0xa8 Middlewares/ST/BlueNRG-2/hci/controller/bluenrg1_gap_aci.o
                0x0000000008005bd8                aci_gap_set_discoverable
 .text.aci_gap_init
                0x0000000008005c80       0x6c Middlewares/ST/BlueNRG-2/hci/controller/bluenrg1_gap_aci.o
                0x0000000008005c80                aci_gap_init
 .text.aci_gatt_init
                0x0000000008005cec       0x38 Middlewares/ST/BlueNRG-2/hci/controller/bluenrg1_gatt_aci.o
                0x0000000008005cec                aci_gatt_init
 .text.aci_gatt_add_service
                0x0000000008005d24       0x9c Middlewares/ST/BlueNRG-2/hci/controller/bluenrg1_gatt_aci.o
                0x0000000008005d24                aci_gatt_add_service
 .text.aci_gatt_add_char
                0x0000000008005dc0       0xcc Middlewares/ST/BlueNRG-2/hci/controller/bluenrg1_gatt_aci.o
                0x0000000008005dc0                aci_gatt_add_char
 .text.aci_gatt_add_char_desc
                0x0000000008005e8c      0x10c Middlewares/ST/BlueNRG-2/hci/controller/bluenrg1_gatt_aci.o
                0x0000000008005e8c                aci_gatt_add_char_desc
 .text.aci_gatt_update_char_value
                0x0000000008005f98       0x60 Middlewares/ST/BlueNRG-2/hci/controller/bluenrg1_gatt_aci.o
                0x0000000008005f98                aci_gatt_update_char_value
 .text.aci_hal_write_config_data
                0x0000000008005ff8       0x54 Middlewares/ST/BlueNRG-2/hci/controller/bluenrg1_hal_aci.o
                0x0000000008005ff8                aci_hal_write_config_data
 .text.aci_hal_set_tx_power_level
                0x000000000800604c       0x44 Middlewares/ST/BlueNRG-2/hci/controller/bluenrg1_hal_aci.o
                0x000000000800604c                aci_hal_set_tx_power_level
 .text.hci_init
                0x0000000008006090       0x58 Middlewares/ST/BlueNRG-2/hci/hci_tl_patterns/Basic/hci_tl.o
                0x0000000008006090                hci_init
 .text.hci_register_io_bus
                0x00000000080060e8       0x20 Middlewares/ST/BlueNRG-2/hci/hci_tl_patterns/Basic/hci_tl.o
                0x00000000080060e8                hci_register_io_bus
 .text.hci_send_req
                0x0000000008006108      0x1cc Middlewares/ST/BlueNRG-2/hci/hci_tl_patterns/Basic/hci_tl.o
                0x0000000008006108                hci_send_req
 .text.hci_user_evt_proc
                0x00000000080062d4       0x48 Middlewares/ST/BlueNRG-2/hci/hci_tl_patterns/Basic/hci_tl.o
                0x00000000080062d4                hci_user_evt_proc
 .text.hci_notify_asynch_evt
                0x000000000800631c       0x70 Middlewares/ST/BlueNRG-2/hci/hci_tl_patterns/Basic/hci_tl.o
                0x000000000800631c                hci_notify_asynch_evt
 .text.list_init_head
                0x000000000800638c        0x8 Middlewares/ST/BlueNRG-2/utils/ble_list.o
                0x000000000800638c                list_init_head
 .text.list_is_empty
                0x0000000008006394       0x18 Middlewares/ST/BlueNRG-2/utils/ble_list.o
                0x0000000008006394                list_is_empty
 .text.list_insert_head
                0x00000000080063ac       0x18 Middlewares/ST/BlueNRG-2/utils/ble_list.o
                0x00000000080063ac                list_insert_head
 .text.list_insert_tail
                0x00000000080063c4       0x18 Middlewares/ST/BlueNRG-2/utils/ble_list.o
                0x00000000080063c4                list_insert_tail
 .text.list_remove_head
                0x00000000080063dc       0x34 Middlewares/ST/BlueNRG-2/utils/ble_list.o
                0x00000000080063dc                list_remove_head
 .text.list_remove_tail
                0x0000000008006410       0x34 Middlewares/ST/BlueNRG-2/utils/ble_list.o
                0x0000000008006410                list_remove_tail
 .text.list_get_size
                0x0000000008006444       0x24 Middlewares/ST/BlueNRG-2/utils/ble_list.o
                0x0000000008006444                list_get_size
 .text.SysTick_Handler
                0x0000000008006468       0x1c Middlewares/Third_Party/FreeRTOS/Source/CMSIS_RTOS_V2/cmsis_os2.o
                0x0000000008006468                SysTick_Handler
 .text.osKernelInitialize
                0x0000000008006484       0x24 Middlewares/Third_Party/FreeRTOS/Source/CMSIS_RTOS_V2/cmsis_os2.o
                0x0000000008006484                osKernelInitialize
 .text.osKernelStart
                0x00000000080064a8       0x34 Middlewares/Third_Party/FreeRTOS/Source/CMSIS_RTOS_V2/cmsis_os2.o
                0x00000000080064a8                osKernelStart
 .text.vApplicationGetIdleTaskMemory
                0x00000000080064dc       0x1c Middlewares/Third_Party/FreeRTOS/Source/CMSIS_RTOS_V2/cmsis_os2.o
                0x00000000080064dc                vApplicationGetIdleTaskMemory
 .text.vApplicationGetTimerTaskMemory
                0x00000000080064f8       0x20 Middlewares/Third_Party/FreeRTOS/Source/CMSIS_RTOS_V2/cmsis_os2.o
                0x00000000080064f8                vApplicationGetTimerTaskMemory
 .text.vListInitialise
                0x0000000008006518       0x18 Middlewares/Third_Party/FreeRTOS/Source/list.o
                0x0000000008006518                vListInitialise
 .text.vListInitialiseItem
                0x0000000008006530        0x8 Middlewares/Third_Party/FreeRTOS/Source/list.o
                0x0000000008006530                vListInitialiseItem
 .text.vListInsertEnd
                0x0000000008006538       0x20 Middlewares/Third_Party/FreeRTOS/Source/list.o
                0x0000000008006538                vListInsertEnd
 .text.vListInsert
                0x0000000008006558       0x30 Middlewares/Third_Party/FreeRTOS/Source/list.o
                0x0000000008006558                vListInsert
 .text.uxListRemove
                0x0000000008006588       0x28 Middlewares/Third_Party/FreeRTOS/Source/list.o
                0x0000000008006588                uxListRemove
 .text.prvCopyDataToQueue
                0x00000000080065b0       0x7c Middlewares/Third_Party/FreeRTOS/Source/queue.o
 .text.xQueueGenericCreateStatic
                0x000000000800662c       0xe4 Middlewares/Third_Party/FreeRTOS/Source/queue.o
                0x000000000800662c                xQueueGenericCreateStatic
 .text.xQueueGenericSend
                0x0000000008006710      0x30c Middlewares/Third_Party/FreeRTOS/Source/queue.o
                0x0000000008006710                xQueueGenericSend
 .text.xQueueReceive
                0x0000000008006a1c      0x308 Middlewares/Third_Party/FreeRTOS/Source/queue.o
                0x0000000008006a1c                xQueueReceive
 .text.vQueueAddToRegistry
                0x0000000008006d24       0x74 Middlewares/Third_Party/FreeRTOS/Source/queue.o
                0x0000000008006d24                vQueueAddToRegistry
 .text.vQueueWaitForMessageRestricted
                0x0000000008006d98       0xcc Middlewares/Third_Party/FreeRTOS/Source/queue.o
                0x0000000008006d98                vQueueWaitForMessageRestricted
 .text.prvAddNewTaskToReadyList
                0x0000000008006e64      0x114 Middlewares/Third_Party/FreeRTOS/Source/tasks.o
 .text.prvInitialiseNewTask.isra.0
                0x0000000008006f78       0xa8 Middlewares/Third_Party/FreeRTOS/Source/tasks.o
 .text.prvIdleTask
                0x0000000008007020       0xa4 Middlewares/Third_Party/FreeRTOS/Source/tasks.o
 .text.xTaskIncrementTick.part.0
                0x00000000080070c4      0x148 Middlewares/Third_Party/FreeRTOS/Source/tasks.o
 .text.xTaskResumeAll.part.0
                0x000000000800720c      0x134 Middlewares/Third_Party/FreeRTOS/Source/tasks.o
 .text.xTaskCreateStatic
                0x0000000008007340       0x70 Middlewares/Third_Party/FreeRTOS/Source/tasks.o
                0x0000000008007340                xTaskCreateStatic
 .text.xTaskCreate
                0x00000000080073b0       0x68 Middlewares/Third_Party/FreeRTOS/Source/tasks.o
                0x00000000080073b0                xTaskCreate
 .text.vTaskDelayUntil
                0x0000000008007418       0xfc Middlewares/Third_Party/FreeRTOS/Source/tasks.o
                0x0000000008007418                vTaskDelayUntil
 .text.vTaskResume
                0x0000000008007514       0xa4 Middlewares/Third_Party/FreeRTOS/Source/tasks.o
                0x0000000008007514                vTaskResume
 .text.vTaskStartScheduler
                0x00000000080075b8      0x13c Middlewares/Third_Party/FreeRTOS/Source/tasks.o
                0x00000000080075b8                vTaskStartScheduler
 .text.vTaskSuspendAll
                0x00000000080076f4       0x10 Middlewares/Third_Party/FreeRTOS/Source/tasks.o
                0x00000000080076f4                vTaskSuspendAll
 .text.xTaskResumeAll
                0x0000000008007704       0x20 Middlewares/Third_Party/FreeRTOS/Source/tasks.o
                0x0000000008007704                xTaskResumeAll
 .text.xTaskGetTickCount
                0x0000000008007724        0xc Middlewares/Third_Party/FreeRTOS/Source/tasks.o
                0x0000000008007724                xTaskGetTickCount
 .text.xTaskIncrementTick
                0x0000000008007730       0x20 Middlewares/Third_Party/FreeRTOS/Source/tasks.o
                0x0000000008007730                xTaskIncrementTick
 .text.vTaskSwitchContext
                0x0000000008007750       0x9c Middlewares/Third_Party/FreeRTOS/Source/tasks.o
                0x0000000008007750                vTaskSwitchContext
 .text.vTaskSuspend
                0x00000000080077ec       0xdc Middlewares/Third_Party/FreeRTOS/Source/tasks.o
                0x00000000080077ec                vTaskSuspend
 .text.vTaskPlaceOnEventList
                0x00000000080078c8       0x90 Middlewares/Third_Party/FreeRTOS/Source/tasks.o
                0x00000000080078c8                vTaskPlaceOnEventList
 .text.vTaskPlaceOnEventListRestricted
                0x0000000008007958       0xa0 Middlewares/Third_Party/FreeRTOS/Source/tasks.o
                0x0000000008007958                vTaskPlaceOnEventListRestricted
 .text.xTaskRemoveFromEventList
                0x00000000080079f8       0x90 Middlewares/Third_Party/FreeRTOS/Source/tasks.o
                0x00000000080079f8                xTaskRemoveFromEventList
 .text.vTaskInternalSetTimeOutState
                0x0000000008007a88       0x18 Middlewares/Third_Party/FreeRTOS/Source/tasks.o
                0x0000000008007a88                vTaskInternalSetTimeOutState
 .text.xTaskCheckForTimeOut
                0x0000000008007aa0       0xa0 Middlewares/Third_Party/FreeRTOS/Source/tasks.o
                0x0000000008007aa0                xTaskCheckForTimeOut
 .text.vTaskMissedYield
                0x0000000008007b40        0xc Middlewares/Third_Party/FreeRTOS/Source/tasks.o
                0x0000000008007b40                vTaskMissedYield
 .text.uxTaskGetStackHighWaterMark
                0x0000000008007b4c       0x34 Middlewares/Third_Party/FreeRTOS/Source/tasks.o
                0x0000000008007b4c                uxTaskGetStackHighWaterMark
 .text.xTaskGetSchedulerState
                0x0000000008007b80       0x20 Middlewares/Third_Party/FreeRTOS/Source/tasks.o
                0x0000000008007b80                xTaskGetSchedulerState
 .text.xTaskPriorityDisinherit
                0x0000000008007ba0       0x8c Middlewares/Third_Party/FreeRTOS/Source/tasks.o
                0x0000000008007ba0                xTaskPriorityDisinherit
 .text.ulTaskNotifyTake
                0x0000000008007c2c       0xc4 Middlewares/Third_Party/FreeRTOS/Source/tasks.o
                0x0000000008007c2c                ulTaskNotifyTake
 .text.xTaskGenericNotify
                0x0000000008007cf0       0xf0 Middlewares/Third_Party/FreeRTOS/Source/tasks.o
                0x0000000008007cf0                xTaskGenericNotify
 .text.xTaskGenericNotifyFromISR
                0x0000000008007de0      0x128 Middlewares/Third_Party/FreeRTOS/Source/tasks.o
                0x0000000008007de0                xTaskGenericNotifyFromISR
 .text.prvSwitchTimerLists
                0x0000000008007f08       0x9c Middlewares/Third_Party/FreeRTOS/Source/timers.o
 .text.prvTimerTask
                0x0000000008007fa4      0x294 Middlewares/Third_Party/FreeRTOS/Source/timers.o
 .text.xTimerCreateTimerTask
                0x0000000008008238       0xbc Middlewares/Third_Party/FreeRTOS/Source/timers.o
                0x0000000008008238                xTimerCreateTimerTask
 .text.prvPortStartFirstTask
                0x00000000080082f4       0x28 Middlewares/Third_Party/FreeRTOS/Source/portable/GCC/ARM_CM4F/port.o
 .text.vPortEnableVFP
                0x000000000800831c       0x14 Middlewares/Third_Party/FreeRTOS/Source/portable/GCC/ARM_CM4F/port.o
 .text.prvTaskExitError
                0x0000000008008330       0x40 Middlewares/Third_Party/FreeRTOS/Source/portable/GCC/ARM_CM4F/port.o
 .text.pxPortInitialiseStack
                0x0000000008008370       0x30 Middlewares/Third_Party/FreeRTOS/Source/portable/GCC/ARM_CM4F/port.o
                0x0000000008008370                pxPortInitialiseStack
 .text.SVC_Handler
                0x00000000080083a0       0x24 Middlewares/Third_Party/FreeRTOS/Source/portable/GCC/ARM_CM4F/port.o
                0x00000000080083a0                SVC_Handler
 .text.vPortEnterCritical
                0x00000000080083c4       0x44 Middlewares/Third_Party/FreeRTOS/Source/portable/GCC/ARM_CM4F/port.o
                0x00000000080083c4                vPortEnterCritical
 .text.vPortExitCritical
                0x0000000008008408       0x28 Middlewares/Third_Party/FreeRTOS/Source/portable/GCC/ARM_CM4F/port.o
                0x0000000008008408                vPortExitCritical
 .text.PendSV_Handler
                0x0000000008008430       0x64 Middlewares/Third_Party/FreeRTOS/Source/portable/GCC/ARM_CM4F/port.o
                0x0000000008008430                PendSV_Handler
 .text.xPortSysTickHandler
                0x0000000008008494       0x2c Middlewares/Third_Party/FreeRTOS/Source/portable/GCC/ARM_CM4F/port.o
                0x0000000008008494                xPortSysTickHandler
 .text.vPortSetupTimerInterrupt
                0x00000000080084c0       0x3c Middlewares/Third_Party/FreeRTOS/Source/portable/GCC/ARM_CM4F/port.o
                0x00000000080084c0                vPortSetupTimerInterrupt
 .text.xPortStartScheduler
                0x00000000080084fc      0x138 Middlewares/Third_Party/FreeRTOS/Source/portable/GCC/ARM_CM4F/port.o
                0x00000000080084fc                xPortStartScheduler
 .text.vPortValidateInterruptPriority
                0x0000000008008634       0x5c Middlewares/Third_Party/FreeRTOS/Source/portable/GCC/ARM_CM4F/port.o
                0x0000000008008634                vPortValidateInterruptPriority
 .text.pvPortMalloc
                0x0000000008008690      0x178 Middlewares/Third_Party/FreeRTOS/Source/portable/MemMang/heap_4.o
                0x0000000008008690                pvPortMalloc
 .text.vPortFree
                0x0000000008008808       0xbc Middlewares/Third_Party/FreeRTOS/Source/portable/MemMang/heap_4.o
                0x0000000008008808                vPortFree
 .text.__errno  0x00000000080088c4        0xc c:/st/stm32cubeide_1.6.1/stm32cubeide/plugins/com.st.stm32cube.ide.mcu.externaltools.gnu-tools-for-stm32.9-2020-q2-update.win32_1.5.0.202011040924/tools/bin/../lib/gcc/arm-none-eabi/9.3.1/../../../../arm-none-eabi/lib/thumb/v7e-m+fp/hard\libc_nano.a(lib_a-errno.o)
                0x00000000080088c4                __errno
 .text.__libc_init_array
                0x00000000080088d0       0x48 c:/st/stm32cubeide_1.6.1/stm32cubeide/plugins/com.st.stm32cube.ide.mcu.externaltools.gnu-tools-for-stm32.9-2020-q2-update.win32_1.5.0.202011040924/tools/bin/../lib/gcc/arm-none-eabi/9.3.1/../../../../arm-none-eabi/lib/thumb/v7e-m+fp/hard\libc_nano.a(lib_a-init.o)
                0x00000000080088d0                __libc_init_array
 .text.memcpy   0x0000000008008918       0x1c c:/st/stm32cubeide_1.6.1/stm32cubeide/plugins/com.st.stm32cube.ide.mcu.externaltools.gnu-tools-for-stm32.9-2020-q2-update.win32_1.5.0.202011040924/tools/bin/../lib/gcc/arm-none-eabi/9.3.1/../../../../arm-none-eabi/lib/thumb/v7e-m+fp/hard\libc_nano.a(lib_a-memcpy-stub.o)
                0x0000000008008918                memcpy
 .text.memset   0x0000000008008934       0x10 c:/st/stm32cubeide_1.6.1/stm32cubeide/plugins/com.st.stm32cube.ide.mcu.externaltools.gnu-tools-for-stm32.9-2020-q2-update.win32_1.5.0.202011040924/tools/bin/../lib/gcc/arm-none-eabi/9.3.1/../../../../arm-none-eabi/lib/thumb/v7e-m+fp/hard\libc_nano.a(lib_a-memset.o)
                0x0000000008008934                memset
 .text.printf   0x0000000008008944       0x30 c:/st/stm32cubeide_1.6.1/stm32cubeide/plugins/com.st.stm32cube.ide.mcu.externaltools.gnu-tools-for-stm32.9-2020-q2-update.win32_1.5.0.202011040924/tools/bin/../lib/gcc/arm-none-eabi/9.3.1/../../../../arm-none-eabi/lib/thumb/v7e-m+fp/hard\libc_nano.a(lib_a-printf.o)
                0x0000000008008944                iprintf
                0x0000000008008944                printf
 .text._puts_r  0x0000000008008974       0xdc c:/st/stm32cubeide_1.6.1/stm32cubeide/plugins/com.st.stm32cube.ide.mcu.externaltools.gnu-tools-for-stm32.9-2020-q2-update.win32_1.5.0.202011040924/tools/bin/../lib/gcc/arm-none-eabi/9.3.1/../../../../arm-none-eabi/lib/thumb/v7e-m+fp/hard\libc_nano.a(lib_a-puts.o)
                0x0000000008008974                _puts_r
 .text.puts     0x0000000008008a50       0x10 c:/st/stm32cubeide_1.6.1/stm32cubeide/plugins/com.st.stm32cube.ide.mcu.externaltools.gnu-tools-for-stm32.9-2020-q2-update.win32_1.5.0.202011040924/tools/bin/../lib/gcc/arm-none-eabi/9.3.1/../../../../arm-none-eabi/lib/thumb/v7e-m+fp/hard\libc_nano.a(lib_a-puts.o)
                0x0000000008008a50                puts
 .text.__swbuf_r
                0x0000000008008a60       0xa4 c:/st/stm32cubeide_1.6.1/stm32cubeide/plugins/com.st.stm32cube.ide.mcu.externaltools.gnu-tools-for-stm32.9-2020-q2-update.win32_1.5.0.202011040924/tools/bin/../lib/gcc/arm-none-eabi/9.3.1/../../../../arm-none-eabi/lib/thumb/v7e-m+fp/hard\libc_nano.a(lib_a-wbuf.o)
                0x0000000008008a60                __swbuf_r
 .text.__swsetup_r
                0x0000000008008b04       0xdc c:/st/stm32cubeide_1.6.1/stm32cubeide/plugins/com.st.stm32cube.ide.mcu.externaltools.gnu-tools-for-stm32.9-2020-q2-update.win32_1.5.0.202011040924/tools/bin/../lib/gcc/arm-none-eabi/9.3.1/../../../../arm-none-eabi/lib/thumb/v7e-m+fp/hard\libc_nano.a(lib_a-wsetup.o)
                0x0000000008008b04                __swsetup_r
 .text.__sflush_r
                0x0000000008008be0      0x10c c:/st/stm32cubeide_1.6.1/stm32cubeide/plugins/com.st.stm32cube.ide.mcu.externaltools.gnu-tools-for-stm32.9-2020-q2-update.win32_1.5.0.202011040924/tools/bin/../lib/gcc/arm-none-eabi/9.3.1/../../../../arm-none-eabi/lib/thumb/v7e-m+fp/hard\libc_nano.a(lib_a-fflush.o)
                0x0000000008008be0                __sflush_r
 .text._fflush_r
                0x0000000008008cec       0x78 c:/st/stm32cubeide_1.6.1/stm32cubeide/plugins/com.st.stm32cube.ide.mcu.externaltools.gnu-tools-for-stm32.9-2020-q2-update.win32_1.5.0.202011040924/tools/bin/../lib/gcc/arm-none-eabi/9.3.1/../../../../arm-none-eabi/lib/thumb/v7e-m+fp/hard\libc_nano.a(lib_a-fflush.o)
                0x0000000008008cec                _fflush_r
 .text.std      0x0000000008008d64       0x48 c:/st/stm32cubeide_1.6.1/stm32cubeide/plugins/com.st.stm32cube.ide.mcu.externaltools.gnu-tools-for-stm32.9-2020-q2-update.win32_1.5.0.202011040924/tools/bin/../lib/gcc/arm-none-eabi/9.3.1/../../../../arm-none-eabi/lib/thumb/v7e-m+fp/hard\libc_nano.a(lib_a-findfp.o)
 .text._cleanup_r
                0x0000000008008dac        0xc c:/st/stm32cubeide_1.6.1/stm32cubeide/plugins/com.st.stm32cube.ide.mcu.externaltools.gnu-tools-for-stm32.9-2020-q2-update.win32_1.5.0.202011040924/tools/bin/../lib/gcc/arm-none-eabi/9.3.1/../../../../arm-none-eabi/lib/thumb/v7e-m+fp/hard\libc_nano.a(lib_a-findfp.o)
                0x0000000008008dac                _cleanup_r
 .text.__sfmoreglue
                0x0000000008008db8       0x2c c:/st/stm32cubeide_1.6.1/stm32cubeide/plugins/com.st.stm32cube.ide.mcu.externaltools.gnu-tools-for-stm32.9-2020-q2-update.win32_1.5.0.202011040924/tools/bin/../lib/gcc/arm-none-eabi/9.3.1/../../../../arm-none-eabi/lib/thumb/v7e-m+fp/hard\libc_nano.a(lib_a-findfp.o)
                0x0000000008008db8                __sfmoreglue
 .text.__sfp_lock_acquire
                0x0000000008008de4        0xc c:/st/stm32cubeide_1.6.1/stm32cubeide/plugins/com.st.stm32cube.ide.mcu.externaltools.gnu-tools-for-stm32.9-2020-q2-update.win32_1.5.0.202011040924/tools/bin/../lib/gcc/arm-none-eabi/9.3.1/../../../../arm-none-eabi/lib/thumb/v7e-m+fp/hard\libc_nano.a(lib_a-findfp.o)
                0x0000000008008de4                __sfp_lock_acquire
 .text.__sfp_lock_release
                0x0000000008008df0        0xc c:/st/stm32cubeide_1.6.1/stm32cubeide/plugins/com.st.stm32cube.ide.mcu.externaltools.gnu-tools-for-stm32.9-2020-q2-update.win32_1.5.0.202011040924/tools/bin/../lib/gcc/arm-none-eabi/9.3.1/../../../../arm-none-eabi/lib/thumb/v7e-m+fp/hard\libc_nano.a(lib_a-findfp.o)
                0x0000000008008df0                __sfp_lock_release
 .text.__sinit_lock_acquire
                0x0000000008008dfc        0xc c:/st/stm32cubeide_1.6.1/stm32cubeide/plugins/com.st.stm32cube.ide.mcu.externaltools.gnu-tools-for-stm32.9-2020-q2-update.win32_1.5.0.202011040924/tools/bin/../lib/gcc/arm-none-eabi/9.3.1/../../../../arm-none-eabi/lib/thumb/v7e-m+fp/hard\libc_nano.a(lib_a-findfp.o)
                0x0000000008008dfc                __sinit_lock_acquire
 .text.__sinit_lock_release
                0x0000000008008e08        0xc c:/st/stm32cubeide_1.6.1/stm32cubeide/plugins/com.st.stm32cube.ide.mcu.externaltools.gnu-tools-for-stm32.9-2020-q2-update.win32_1.5.0.202011040924/tools/bin/../lib/gcc/arm-none-eabi/9.3.1/../../../../arm-none-eabi/lib/thumb/v7e-m+fp/hard\libc_nano.a(lib_a-findfp.o)
                0x0000000008008e08                __sinit_lock_release
 .text.__sinit  0x0000000008008e14       0x70 c:/st/stm32cubeide_1.6.1/stm32cubeide/plugins/com.st.stm32cube.ide.mcu.externaltools.gnu-tools-for-stm32.9-2020-q2-update.win32_1.5.0.202011040924/tools/bin/../lib/gcc/arm-none-eabi/9.3.1/../../../../arm-none-eabi/lib/thumb/v7e-m+fp/hard\libc_nano.a(lib_a-findfp.o)
                0x0000000008008e14                __sinit
 .text.__sfp    0x0000000008008e84       0x8c c:/st/stm32cubeide_1.6.1/stm32cubeide/plugins/com.st.stm32cube.ide.mcu.externaltools.gnu-tools-for-stm32.9-2020-q2-update.win32_1.5.0.202011040924/tools/bin/../lib/gcc/arm-none-eabi/9.3.1/../../../../arm-none-eabi/lib/thumb/v7e-m+fp/hard\libc_nano.a(lib_a-findfp.o)
                0x0000000008008e84                __sfp
 .text._fwalk_reent
                0x0000000008008f10       0x3e c:/st/stm32cubeide_1.6.1/stm32cubeide/plugins/com.st.stm32cube.ide.mcu.externaltools.gnu-tools-for-stm32.9-2020-q2-update.win32_1.5.0.202011040924/tools/bin/../lib/gcc/arm-none-eabi/9.3.1/../../../../arm-none-eabi/lib/thumb/v7e-m+fp/hard\libc_nano.a(lib_a-fwalk.o)
                0x0000000008008f10                _fwalk_reent
 .text.__retarget_lock_init_recursive
                0x0000000008008f4e        0x2 c:/st/stm32cubeide_1.6.1/stm32cubeide/plugins/com.st.stm32cube.ide.mcu.externaltools.gnu-tools-for-stm32.9-2020-q2-update.win32_1.5.0.202011040924/tools/bin/../lib/gcc/arm-none-eabi/9.3.1/../../../../arm-none-eabi/lib/thumb/v7e-m+fp/hard\libc_nano.a(lib_a-lock.o)
                0x0000000008008f4e                __retarget_lock_init_recursive
 .text.__retarget_lock_acquire_recursive
                0x0000000008008f50        0x2 c:/st/stm32cubeide_1.6.1/stm32cubeide/plugins/com.st.stm32cube.ide.mcu.externaltools.gnu-tools-for-stm32.9-2020-q2-update.win32_1.5.0.202011040924/tools/bin/../lib/gcc/arm-none-eabi/9.3.1/../../../../arm-none-eabi/lib/thumb/v7e-m+fp/hard\libc_nano.a(lib_a-lock.o)
                0x0000000008008f50                __retarget_lock_acquire_recursive
 .text.__retarget_lock_release_recursive
                0x0000000008008f52        0x2 c:/st/stm32cubeide_1.6.1/stm32cubeide/plugins/com.st.stm32cube.ide.mcu.externaltools.gnu-tools-for-stm32.9-2020-q2-update.win32_1.5.0.202011040924/tools/bin/../lib/gcc/arm-none-eabi/9.3.1/../../../../arm-none-eabi/lib/thumb/v7e-m+fp/hard\libc_nano.a(lib_a-lock.o)
                0x0000000008008f52                __retarget_lock_release_recursive
 .text.__swhatbuf_r
                0x0000000008008f54       0x48 c:/st/stm32cubeide_1.6.1/stm32cubeide/plugins/com.st.stm32cube.ide.mcu.externaltools.gnu-tools-for-stm32.9-2020-q2-update.win32_1.5.0.202011040924/tools/bin/../lib/gcc/arm-none-eabi/9.3.1/../../../../arm-none-eabi/lib/thumb/v7e-m+fp/hard\libc_nano.a(lib_a-makebuf.o)
                0x0000000008008f54                __swhatbuf_r
 .text.__smakebuf_r
                0x0000000008008f9c       0x80 c:/st/stm32cubeide_1.6.1/stm32cubeide/plugins/com.st.stm32cube.ide.mcu.externaltools.gnu-tools-for-stm32.9-2020-q2-update.win32_1.5.0.202011040924/tools/bin/../lib/gcc/arm-none-eabi/9.3.1/../../../../arm-none-eabi/lib/thumb/v7e-m+fp/hard\libc_nano.a(lib_a-makebuf.o)
                0x0000000008008f9c                __smakebuf_r
 .text._free_r  0x000000000800901c       0xa0 c:/st/stm32cubeide_1.6.1/stm32cubeide/plugins/com.st.stm32cube.ide.mcu.externaltools.gnu-tools-for-stm32.9-2020-q2-update.win32_1.5.0.202011040924/tools/bin/../lib/gcc/arm-none-eabi/9.3.1/../../../../arm-none-eabi/lib/thumb/v7e-m+fp/hard\libc_nano.a(lib_a-nano-freer.o)
                0x000000000800901c                _free_r
 .text._malloc_r
                0x00000000080090bc       0xb4 c:/st/stm32cubeide_1.6.1/stm32cubeide/plugins/com.st.stm32cube.ide.mcu.externaltools.gnu-tools-for-stm32.9-2020-q2-update.win32_1.5.0.202011040924/tools/bin/../lib/gcc/arm-none-eabi/9.3.1/../../../../arm-none-eabi/lib/thumb/v7e-m+fp/hard\libc_nano.a(lib_a-nano-mallocr.o)
                0x00000000080090bc                _malloc_r
 .text.__sfputc_r
                0x0000000008009170       0x2e c:/st/stm32cubeide_1.6.1/stm32cubeide/plugins/com.st.stm32cube.ide.mcu.externaltools.gnu-tools-for-stm32.9-2020-q2-update.win32_1.5.0.202011040924/tools/bin/../lib/gcc/arm-none-eabi/9.3.1/../../../../arm-none-eabi/lib/thumb/v7e-m+fp/hard\libc_nano.a(lib_a-nano-vfprintf.o)
 .text.__sfputs_r
                0x000000000800919e       0x24 c:/st/stm32cubeide_1.6.1/stm32cubeide/plugins/com.st.stm32cube.ide.mcu.externaltools.gnu-tools-for-stm32.9-2020-q2-update.win32_1.5.0.202011040924/tools/bin/../lib/gcc/arm-none-eabi/9.3.1/../../../../arm-none-eabi/lib/thumb/v7e-m+fp/hard\libc_nano.a(lib_a-nano-vfprintf.o)
                0x000000000800919e                __sfputs_r
 *fill*         0x00000000080091c2        0x2 
 .text._vfprintf_r
                0x00000000080091c4      0x260 c:/st/stm32cubeide_1.6.1/stm32cubeide/plugins/com.st.stm32cube.ide.mcu.externaltools.gnu-tools-for-stm32.9-2020-q2-update.win32_1.5.0.202011040924/tools/bin/../lib/gcc/arm-none-eabi/9.3.1/../../../../arm-none-eabi/lib/thumb/v7e-m+fp/hard\libc_nano.a(lib_a-nano-vfprintf.o)
                0x00000000080091c4                _vfprintf_r
                0x00000000080091c4                _vfiprintf_r
 .text._printf_common
                0x0000000008009424       0xda c:/st/stm32cubeide_1.6.1/stm32cubeide/plugins/com.st.stm32cube.ide.mcu.externaltools.gnu-tools-for-stm32.9-2020-q2-update.win32_1.5.0.202011040924/tools/bin/../lib/gcc/arm-none-eabi/9.3.1/../../../../arm-none-eabi/lib/thumb/v7e-m+fp/hard\libc_nano.a(lib_a-nano-vfprintf_i.o)
                0x0000000008009424                _printf_common
 *fill*         0x00000000080094fe        0x2 
 .text._printf_i
                0x0000000008009500      0x24c c:/st/stm32cubeide_1.6.1/stm32cubeide/plugins/com.st.stm32cube.ide.mcu.externaltools.gnu-tools-for-stm32.9-2020-q2-update.win32_1.5.0.202011040924/tools/bin/../lib/gcc/arm-none-eabi/9.3.1/../../../../arm-none-eabi/lib/thumb/v7e-m+fp/hard\libc_nano.a(lib_a-nano-vfprintf_i.o)
                0x0000000008009500                _printf_i
 .text._sbrk_r  0x000000000800974c       0x20 c:/st/stm32cubeide_1.6.1/stm32cubeide/plugins/com.st.stm32cube.ide.mcu.externaltools.gnu-tools-for-stm32.9-2020-q2-update.win32_1.5.0.202011040924/tools/bin/../lib/gcc/arm-none-eabi/9.3.1/../../../../arm-none-eabi/lib/thumb/v7e-m+fp/hard\libc_nano.a(lib_a-sbrkr.o)
                0x000000000800974c                _sbrk_r
 .text.__sread  0x000000000800976c       0x22 c:/st/stm32cubeide_1.6.1/stm32cubeide/plugins/com.st.stm32cube.ide.mcu.externaltools.gnu-tools-for-stm32.9-2020-q2-update.win32_1.5.0.202011040924/tools/bin/../lib/gcc/arm-none-eabi/9.3.1/../../../../arm-none-eabi/lib/thumb/v7e-m+fp/hard\libc_nano.a(lib_a-stdio.o)
                0x000000000800976c                __sread
 .text.__swrite
                0x000000000800978e       0x38 c:/st/stm32cubeide_1.6.1/stm32cubeide/plugins/com.st.stm32cube.ide.mcu.externaltools.gnu-tools-for-stm32.9-2020-q2-update.win32_1.5.0.202011040924/tools/bin/../lib/gcc/arm-none-eabi/9.3.1/../../../../arm-none-eabi/lib/thumb/v7e-m+fp/hard\libc_nano.a(lib_a-stdio.o)
                0x000000000800978e                __swrite
 .text.__sseek  0x00000000080097c6       0x24 c:/st/stm32cubeide_1.6.1/stm32cubeide/plugins/com.st.stm32cube.ide.mcu.externaltools.gnu-tools-for-stm32.9-2020-q2-update.win32_1.5.0.202011040924/tools/bin/../lib/gcc/arm-none-eabi/9.3.1/../../../../arm-none-eabi/lib/thumb/v7e-m+fp/hard\libc_nano.a(lib_a-stdio.o)
                0x00000000080097c6                __sseek
 .text.__sclose
                0x00000000080097ea        0x8 c:/st/stm32cubeide_1.6.1/stm32cubeide/plugins/com.st.stm32cube.ide.mcu.externaltools.gnu-tools-for-stm32.9-2020-q2-update.win32_1.5.0.202011040924/tools/bin/../lib/gcc/arm-none-eabi/9.3.1/../../../../arm-none-eabi/lib/thumb/v7e-m+fp/hard\libc_nano.a(lib_a-stdio.o)
                0x00000000080097ea                __sclose
 *fill*         0x00000000080097f2        0x2 
 .text._write_r
                0x00000000080097f4       0x24 c:/st/stm32cubeide_1.6.1/stm32cubeide/plugins/com.st.stm32cube.ide.mcu.externaltools.gnu-tools-for-stm32.9-2020-q2-update.win32_1.5.0.202011040924/tools/bin/../lib/gcc/arm-none-eabi/9.3.1/../../../../arm-none-eabi/lib/thumb/v7e-m+fp/hard\libc_nano.a(lib_a-writer.o)
                0x00000000080097f4                _write_r
 .text._close_r
                0x0000000008009818       0x20 c:/st/stm32cubeide_1.6.1/stm32cubeide/plugins/com.st.stm32cube.ide.mcu.externaltools.gnu-tools-for-stm32.9-2020-q2-update.win32_1.5.0.202011040924/tools/bin/../lib/gcc/arm-none-eabi/9.3.1/../../../../arm-none-eabi/lib/thumb/v7e-m+fp/hard\libc_nano.a(lib_a-closer.o)
                0x0000000008009818                _close_r
 .text._fstat_r
                0x0000000008009838       0x24 c:/st/stm32cubeide_1.6.1/stm32cubeide/plugins/com.st.stm32cube.ide.mcu.externaltools.gnu-tools-for-stm32.9-2020-q2-update.win32_1.5.0.202011040924/tools/bin/../lib/gcc/arm-none-eabi/9.3.1/../../../../arm-none-eabi/lib/thumb/v7e-m+fp/hard\libc_nano.a(lib_a-fstatr.o)
                0x0000000008009838                _fstat_r
 .text._isatty_r
                0x000000000800985c       0x20 c:/st/stm32cubeide_1.6.1/stm32cubeide/plugins/com.st.stm32cube.ide.mcu.externaltools.gnu-tools-for-stm32.9-2020-q2-update.win32_1.5.0.202011040924/tools/bin/../lib/gcc/arm-none-eabi/9.3.1/../../../../arm-none-eabi/lib/thumb/v7e-m+fp/hard\libc_nano.a(lib_a-isattyr.o)
                0x000000000800985c                _isatty_r
 .text._lseek_r
                0x000000000800987c       0x24 c:/st/stm32cubeide_1.6.1/stm32cubeide/plugins/com.st.stm32cube.ide.mcu.externaltools.gnu-tools-for-stm32.9-2020-q2-update.win32_1.5.0.202011040924/tools/bin/../lib/gcc/arm-none-eabi/9.3.1/../../../../arm-none-eabi/lib/thumb/v7e-m+fp/hard\libc_nano.a(lib_a-lseekr.o)
                0x000000000800987c                _lseek_r
 .text.__malloc_lock
                0x00000000080098a0        0xc c:/st/stm32cubeide_1.6.1/stm32cubeide/plugins/com.st.stm32cube.ide.mcu.externaltools.gnu-tools-for-stm32.9-2020-q2-update.win32_1.5.0.202011040924/tools/bin/../lib/gcc/arm-none-eabi/9.3.1/../../../../arm-none-eabi/lib/thumb/v7e-m+fp/hard\libc_nano.a(lib_a-mlock.o)
                0x00000000080098a0                __malloc_lock
 .text.__malloc_unlock
                0x00000000080098ac        0xc c:/st/stm32cubeide_1.6.1/stm32cubeide/plugins/com.st.stm32cube.ide.mcu.externaltools.gnu-tools-for-stm32.9-2020-q2-update.win32_1.5.0.202011040924/tools/bin/../lib/gcc/arm-none-eabi/9.3.1/../../../../arm-none-eabi/lib/thumb/v7e-m+fp/hard\libc_nano.a(lib_a-mlock.o)
                0x00000000080098ac                __malloc_unlock