hci_tl_interface.c:49:13:HCI_TL_SPI_Enable_IRQ	8	static
hci_tl_interface.c:59:13:HCI_TL_SPI_Disable_IRQ	8	static
hci_tl_interface.c:71:9:HCI_TL_SPI_Init	40	static
hci_tl_interface.c:109:9:HCI_TL_SPI_DeInit	8	static
hci_tl_interface.c:123:9:HCI_TL_SPI_Reset	8	static
hci_tl_interface.c:142:9:HCI_TL_SPI_Receive	40	static
hci_tl_interface.c:194:9:HCI_TL_SPI_Send	48	static
hci_tl_interface.c:272:16:IsDataAvailable	8	static
hci_tl_interface.c:284:6:hci_tl_lowlevel_init	40	static
hci_tl_interface.c:323:6:hci_tl_lowlevel_isr	8	static
