car_app_ble.c:87:6:BlueNRG_Init	24	static
car_app_ble.c:150:13:Setup_DeviceAddress	32	static
car_app_ble.c:198:13:GAP_Peripheral_ConfigService	232	static
car_app_ble.c:385:13:Server_ResetConnectionStatus	24	static,ignoring_inline_asm
car_app_ble.c:419:6:BlueNRG_MakeDeviceDiscoverable	88	static
car_app_ble.c:471:6:APP_UserEvtRx	40	static
car_app_ble.c:525:6:hci_le_connection_complete_event	40	static,ignoring_inline_asm
car_app_ble.c:571:6:hci_disconnection_complete_event	16	static
car_app_ble.c:588:6:aci_gatt_notification_event	24	static
car_app_ble.c:604:6:aci_gatt_attribute_modified_event	64	static
car_app_ble.c:670:6:BlueNRG_Loop	8	static
