stm32f4xx_it.c:61:6:NMI_Handler	4	static
stm32f4xx_it.c:76:6:HardFault_Handler	4	static
stm32f4xx_it.c:91:6:MemManage_Handler	4	static
stm32f4xx_it.c:106:6:BusFault_Handler	4	static
stm32f4xx_it.c:121:6:UsageFault_Handler	4	static
stm32f4xx_it.c:136:6:DebugMon_Handler	4	static
stm32f4xx_it.c:156:6:EXTI0_IRQHandler	8	static
stm32f4xx_it.c:164:6:TIM1_BRK_TIM9_IRQHandler	8	static
stm32f4xx_it.c:172:6:TIM2_IRQHandler	8	static
stm32f4xx_it.c:180:6:I2C1_EV_IRQHandler	8	static
stm32f4xx_it.c:188:6:EXTI15_10_IRQHandler	8	static
stm32f4xx_it.c:196:6:TIM5_IRQHandler	8	static
stm32f4xx_it.c:204:6:DMA2_Stream0_IRQHandler	8	static
stm32f4xx_it.c:221:6:HAL_TIM_PeriodElapsedCallback	16	static
