bluenrg1_events_cb.c:136:1:hci_disconnection_complete_event	0	static
bluenrg1_events_cb.c:171:1:hci_encryption_change_event	0	static
bluenrg1_events_cb.c:207:1:hci_read_remote_version_information_complete_event	0	static
bluenrg1_events_cb.c:231:1:hci_hardware_error_event	0	static
bluenrg1_events_cb.c:257:1:hci_number_of_completed_packets_event	0	static
bluenrg1_events_cb.c:274:1:hci_data_buffer_overflow_event	0	static
bluenrg1_events_cb.c:299:1:hci_encryption_key_refresh_complete_event	0	static
bluenrg1_events_cb.c:356:1:hci_le_connection_complete_event	0	static
bluenrg1_events_cb.c:382:1:hci_le_advertising_report_event	0	static
bluenrg1_events_cb.c:413:1:hci_le_connection_update_complete_event	0	static
bluenrg1_events_cb.c:435:1:hci_le_read_remote_used_features_complete_event	0	static
bluenrg1_events_cb.c:455:1:hci_le_long_term_key_request_event	0	static
bluenrg1_events_cb.c:478:1:hci_le_data_length_change_event	0	static
bluenrg1_events_cb.c:495:1:hci_le_read_local_p256_public_key_complete_event	0	static
bluenrg1_events_cb.c:510:1:hci_le_generate_dhkey_complete_event	0	static
bluenrg1_events_cb.c:582:1:hci_le_enhanced_connection_complete_event	0	static
bluenrg1_events_cb.c:613:1:hci_le_direct_advertising_report_event	0	static
bluenrg1_events_cb.c:635:1:aci_gap_limited_discoverable_event	0	static
bluenrg1_events_cb.c:670:1:aci_gap_pairing_complete_event	0	static
bluenrg1_events_cb.c:686:1:aci_gap_pass_key_req_event	0	static
bluenrg1_events_cb.c:701:1:aci_gap_authorization_req_event	0	static
bluenrg1_events_cb.c:712:1:aci_gap_slave_security_initiated_event	0	static
bluenrg1_events_cb.c:726:1:aci_gap_bond_lost_event	0	static
bluenrg1_events_cb.c:752:1:aci_gap_proc_complete_event	0	static
bluenrg1_events_cb.c:770:1:aci_gap_addr_not_resolved_event	0	static
bluenrg1_events_cb.c:784:1:aci_gap_numeric_comparison_value_event	0	static
bluenrg1_events_cb.c:798:1:aci_gap_keypress_notification_event	0	static
bluenrg1_events_cb.c:824:1:aci_gatt_attribute_modified_event	0	static
bluenrg1_events_cb.c:841:1:aci_gatt_proc_timeout_event	0	static
bluenrg1_events_cb.c:855:1:aci_att_exchange_mtu_resp_event	0	static
bluenrg1_events_cb.c:873:1:aci_att_find_info_resp_event	0	static
bluenrg1_events_cb.c:890:1:aci_att_find_by_type_value_resp_event	0	static
bluenrg1_events_cb.c:908:1:aci_att_read_by_type_resp_event	0	static
bluenrg1_events_cb.c:925:1:aci_att_read_resp_event	0	static
bluenrg1_events_cb.c:941:1:aci_att_read_blob_resp_event	0	static
bluenrg1_events_cb.c:958:1:aci_att_read_multiple_resp_event	0	static
bluenrg1_events_cb.c:976:1:aci_att_read_by_group_type_resp_event	0	static
bluenrg1_events_cb.c:995:1:aci_att_prepare_write_resp_event	0	static
bluenrg1_events_cb.c:1011:1:aci_att_exec_write_resp_event	0	static
bluenrg1_events_cb.c:1026:1:aci_gatt_indication_event	0	static
bluenrg1_events_cb.c:1044:1:aci_gatt_notification_event	0	static
bluenrg1_events_cb.c:1153:1:aci_gatt_proc_complete_event	0	static
bluenrg1_events_cb.c:1190:1:aci_gatt_error_resp_event	0	static
bluenrg1_events_cb.c:1215:1:aci_gatt_disc_read_char_by_uuid_resp_event	0	static
bluenrg1_events_cb.c:1243:1:aci_gatt_write_permit_req_event	0	static
bluenrg1_events_cb.c:1265:1:aci_gatt_read_permit_req_event	0	static
bluenrg1_events_cb.c:1286:1:aci_gatt_read_multi_permit_req_event	0	static
bluenrg1_events_cb.c:1304:1:aci_gatt_tx_pool_available_event	0	static
bluenrg1_events_cb.c:1317:1:aci_gatt_server_confirmation_event	0	static
bluenrg1_events_cb.c:1340:1:aci_gatt_prepare_write_permit_req_event	0	static
bluenrg1_events_cb.c:1367:1:aci_l2cap_connection_update_resp_event	0	static
bluenrg1_events_cb.c:1385:1:aci_l2cap_proc_timeout_event	0	static
bluenrg1_events_cb.c:1419:1:aci_l2cap_connection_update_req_event	0	static
bluenrg1_events_cb.c:1443:1:aci_l2cap_command_reject_event	0	static
bluenrg1_events_cb.c:1479:1:aci_blue_initialized_event	0	static
bluenrg1_events_cb.c:1556:1:aci_blue_events_lost_event	0	static
bluenrg1_events_cb.c:1585:1:aci_blue_crash_info_event	0	static
bluenrg1_events_cb.c:1631:1:aci_hal_end_of_radio_activity_event	0	static
bluenrg1_events_cb.c:1660:1:aci_hal_scan_req_report_event	0	static
bluenrg1_events_cb.c:1678:1:aci_hal_fw_error_event	0	static
