bluenrg1_hci_le.c:24:12:hci_disconnect	312	static
bluenrg1_hci_le.c:51:12:hci_read_remote_version_information	312	static
bluenrg1_hci_le.c:75:12:hci_set_event_mask	312	static
bluenrg1_hci_le.c:98:12:hci_reset	40	static
bluenrg1_hci_le.c:114:12:hci_read_transmit_power_level	312	static
bluenrg1_hci_le.c:143:12:hci_read_local_version_information	64	static
bluenrg1_hci_le.c:169:12:hci_read_local_supported_commands	128	static
bluenrg1_hci_le.c:187:12:hci_read_local_supported_features	56	static
bluenrg1_hci_le.c:205:12:hci_read_bd_addr	48	static
bluenrg1_hci_le.c:223:12:hci_read_rssi	312	static
bluenrg1_hci_le.c:249:12:hci_le_set_event_mask	312	static
bluenrg1_hci_le.c:272:12:hci_le_read_buffer_size	48	static
bluenrg1_hci_le.c:292:12:hci_le_read_local_supported_features	56	static
bluenrg1_hci_le.c:310:12:hci_le_set_random_address	312	static
bluenrg1_hci_le.c:333:12:hci_le_set_advertising_parameters	320	static
bluenrg1_hci_le.c:377:12:hci_le_read_advertising_channel_tx_power	48	static
bluenrg1_hci_le.c:395:12:hci_le_set_advertising_data	312	static
bluenrg1_hci_le.c:421:12:hci_le_set_scan_response_data	312	static
bluenrg1_hci_le.c:450:12:hci_le_set_advertise_enable	312	static
bluenrg1_hci_le.c:473:12:hci_le_set_scan_parameters	320	static
bluenrg1_hci_le.c:508:12:hci_le_set_scan_enable	312	static
bluenrg1_hci_le.c:534:12:hci_le_create_connection	320	static
bluenrg1_hci_le.c:591:12:hci_le_create_connection_cancel	40	static
bluenrg1_hci_le.c:607:12:hci_le_read_white_list_size	48	static
bluenrg1_hci_le.c:625:12:hci_le_clear_white_list	40	static
bluenrg1_hci_le.c:641:12:hci_le_add_device_to_white_list	312	static
bluenrg1_hci_le.c:667:12:hci_le_remove_device_from_white_list	312	static
bluenrg1_hci_le.c:693:12:hci_le_connection_update	320	static
bluenrg1_hci_le.c:735:12:hci_le_set_host_channel_classification	312	static
bluenrg1_hci_le.c:758:12:hci_le_read_channel_map	320	static
bluenrg1_hci_le.c:784:12:hci_le_read_remote_used_features	312	static
bluenrg1_hci_le.c:808:12:hci_le_encrypt	344	static
bluenrg1_hci_le.c:837:12:hci_le_rand	56	static
bluenrg1_hci_le.c:855:12:hci_le_start_encryption	328	static
bluenrg1_hci_le.c:888:12:hci_le_long_term_key_request_reply	312	static
bluenrg1_hci_le.c:915:12:hci_le_long_term_key_requested_negative_reply	312	static
bluenrg1_hci_le.c:939:12:hci_le_read_supported_states	56	static
bluenrg1_hci_le.c:957:12:hci_le_receiver_test	312	static
bluenrg1_hci_le.c:980:12:hci_le_transmitter_test	320	static
bluenrg1_hci_le.c:1009:12:hci_le_test_end	48	static
bluenrg1_hci_le.c:1027:12:hci_le_set_data_length	320	static
bluenrg1_hci_le.c:1057:12:hci_le_read_suggested_default_data_length	48	static
bluenrg1_hci_le.c:1077:12:hci_le_write_suggested_default_data_length	312	static
bluenrg1_hci_le.c:1103:12:hci_le_read_local_p256_public_key	40	static
bluenrg1_hci_le.c:1120:12:hci_le_generate_dhkey	312	static
bluenrg1_hci_le.c:1144:12:hci_le_add_device_to_resolving_list	328	static
bluenrg1_hci_le.c:1176:12:hci_le_remove_device_from_resolving_list	312	static
bluenrg1_hci_le.c:1202:12:hci_le_clear_resolving_list	40	static
bluenrg1_hci_le.c:1218:12:hci_le_read_resolving_list_size	48	static
bluenrg1_hci_le.c:1236:12:hci_le_read_peer_resolvable_address	328	static
bluenrg1_hci_le.c:1265:12:hci_le_read_local_resolvable_address	328	static
bluenrg1_hci_le.c:1294:12:hci_le_set_address_resolution_enable	312	static
bluenrg1_hci_le.c:1317:12:hci_le_set_resolvable_private_address_timeout	312	static
bluenrg1_hci_le.c:1341:12:hci_le_read_maximum_data_length	64	static
