bluenrg1_events.c:233:12:hci_disconnection_complete_event_process	24	static
bluenrg1_events.c:275:12:hci_encryption_change_event_process	24	static
bluenrg1_events.c:318:12:hci_read_remote_version_information_complete_event_process	40	static
bluenrg1_events.c:351:12:hci_hardware_error_event_process	24	static
bluenrg1_events.c:384:12:hci_number_of_completed_packets_event_process	160	static
bluenrg1_events.c:416:12:hci_data_buffer_overflow_event_process	24	static
bluenrg1_events.c:447:12:hci_encryption_key_refresh_complete_event_process	24	static
bluenrg1_events.c:479:12:aci_blue_initialized_event_process	24	static
bluenrg1_events.c:565:12:aci_blue_events_lost_event_process	24	static
bluenrg1_events.c:601:12:aci_blue_crash_info_event_process	80	static
bluenrg1_events.c:662:12:aci_hal_end_of_radio_activity_event_process	24	static
bluenrg1_events.c:696:12:aci_hal_scan_req_report_event_process	24	static
bluenrg1_events.c:725:12:aci_hal_fw_error_event_process	24	static
bluenrg1_events.c:744:12:aci_gap_limited_discoverable_event_process	24	static
bluenrg1_events.c:788:12:aci_gap_pairing_complete_event_process	24	static
bluenrg1_events.c:811:12:aci_gap_pass_key_req_event_process	24	static
bluenrg1_events.c:834:12:aci_gap_authorization_req_event_process	24	static
bluenrg1_events.c:851:12:aci_gap_slave_security_initiated_event_process	24	static
bluenrg1_events.c:874:12:aci_gap_bond_lost_event_process	24	static
bluenrg1_events.c:905:12:aci_gap_proc_complete_event_process	24	static
bluenrg1_events.c:929:12:aci_gap_addr_not_resolved_event_process	24	static
bluenrg1_events.c:951:12:aci_gap_numeric_comparison_value_event_process	24	static
bluenrg1_events.c:980:12:aci_gap_keypress_notification_event_process	24	static
bluenrg1_events.c:1001:12:aci_l2cap_connection_update_resp_event_process	24	static
bluenrg1_events.c:1024:12:aci_l2cap_proc_timeout_event_process	24	static
bluenrg1_events.c:1068:12:aci_l2cap_connection_update_req_event_process	56	static
bluenrg1_events.c:1098:12:aci_l2cap_command_reject_event_process	40	static
bluenrg1_events.c:1132:12:aci_gatt_attribute_modified_event_process	40	static
bluenrg1_events.c:1164:12:aci_gatt_proc_timeout_event_process	24	static
bluenrg1_events.c:1183:12:aci_att_exchange_mtu_resp_event_process	24	static
bluenrg1_events.c:1208:12:aci_att_find_info_resp_event_process	24	static
bluenrg1_events.c:1231:12:aci_att_find_by_type_value_resp_event_process	160	static
bluenrg1_events.c:1267:12:aci_att_read_by_type_resp_event_process	24	static
bluenrg1_events.c:1290:12:aci_att_read_resp_event_process	24	static
bluenrg1_events.c:1312:12:aci_att_read_blob_resp_event_process	24	static
bluenrg1_events.c:1335:12:aci_att_read_multiple_resp_event_process	24	static
bluenrg1_events.c:1361:12:aci_att_read_by_group_type_resp_event_process	24	static
bluenrg1_events.c:1386:12:aci_att_prepare_write_resp_event_process	40	static
bluenrg1_events.c:1407:12:aci_att_exec_write_resp_event_process	24	static
bluenrg1_events.c:1428:12:aci_gatt_indication_event_process	24	static
bluenrg1_events.c:1452:12:aci_gatt_notification_event_process	24	static
bluenrg1_events.c:1475:12:aci_gatt_proc_complete_event_process	24	static
bluenrg1_events.c:1520:12:aci_gatt_error_resp_event_process	24	static
bluenrg1_events.c:1553:12:aci_gatt_disc_read_char_by_uuid_resp_event_process	24	static
bluenrg1_events.c:1590:12:aci_gatt_write_permit_req_event_process	24	static
bluenrg1_events.c:1619:12:aci_gatt_read_permit_req_event_process	24	static
bluenrg1_events.c:1648:12:aci_gatt_read_multi_permit_req_event_process	160	static
bluenrg1_events.c:1680:12:aci_gatt_tx_pool_available_event_process	24	static
bluenrg1_events.c:1699:12:aci_gatt_server_confirmation_event_process	24	static
bluenrg1_events.c:1731:12:aci_gatt_prepare_write_permit_req_event_process	40	static
bluenrg1_events.c:1799:12:hci_le_connection_complete_event_process	64	static
bluenrg1_events.c:1831:12:hci_le_advertising_report_event_process	152	static
bluenrg1_events.c:1888:12:hci_le_connection_update_complete_event_process	40	static
bluenrg1_events.c:1919:12:hci_le_read_remote_used_features_complete_event_process	24	static
bluenrg1_events.c:1945:12:hci_le_long_term_key_request_event_process	24	static
bluenrg1_events.c:1988:12:hci_le_data_length_change_event_process	40	static
bluenrg1_events.c:2011:12:hci_le_read_local_p256_public_key_complete_event_process	24	static
bluenrg1_events.c:2032:12:hci_le_generate_dhkey_complete_event_process	24	static
bluenrg1_events.c:2114:12:hci_le_enhanced_connection_complete_event_process	80	static
bluenrg1_events.c:2151:12:hci_le_direct_advertising_report_event_process	160	static
