adxl343.c:75:6:Accelerometer_SetMeasurementMode	8	static
adxl343.c:101:6:Accelerometer_SetLowPowerMode	8	static
adxl343.c:129:6:Accelerometer_SetOutputDataRate	8	static
adxl343.c:150:6:Accelerometer_EnableAutoSleep	16	static
adxl343.c:179:6:Accelerometer_WriteInactivityThreshTime	8	static
adxl343.c:190:6:Accelerometer_WriteActivityThreshold	0	static
adxl343.c:202:6:Accelerometer_WriteInactivityThreshTimeMg	16	static
adxl343.c:226:6:Accelerometer_WriteActivityThreshMg	8	static
adxl343.c:247:6:Accelerometer_ConfigureActInactControl	512	static
adxl343.c:298:6:Accelerometer_LinkActivityInactivity	8	static
adxl343.c:324:6:Accelerometer_SetInterrupt	16	static
adxl343.c:348:6:Accelerometer_ResetInterrupt	0	static
adxl343.c:358:6:Accelerometer_MapInterrupt	16	static
adxl343.c:383:9:Accelerometer_ReturnIrqFlags	0	static
adxl343.c:398:6:Accelerometer_CheckInterruptFlags	16	static
adxl343.c:426:6:ADXL343_InterruptActiveLow	8	static
adxl343.c:456:6:ADXL343_FullResolutionMode	8	static
adxl343.c:480:6:ADXL343_SPI3WireMode	8	static
adxl343.c:504:6:ADXL343_ConfigureFIFOMode	8	static
adxl343.c:540:6:ADXL_ConfigureAccelerationRange	8	static
adxl343.c:558:9:ADXL_TwosComplement_13bits	0	static
adxl343.c:584:9:ADXL_TwosComplement_8bits	0	static
adxl343.c:602:6:ADXL_ReadAcceleration	24	static
adxl343.c:632:6:ADXL_ConfigureOffsets	32	static
adxl343.c:703:6:ADXL343_Init	8	static
