adxl343.c:64:6:Accelerometer_SetMeasurementMode	8	static
adxl343.c:90:6:Accelerometer_SetLowPowerMode	8	static
adxl343.c:118:6:Accelerometer_SetOutputDataRate	8	static
adxl343.c:139:6:Accelerometer_EnableAutoSleep	16	static
adxl343.c:168:6:Accelerometer_WriteInactivityThreshTime	8	static
adxl343.c:179:6:Accelerometer_WriteActivityThreshold	0	static
adxl343.c:191:6:Accelerometer_WriteInactivityThreshTimeMg	16	static
adxl343.c:215:6:Accelerometer_WriteActivityThreshMg	8	static
adxl343.c:236:6:Accelerometer_ConfigureActInactControl	512	static
adxl343.c:287:6:Accelerometer_LinkActivityInactivity	8	static
adxl343.c:313:6:Accelerometer_SetInterrupt	16	static
adxl343.c:337:6:Accelerometer_ResetInterrupt	0	static
adxl343.c:347:6:Accelerometer_MapInterrupt	16	static
adxl343.c:372:9:Accelerometer_ReturnIrqFlags	0	static
adxl343.c:387:6:Accelerometer_CheckInterruptFlags	16	static
adxl343.c:415:6:ADXL343_InterruptActiveLow	8	static
adxl343.c:445:6:ADXL343_FullResolutionMode	8	static
adxl343.c:469:6:ADXL343_SPI3WireMode	8	static
adxl343.c:493:6:ADXL343_ConfigureFIFOMode	8	static
adxl343.c:529:6:ADXL_ConfigureAccelerationRange	8	static
adxl343.c:545:9:ADXL_TwosComplement_13bits	0	static
adxl343.c:569:6:ADXL_ReadAcceleration	24	static
adxl343.c:594:6:ADXL343_Init	8	static
