adxl343.c:58:6:Accelerometer_SetMeasurementMode	8	static
adxl343.c:85:6:Accelerometer_SetLowPowerMode	8	static
adxl343.c:113:6:Accelerometer_SetOutputDataRate	8	static
adxl343.c:135:6:Accelerometer_EnableAutoSleep	16	static
adxl343.c:161:6:Accelerometer_WriteInactivityThreshTime	8	static
adxl343.c:173:6:Accelerometer_WriteActivityThreshold	0	static
adxl343.c:186:6:Accelerometer_WriteInactivityThreshTimeMg	16	static
adxl343.c:211:6:Accelerometer_WriteActivityThreshMg	8	static
adxl343.c:233:6:Accelerometer_ConfigureActInactControl	512	static
adxl343.c:285:6:Accelerometer_LinkActivityInactivity	8	static
adxl343.c:311:6:Accelerometer_SetInterrupt	16	static
adxl343.c:336:6:Accelerometer_ResetInterrupt	0	static
adxl343.c:346:6:Accelerometer_MapInterrupt	16	static
adxl343.c:372:9:Accelerometer_ReturnIrqFlags	0	static
adxl343.c:387:6:Accelerometer_CheckInterruptFlags	16	static
adxl343.c:411:6:ADXL343_InterruptActiveLow	8	static
adxl343.c:435:6:ADXL343_SPI3WireMode	8	static
adxl343.c:460:6:ADXL343_ConfigureFIFOMode	8	static
adxl343.c:498:6:ADXL343_Init	528	static
