bluenrg1_gatt_aci.c:25:12:aci_gatt_init	40	static
bluenrg1_gatt_aci.c:41:12:aci_gatt_add_service	328	static
bluenrg1_gatt_aci.c:90:12:aci_gatt_include_service	328	static
bluenrg1_gatt_aci.c:137:12:aci_gatt_add_char	336	static
bluenrg1_gatt_aci.c:209:12:aci_gatt_add_char_desc	344	static
bluenrg1_gatt_aci.c:293:12:aci_gatt_update_char_value	320	static
bluenrg1_gatt_aci.c:331:12:aci_gatt_del_char	312	static
bluenrg1_gatt_aci.c:357:12:aci_gatt_del_service	312	static
bluenrg1_gatt_aci.c:380:12:aci_gatt_del_include_service	312	static
bluenrg1_gatt_aci.c:406:12:aci_gatt_set_event_mask	312	static
bluenrg1_gatt_aci.c:429:12:aci_gatt_exchange_config	312	static
bluenrg1_gatt_aci.c:453:12:aci_att_find_info_req	320	static
bluenrg1_gatt_aci.c:483:12:aci_att_find_by_type_value_req	320	static
bluenrg1_gatt_aci.c:525:12:aci_att_read_by_type_req	328	static
bluenrg1_gatt_aci.c:570:12:aci_att_read_by_group_type_req	328	static
bluenrg1_gatt_aci.c:615:12:aci_att_prepare_write_req	320	static
bluenrg1_gatt_aci.c:654:12:aci_att_execute_write_req	312	static
bluenrg1_gatt_aci.c:681:12:aci_gatt_disc_all_primary_services	312	static
bluenrg1_gatt_aci.c:705:12:aci_gatt_disc_primary_service_by_uuid	320	static
bluenrg1_gatt_aci.c:744:12:aci_gatt_find_included_services	320	static
bluenrg1_gatt_aci.c:774:12:aci_gatt_disc_all_char_of_service	320	static
bluenrg1_gatt_aci.c:804:12:aci_gatt_disc_char_by_uuid	328	static
bluenrg1_gatt_aci.c:849:12:aci_gatt_disc_all_char_desc	320	static
bluenrg1_gatt_aci.c:879:12:aci_gatt_read_char_value	312	static
bluenrg1_gatt_aci.c:906:12:aci_gatt_read_using_char_uuid	328	static
bluenrg1_gatt_aci.c:951:12:aci_gatt_read_long_char_value	320	static
bluenrg1_gatt_aci.c:981:12:aci_gatt_read_multiple_char_value	320	static
bluenrg1_gatt_aci.c:1016:12:aci_gatt_write_char_value	328	static
bluenrg1_gatt_aci.c:1052:12:aci_gatt_write_long_char_value	320	static
bluenrg1_gatt_aci.c:1091:12:aci_gatt_write_char_reliable	320	static
bluenrg1_gatt_aci.c:1130:12:aci_gatt_write_long_char_desc	320	static
bluenrg1_gatt_aci.c:1169:12:aci_gatt_read_long_char_desc	320	static
bluenrg1_gatt_aci.c:1199:12:aci_gatt_write_char_desc	328	static
bluenrg1_gatt_aci.c:1235:12:aci_gatt_read_char_desc	312	static
bluenrg1_gatt_aci.c:1262:12:aci_gatt_write_without_resp	328	static
bluenrg1_gatt_aci.c:1297:12:aci_gatt_signed_write_without_resp	328	static
bluenrg1_gatt_aci.c:1332:12:aci_gatt_confirm_indication	312	static
bluenrg1_gatt_aci.c:1355:12:aci_gatt_write_resp	320	static
bluenrg1_gatt_aci.c:1396:12:aci_gatt_allow_read	312	static
bluenrg1_gatt_aci.c:1419:12:aci_gatt_set_security_permission	320	static
bluenrg1_gatt_aci.c:1448:12:aci_gatt_set_desc_value	320	static
bluenrg1_gatt_aci.c:1489:12:aci_gatt_read_handle_value	456	static
bluenrg1_gatt_aci.c:1525:12:aci_gatt_update_char_value_ext	320	static
bluenrg1_gatt_aci.c:1572:12:aci_gatt_deny_read	312	static
bluenrg1_gatt_aci.c:1598:12:aci_gatt_set_access_permission	320	static
