bluenrg1_gap_aci.c:25:12:aci_gap_set_non_discoverable	40	static
bluenrg1_gap_aci.c:41:12:aci_gap_set_limited_discoverable	328	static
bluenrg1_gap_aci.c:106:12:aci_gap_set_discoverable	328	static
bluenrg1_gap_aci.c:170:12:aci_gap_set_direct_connectable	320	static
bluenrg1_gap_aci.c:208:12:aci_gap_set_io_capability	312	static
bluenrg1_gap_aci.c:231:12:aci_gap_set_authentication_requirement	320	static
bluenrg1_gap_aci.c:278:12:aci_gap_set_authorization_requirement	312	static
bluenrg1_gap_aci.c:304:12:aci_gap_pass_key_resp	312	static
bluenrg1_gap_aci.c:330:12:aci_gap_authorization_resp	312	static
bluenrg1_gap_aci.c:356:12:aci_gap_init	328	static
bluenrg1_gap_aci.c:392:12:aci_gap_set_non_connectable	312	static
bluenrg1_gap_aci.c:418:12:aci_gap_set_undirected_connectable	320	static
bluenrg1_gap_aci.c:450:12:aci_gap_slave_security_req	312	static
bluenrg1_gap_aci.c:474:12:aci_gap_update_adv_data	312	static
bluenrg1_gap_aci.c:503:12:aci_gap_delete_ad_type	312	static
bluenrg1_gap_aci.c:526:12:aci_gap_get_security_level	320	static
bluenrg1_gap_aci.c:554:12:aci_gap_set_event_mask	312	static
bluenrg1_gap_aci.c:577:12:aci_gap_configure_whitelist	40	static
bluenrg1_gap_aci.c:593:12:aci_gap_terminate	312	static
bluenrg1_gap_aci.c:620:12:aci_gap_clear_security_db	40	static
bluenrg1_gap_aci.c:636:12:aci_gap_allow_rebond	312	static
bluenrg1_gap_aci.c:659:12:aci_gap_start_limited_discovery_proc	320	static
bluenrg1_gap_aci.c:692:12:aci_gap_start_general_discovery_proc	320	static
bluenrg1_gap_aci.c:725:12:aci_gap_start_name_discovery_proc	328	static
bluenrg1_gap_aci.c:779:12:aci_gap_start_auto_connection_establish_proc	328	static
bluenrg1_gap_aci.c:839:12:aci_gap_start_general_connection_establish_proc	320	static
bluenrg1_gap_aci.c:878:12:aci_gap_start_selective_connection_establish_proc	328	static
bluenrg1_gap_aci.c:929:12:aci_gap_create_connection	328	static
bluenrg1_gap_aci.c:983:12:aci_gap_terminate_gap_proc	312	static
bluenrg1_gap_aci.c:1006:12:aci_gap_start_connection_update	320	static
bluenrg1_gap_aci.c:1048:12:aci_gap_send_pairing_req	312	static
bluenrg1_gap_aci.c:1075:12:aci_gap_resolve_private_addr	320	static
bluenrg1_gap_aci.c:1101:12:aci_gap_set_broadcast_mode	328	static
bluenrg1_gap_aci.c:1154:12:aci_gap_start_observation_proc	320	static
bluenrg1_gap_aci.c:1193:12:aci_gap_get_bonded_devices	168	static
bluenrg1_gap_aci.c:1213:12:aci_gap_is_device_bonded	312	static
bluenrg1_gap_aci.c:1239:12:aci_gap_numeric_comparison_value_confirm_yesno	312	static
bluenrg1_gap_aci.c:1265:12:aci_gap_passkey_input	312	static
bluenrg1_gap_aci.c:1291:12:aci_gap_get_oob_data	352	static
bluenrg1_gap_aci.c:1323:12:aci_gap_set_oob_data	320	static
bluenrg1_gap_aci.c:1361:12:aci_gap_add_devices_to_resolving_list	320	static
bluenrg1_gap_aci.c:1399:12:aci_gap_remove_bonded_device	312	static
