bluenrg1_hal_aci.c:26:12:aci_hal_get_fw_build_number	48	static
bluenrg1_hal_aci.c:44:12:aci_hal_get_firmware_details	64	static
bluenrg1_hal_aci.c:82:12:aci_hal_write_config_data	312	static
bluenrg1_hal_aci.c:114:12:aci_hal_read_config_data	448	static
bluenrg1_hal_aci.c:142:12:aci_hal_set_tx_power_level	312	static
bluenrg1_hal_aci.c:168:12:aci_hal_le_tx_test_packet_number	48	static
bluenrg1_hal_aci.c:186:12:aci_hal_tone_start	312	static
bluenrg1_hal_aci.c:212:12:aci_hal_tone_stop	40	static
bluenrg1_hal_aci.c:228:12:aci_hal_get_link_status	72	static
bluenrg1_hal_aci.c:248:12:aci_hal_set_radio_activity_mask	312	static
bluenrg1_hal_aci.c:271:12:aci_hal_get_anchor_period	56	static
bluenrg1_hal_aci.c:291:12:aci_hal_set_event_mask	312	static
bluenrg1_hal_aci.c:314:12:aci_hal_updater_start	40	static
bluenrg1_hal_aci.c:330:12:aci_hal_updater_reboot	40	static
bluenrg1_hal_aci.c:346:12:aci_hal_get_updater_version	48	static
bluenrg1_hal_aci.c:364:12:aci_hal_get_updater_bufsize	48	static
bluenrg1_hal_aci.c:382:12:aci_hal_updater_erase_blue_flag	40	static
bluenrg1_hal_aci.c:398:12:aci_hal_updater_reset_blue_flag	40	static
bluenrg1_hal_aci.c:414:12:aci_hal_updater_erase_sector	312	static
bluenrg1_hal_aci.c:437:12:aci_hal_updater_prog_data_blk	320	static
bluenrg1_hal_aci.c:469:12:aci_hal_updater_read_data_blk	448	static
bluenrg1_hal_aci.c:498:12:aci_hal_updater_calc_crc	328	static
bluenrg1_hal_aci.c:527:12:aci_hal_updater_hw_version	48	static
bluenrg1_hal_aci.c:545:12:aci_hal_transmitter_test_packets	320	static
